Component: ARM Compiler 6.15 Tool: armlink [5dd79300]

==============================================================================

Section Cross References

    main.o(.text.main) refers to processes.o(.text.OsInits) for OsInits
    main.o(.text.main) refers to queue.o(.text.xQueueCreateMutex) for xQueueCreateMutex
    main.o(.text.main) refers to tasks.o(.text.vTaskStartScheduler) for vTaskStartScheduler
    main.o(.text.main) refers to main.o(.bss..L_MergedGlobals) for [Anonymous Symbol]
    main.o(.text.main) refers to processes.o(.text.led1Task) for led1Task
    main.o(.text.main) refers to tasks.o(.text.xTaskCreate) for xTaskCreate
    main.o(.text.main) refers to processes.o(.text.led2Task) for led2Task
    main.o(.text.main) refers to processes.o(.text.CmderStatusPoll) for CmderStatusPoll
    main.o(.ARM.exidx.text.main) refers to main.o(.text.main) for [Anonymous Symbol]
    fcmd.o(.text) refers (Special) to _printf_percent.o(.ARM.Collect$$_printf_percent$$00000000) for _printf_percent
    fcmd.o(.text) refers (Special) to _printf_s.o(.ARM.Collect$$_printf_percent$$00000014) for _printf_s
    fcmd.o(.text) refers (Special) to _printf_str.o(.text) for _printf_str
    fcmd.o(.text.USART_Process) refers (Special) to _printf_percent.o(.ARM.Collect$$_printf_percent$$00000000) for _printf_percent
    fcmd.o(.text.USART_Process) refers (Special) to _printf_s.o(.ARM.Collect$$_printf_percent$$00000014) for _printf_s
    fcmd.o(.text.USART_Process) refers (Special) to _printf_str.o(.text) for _printf_str
    fcmd.o(.text.USART_Process) refers to uart.o(.text._usart1_send_b) for _usart1_send_b
    fcmd.o(.text.USART_Process) refers to __2printf.o(.text) for __2printf
    fcmd.o(.text.USART_Process) refers to rt_memcpy_v6.o(.text) for __aeabi_memcpy
    fcmd.o(.text.USART_Process) refers to fcmd.o(.text.OUTLINED_FUNCTION_0) for OUTLINED_FUNCTION_0
    fcmd.o(.text.USART_Process) refers to fcmd.o(.bss..L_MergedGlobals) for [Anonymous Symbol]
    fcmd.o(.text.USART_Process) refers to main.o(.bss.CmdStatus) for CmdStatus
    fcmd.o(.ARM.exidx.text.USART_Process) refers (Special) to _printf_percent.o(.ARM.Collect$$_printf_percent$$00000000) for _printf_percent
    fcmd.o(.ARM.exidx.text.USART_Process) refers (Special) to _printf_s.o(.ARM.Collect$$_printf_percent$$00000014) for _printf_s
    fcmd.o(.ARM.exidx.text.USART_Process) refers (Special) to _printf_str.o(.text) for _printf_str
    fcmd.o(.ARM.exidx.text.USART_Process) refers to fcmd.o(.text.USART_Process) for [Anonymous Symbol]
    fcmd.o(.text.cmd_process_inits) refers (Special) to _printf_percent.o(.ARM.Collect$$_printf_percent$$00000000) for _printf_percent
    fcmd.o(.text.cmd_process_inits) refers (Special) to _printf_s.o(.ARM.Collect$$_printf_percent$$00000014) for _printf_s
    fcmd.o(.text.cmd_process_inits) refers (Special) to _printf_str.o(.text) for _printf_str
    fcmd.o(.text.cmd_process_inits) refers to fcmd.o(.bss.Cmds) for [Anonymous Symbol]
    fcmd.o(.text.cmd_process_inits) refers to fcmd.o(.rodata._CMD_Time) for [Anonymous Symbol]
    fcmd.o(.text.cmd_process_inits) refers to processes.o(.text.time) for time
    fcmd.o(.text.cmd_process_inits) refers to fcmd.o(.text.add_command) for add_command
    fcmd.o(.text.cmd_process_inits) refers to fcmd.o(.rodata._CMD_wifi) for [Anonymous Symbol]
    fcmd.o(.text.cmd_process_inits) refers to processes.o(.text.WiFi) for WiFi
    fcmd.o(.text.cmd_process_inits) refers to fcmd.o(.rodata._CMD_wifilisten) for [Anonymous Symbol]
    fcmd.o(.text.cmd_process_inits) refers to processes.o(.text.Wifilisten) for Wifilisten
    fcmd.o(.text.cmd_process_inits) refers to fcmd.o(.rodata._CMD_help) for [Anonymous Symbol]
    fcmd.o(.text.cmd_process_inits) refers to processes.o(.text.Help) for Help
    fcmd.o(.ARM.exidx.text.cmd_process_inits) refers (Special) to _printf_percent.o(.ARM.Collect$$_printf_percent$$00000000) for _printf_percent
    fcmd.o(.ARM.exidx.text.cmd_process_inits) refers (Special) to _printf_s.o(.ARM.Collect$$_printf_percent$$00000014) for _printf_s
    fcmd.o(.ARM.exidx.text.cmd_process_inits) refers (Special) to _printf_str.o(.text) for _printf_str
    fcmd.o(.ARM.exidx.text.cmd_process_inits) refers to fcmd.o(.text.cmd_process_inits) for [Anonymous Symbol]
    fcmd.o(.text.add_command) refers (Special) to _printf_percent.o(.ARM.Collect$$_printf_percent$$00000000) for _printf_percent
    fcmd.o(.text.add_command) refers (Special) to _printf_s.o(.ARM.Collect$$_printf_percent$$00000014) for _printf_s
    fcmd.o(.text.add_command) refers (Special) to _printf_str.o(.text) for _printf_str
    fcmd.o(.text.add_command) refers to fcmd.o(.bss.Cmds) for [Anonymous Symbol]
    fcmd.o(.text.add_command) refers to fcmd.o(.bss..L_MergedGlobals) for [Anonymous Symbol]
    fcmd.o(.ARM.exidx.text.add_command) refers (Special) to _printf_percent.o(.ARM.Collect$$_printf_percent$$00000000) for _printf_percent
[...]
    __arm_cp.0_0                             0x08000d5c   Number         4  system_stm32l4xx.o(.text.SystemInit)
    __arm_cp.0_1                             0x08000d60   Number         4  system_stm32l4xx.o(.text.SystemInit)
    __arm_cp.0_2                             0x08000d64   Number         4  system_stm32l4xx.o(.text.SystemInit)
    [Anonymous Symbol]                       0x08000d68   Section        0  uart.o(.text.USART1_Config)
    __arm_cp.0_1                             0x08000d7c   Number         4  uart.o(.text.USART1_Config)
    [Anonymous Symbol]                       0x08000d80   Section        0  processes.o(.text.USART1_IRQHandler)
    [Anonymous Symbol]                       0x08000d8c   Section        0  uart.o(.text.USART3_Config)
    __arm_cp.4_0                             0x08000da0   Number         4  uart.o(.text.USART3_Config)
    __arm_cp.4_1                             0x08000da4   Number         4  uart.o(.text.USART3_Config)
    [Anonymous Symbol]                       0x08000da8   Section        0  processes.o(.text.USART3_IRQHandler)
    __arm_cp.36_0                            0x08000db4   Number         4  processes.o(.text.USART3_IRQHandler)
    [Anonymous Symbol]                       0x08000db8   Section        0  fcmd.o(.text.USART_Process)
    __arm_cp.0_0                             0x08000e34   Number         4  fcmd.o(.text.USART_Process)
    __arm_cp.0_1                             0x08000e38   Number         4  fcmd.o(.text.USART_Process)
    __arm_cp.0_2                             0x08000e3c   Number         4  fcmd.o(.text.USART_Process)
    [Anonymous Symbol]                       0x08000e44   Section        0  processes.o(.text.Welcome)
    __arm_cp.23_0                            0x08000e68   Number         4  processes.o(.text.Welcome)
    [Anonymous Symbol]                       0x08000e6c   Section        0  processes.o(.text.WiFi)
    [Anonymous Symbol]                       0x08000e70   Section        0  processes.o(.text.Wifilisten)
    __arm_cp.5_1                             0x08000f10   Number         4  processes.o(.text.Wifilisten)
    __arm_cp.5_2                             0x08000f14   Number         4  processes.o(.text.Wifilisten)
    __arm_cp.5_3                             0x08000f18   Number         4  processes.o(.text.Wifilisten)
    [Anonymous Symbol]                       0x08000f34   Section        0  uart.o(.text._usart1_send_b)
    [Anonymous Symbol]                       0x08000f40   Section        0  uart.o(.text._usart1_send_s)
    __arm_cp.3_0                             0x08000f64   Number         4  uart.o(.text._usart1_send_s)
    [Anonymous Symbol]                       0x08000f68   Section        0  uart.o(.text._usart3_send_b)
    __arm_cp.5_0                             0x08000f74   Number         4  uart.o(.text._usart3_send_b)
    [Anonymous Symbol]                       0x08000f78   Section        0  fcmd.o(.text.add_command)
    [Anonymous Symbol]                       0x08000fac   Section        0  fcmd.o(.text.cmd_decode)
    __arm_cp.4_0                             0x08001004   Number         4  fcmd.o(.text.cmd_decode)
    [Anonymous Symbol]                       0x08001008   Section        0  fcmd.o(.text.cmd_entry)
    __arm_cp.3_0                             0x08001064   Number         4  fcmd.o(.text.cmd_entry)
    __arm_cp.3_1                             0x08001068   Number         4  fcmd.o(.text.cmd_entry)
    __arm_cp.3_3                             0x08001074   Number         4  fcmd.o(.text.cmd_entry)
    [Anonymous Symbol]                       0x08001078   Section        0  fcmd.o(.text.cmd_exit)
    __arm_cp.5_0                             0x08001098   Number         4  fcmd.o(.text.cmd_exit)
    __arm_cp.5_1                             0x0800109c   Number         4  fcmd.o(.text.cmd_exit)
    __arm_cp.5_2                             0x080010a0   Number         4  fcmd.o(.text.cmd_exit)
    [Anonymous Symbol]                       0x080010a4   Section        0  fcmd.o(.text.cmd_process_inits)
    __arm_cp.1_0                             0x080010cc   Number         4  fcmd.o(.text.cmd_process_inits)
    __arm_cp.1_1                             0x080010d0   Number         4  fcmd.o(.text.cmd_process_inits)
    __arm_cp.1_2                             0x080010d4   Number         4  fcmd.o(.text.cmd_process_inits)
    __arm_cp.1_3                             0x080010d8   Number         4  fcmd.o(.text.cmd_process_inits)
    __arm_cp.1_4                             0x080010dc   Number         4  fcmd.o(.text.cmd_process_inits)
    __arm_cp.1_5                             0x080010e0   Number         4  fcmd.o(.text.cmd_process_inits)
    __arm_cp.1_6                             0x080010e4   Number         4  fcmd.o(.text.cmd_process_inits)
    __arm_cp.1_7                             0x080010e8   Number         4  fcmd.o(.text.cmd_process_inits)
    __arm_cp.1_8                             0x080010ec   Number         4  fcmd.o(.text.cmd_process_inits)
    __arm_cp.1_9                             0x080010f0   Number         4  fcmd.o(.text.cmd_process_inits)
    [Anonymous Symbol]                       0x080010f4   Section        0  uart.o(.text.fputc)
    [Anonymous Symbol]                       0x080010f8   Section        0  processes.o(.text.led1Task)
    __arm_cp.7_0                             0x0800110c   Number         4  processes.o(.text.led1Task)
    [Anonymous Symbol]                       0x08001110   Section        0  processes.o(.text.led2Task)
    __arm_cp.8_0                             0x08001124   Number         4  processes.o(.text.led2Task)
    [Anonymous Symbol]                       0x08001128   Section        0  processes.o(.text.line)
    [Anonymous Symbol]                       0x08001160   Section        0  main.o(.text.main)
    __arm_cp.0_0                             0x080011b0   Number         4  main.o(.text.main)
    __arm_cp.0_1                             0x080011b4   Number         4  main.o(.text.main)
    __arm_cp.0_2                             0x080011b8   Number         4  main.o(.text.main)
    __arm_cp.0_3                             0x080011bc   Number         4  main.o(.text.main)
    __arm_cp.0_4                             0x080011c0   Number         4  main.o(.text.main)
    [Anonymous Symbol]                       0x080011c4   Section        0  processes.o(.text.nl)
    __arm_cp.3_0                             0x080011dc   Number         4  processes.o(.text.nl)
    prvAddCurrentTaskToDelayedList           0x080011e1   Thumb Code   104  tasks.o(.text.prvAddCurrentTaskToDelayedList)
    [Anonymous Symbol]                       0x080011e0   Section        0  tasks.o(.text.prvAddCurrentTaskToDelayedList)
    prvCheckForValidListAndQueue             0x08001249   Thumb Code    76  timers.o(.text.prvCheckForValidListAndQueue)
    [Anonymous Symbol]                       0x08001248   Section        0  timers.o(.text.prvCheckForValidListAndQueue)
    __arm_cp.1_0                             0x08001288   Number         4  timers.o(.text.prvCheckForValidListAndQueue)
    prvCopyDataFromQueue                     0x08001295   Thumb Code    36  queue.o(.text.prvCopyDataFromQueue)
    [Anonymous Symbol]                       0x08001294   Section        0  queue.o(.text.prvCopyDataFromQueue)
    prvCopyDataToQueue                       0x080012b9   Thumb Code   112  queue.o(.text.prvCopyDataToQueue)
    [Anonymous Symbol]                       0x080012b8   Section        0  queue.o(.text.prvCopyDataToQueue)
    prvDeleteTCB                             0x08001329   Thumb Code    20  tasks.o(.text.prvDeleteTCB)
    [Anonymous Symbol]                       0x08001328   Section        0  tasks.o(.text.prvDeleteTCB)
    prvIdleTask                              0x0800133d   Thumb Code    80  tasks.o(.text.prvIdleTask)
    [Anonymous Symbol]                       0x0800133c   Section        0  tasks.o(.text.prvIdleTask)
    __arm_cp.19_1                            0x08001388   Number         4  tasks.o(.text.prvIdleTask)
    prvInsertBlockIntoFreeList               0x0800138d   Thumb Code    72  heap_4.o(.text.prvInsertBlockIntoFreeList)
    [Anonymous Symbol]                       0x0800138c   Section        0  heap_4.o(.text.prvInsertBlockIntoFreeList)
    __arm_cp.1_0                             0x080013d0   Number         4  heap_4.o(.text.prvInsertBlockIntoFreeList)
    prvInsertTimerInActiveList               0x080013d5   Thumb Code    56  timers.o(.text.prvInsertTimerInActiveList)
    [Anonymous Symbol]                       0x080013d4   Section        0  timers.o(.text.prvInsertTimerInActiveList)
    prvIsQueueEmpty                          0x0800140d   Thumb Code    22  queue.o(.text.prvIsQueueEmpty)
    [Anonymous Symbol]                       0x0800140c   Section        0  queue.o(.text.prvIsQueueEmpty)
    prvPortStartFirstTask                    0x08001425   Thumb Code    40  port.o(.text.prvPortStartFirstTask)
    [Anonymous Symbol]                       0x08001424   Section        0  port.o(.text.prvPortStartFirstTask)
    prvResetNextTaskUnblockTime              0x0800144d   Thumb Code    28  tasks.o(.text.prvResetNextTaskUnblockTime)
    [Anonymous Symbol]                       0x0800144c   Section        0  tasks.o(.text.prvResetNextTaskUnblockTime)
    __arm_cp.3_0                             0x08001464   Number         4  tasks.o(.text.prvResetNextTaskUnblockTime)
    prvSampleTimeNow                         0x08001469   Thumb Code   148  timers.o(.text.prvSampleTimeNow)
    [Anonymous Symbol]                       0x08001468   Section        0  timers.o(.text.prvSampleTimeNow)
    __arm_cp.16_0                            0x080014f8   Number         4  timers.o(.text.prvSampleTimeNow)
    prvTaskExitError                         0x08001505   Thumb Code    48  port.o(.text.prvTaskExitError)
    [Anonymous Symbol]                       0x08001504   Section        0  port.o(.text.prvTaskExitError)
    __arm_cp.1_0                             0x08001530   Number         4  port.o(.text.prvTaskExitError)
    prvTimerTask                             0x08001535   Thumb Code   452  timers.o(.text.prvTimerTask)
    [Anonymous Symbol]                       0x08001534   Section        0  timers.o(.text.prvTimerTask)
    __arm_cp.2_0                             0x080016f0   Number         4  timers.o(.text.prvTimerTask)
    __arm_cp.2_1                             0x080016f4   Number         4  timers.o(.text.prvTimerTask)
    prvUnlockQueue                           0x080016f9   Thumb Code    98  queue.o(.text.prvUnlockQueue)
    [Anonymous Symbol]                       0x080016f8   Section        0  queue.o(.text.prvUnlockQueue)
    [Anonymous Symbol]                       0x0800175c   Section        0  heap_4.o(.text.pvPortMalloc)
    __arm_cp.0_1                             0x08001894   Number         4  heap_4.o(.text.pvPortMalloc)
    [Anonymous Symbol]                       0x08001898   Section        0  tasks.o(.text.pvTaskIncrementMutexHeldCount)
    [Anonymous Symbol]                       0x080018ac   Section        0  port.o(.text.pxPortInitialiseStack)
    __arm_cp.0_0                             0x080018cc   Number         4  port.o(.text.pxPortInitialiseStack)
    [Anonymous Symbol]                       0x080018d0   Section        0  processes.o(.text.time)
    __arm_cp.0_0                             0x08001920   Number         4  processes.o(.text.time)
    __arm_cp.0_1                             0x08001924   Number         4  processes.o(.text.time)
    [Anonymous Symbol]                       0x0800193c   Section        0  list.o(.text.uxListRemove)
    [Anonymous Symbol]                       0x0800195e   Section        0  list.o(.text.vListInitialise)
    [Anonymous Symbol]                       0x08001974   Section        0  list.o(.text.vListInitialiseItem)
    [Anonymous Symbol]                       0x0800197a   Section        0  list.o(.text.vListInsert)
    [Anonymous Symbol]                       0x080019a8   Section        0  list.o(.text.vListInsertEnd)
    vPortEnableVFP                           0x080019c5   Thumb Code    20  port.o(.text.vPortEnableVFP)
    [Anonymous Symbol]                       0x080019c4   Section        0  port.o(.text.vPortEnableVFP)
    [Anonymous Symbol]                       0x080019d8   Section        0  port.o(.text.vPortEnterCritical)
    [Anonymous Symbol]                       0x08001a10   Section        0  port.o(.text.vPortExitCritical)
    __arm_cp.9_0                             0x08001a38   Number         4  port.o(.text.vPortExitCritical)
    [Anonymous Symbol]                       0x08001a3c   Section        0  heap_4.o(.text.vPortFree)
    __arm_cp.2_0                             0x08001aac   Number         4  heap_4.o(.text.vPortFree)
    [Anonymous Symbol]                       0x08001ab0   Section        0  port.o(.text.vPortSetupTimerInterrupt)
    __arm_cp.4_0                             0x08001ad0   Number         4  port.o(.text.vPortSetupTimerInterrupt)
    __arm_cp.4_1                             0x08001ad4   Number         4  port.o(.text.vPortSetupTimerInterrupt)
    [Anonymous Symbol]                       0x08001ad8   Section        0  port.o(.text.vPortValidateInterruptPriority)
    __arm_cp.12_0                            0x08001b24   Number         4  port.o(.text.vPortValidateInterruptPriority)
    __arm_cp.12_2                            0x08001b28   Number         4  port.o(.text.vPortValidateInterruptPriority)
    [Anonymous Symbol]                       0x08001b2c   Section        0  queue.o(.text.vQueueAddToRegistry)
    __arm_cp.28_0                            0x08001b4c   Number         4  queue.o(.text.vQueueAddToRegistry)
    [Anonymous Symbol]                       0x08001b50   Section        0  queue.o(.text.vQueueWaitForMessageRestricted)
    [Anonymous Symbol]                       0x08001b90   Section        0  tasks.o(.text.vTaskDelay)
    __arm_cp.8_1                             0x08001bd4   Number         4  tasks.o(.text.vTaskDelay)
    [Anonymous Symbol]                       0x08001bd8   Section        0  tasks.o(.text.vTaskInternalSetTimeOutState)
    [Anonymous Symbol]                       0x08001be4   Section        0  tasks.o(.text.vTaskMissedYield)
    [Anonymous Symbol]                       0x08001bec   Section        0  tasks.o(.text.vTaskPlaceOnEventList)
    [Anonymous Symbol]                       0x08001c1c   Section        0  tasks.o(.text.vTaskPlaceOnEventListRestricted)
    __arm_cp.31_0                            0x08001c54   Number         4  tasks.o(.text.vTaskPlaceOnEventListRestricted)
    [Anonymous Symbol]                       0x08001c58   Section        0  tasks.o(.text.vTaskPriorityDisinheritAfterTimeout)
    [Anonymous Symbol]                       0x08001ce8   Section        0  tasks.o(.text.vTaskStartScheduler)
    __arm_cp.18_0                            0x08001d4c   Number         4  tasks.o(.text.vTaskStartScheduler)
    __arm_cp.18_1                            0x08001d50   Number         4  tasks.o(.text.vTaskStartScheduler)
    __arm_cp.18_3                            0x08001d5c   Number         4  tasks.o(.text.vTaskStartScheduler)
    [Anonymous Symbol]                       0x08001d60   Section        0  tasks.o(.text.vTaskSuspendAll)
    __tagsym$$used.0                         0x08001d6c   Number         0  tasks.o(.text.vTaskSwitchContext)
    [Anonymous Symbol]                       0x08001d6c   Section        0  tasks.o(.text.vTaskSwitchContext)
    __arm_cp.14_0                            0x08001dc4   Number         4  tasks.o(.text.vTaskSwitchContext)
    __arm_cp.14_1                            0x08001dc8   Number         4  tasks.o(.text.vTaskSwitchContext)
    [Anonymous Symbol]                       0x08001dcc   Section        0  port.o(.text.xPortStartScheduler)
    __arm_cp.3_0                             0x08001e98   Number         4  port.o(.text.xPortStartScheduler)
    __arm_cp.3_1                             0x08001e9c   Number         4  port.o(.text.xPortStartScheduler)
    __arm_cp.3_2                             0x08001ea0   Number         4  port.o(.text.xPortStartScheduler)
    __arm_cp.3_3                             0x08001ea4   Number         4  port.o(.text.xPortStartScheduler)
    __arm_cp.3_4                             0x08001ea8   Number         4  port.o(.text.xPortStartScheduler)
    __arm_cp.3_5                             0x08001eac   Number         4  port.o(.text.xPortStartScheduler)
    [Anonymous Symbol]                       0x08001eb0   Section        0  queue.o(.text.xQueueCreateMutex)
    [Anonymous Symbol]                       0x08001ed8   Section        0  queue.o(.text.xQueueGenericCreate)
    [Anonymous Symbol]                       0x08001f50   Section        0  queue.o(.text.xQueueGenericReset)
    [Anonymous Symbol]                       0x08001fc8   Section        0  queue.o(.text.xQueueGenericSend)
    __arm_cp.4_0                             0x0800213c   Number         4  queue.o(.text.xQueueGenericSend)
    [Anonymous Symbol]                       0x08002146   Section        0  queue.o(.text.xQueueGenericSendFromISR)
    [Anonymous Symbol]                       0x08002220   Section        0  queue.o(.text.xQueueReceive)
    __arm_cp.12_0                            0x08002350   Number         4  queue.o(.text.xQueueReceive)
    [Anonymous Symbol]                       0x0800235c   Section        0  queue.o(.text.xQueueSemaphoreTake)
    __arm_cp.6_0                             0x080024dc   Number         4  queue.o(.text.xQueueSemaphoreTake)
    [Anonymous Symbol]                       0x080024e8   Section        0  tasks.o(.text.xTaskCheckForTimeOut)
    [Anonymous Symbol]                       0x08002558   Section        0  tasks.o(.text.xTaskCreate)
    __arm_cp.0_0                             0x080026e0   Number         4  tasks.o(.text.xTaskCreate)
    __arm_cp.0_1                             0x080026e4   Number         4  tasks.o(.text.xTaskCreate)
    __arm_cp.0_2                             0x080026e8   Number         4  tasks.o(.text.xTaskCreate)
    __arm_cp.0_3                             0x080026ec   Number         4  tasks.o(.text.xTaskCreate)
    __arm_cp.0_4                             0x080026f0   Number         4  tasks.o(.text.xTaskCreate)
    [Anonymous Symbol]                       0x080026fc   Section        0  tasks.o(.text.xTaskGetSchedulerState)
    [Anonymous Symbol]                       0x08002714   Section        0  tasks.o(.text.xTaskGetTickCount)
    [Anonymous Symbol]                       0x0800271c   Section        0  tasks.o(.text.xTaskIncrementTick)
    [Anonymous Symbol]                       0x080027ec   Section        0  tasks.o(.text.xTaskPriorityDisinherit)
    __arm_cp.44_0                            0x08002878   Number         4  tasks.o(.text.xTaskPriorityDisinherit)
    [Anonymous Symbol]                       0x0800287c   Section        0  tasks.o(.text.xTaskPriorityInherit)
    [Anonymous Symbol]                       0x08002900   Section        0  tasks.o(.text.xTaskRemoveFromEventList)
    [Anonymous Symbol]                       0x08002958   Section        0  tasks.o(.text.xTaskResumeAll)
    __arm_cp.7_0                             0x08002a08   Number         4  tasks.o(.text.xTaskResumeAll)
    __arm_cp.7_1                             0x08002a0c   Number         4  tasks.o(.text.xTaskResumeAll)
    __arm_cp.7_2                             0x08002a10   Number         4  tasks.o(.text.xTaskResumeAll)
    [Anonymous Symbol]                       0x08002a14   Section        0  timers.o(.text.xTimerCreateTimerTask)
    __arm_cp.0_0                             0x08002a4c   Number         4  timers.o(.text.xTimerCreateTimerTask)
    __arm_cp.0_1                             0x08002a50   Number         4  timers.o(.text.xTimerCreateTimerTask)
    [Anonymous Symbol]                       0x08002a5c   Section        0  timers.o(.text.xTimerGenericCommand)
    __arm_cp.4_0                             0x08002ab0   Number         4  timers.o(.text.xTimerGenericCommand)
    i._is_digit                              0x08002ab4   Section        0  __printf_wp.o(i._is_digit)
    $v0                                      0x08002ac2   Number         0  fpinit.o(x$fpl$fpinit)
    x$fpl$fpinit                             0x08002ac2   Section       26  fpinit.o(x$fpl$fpinit)
    uc_hextab                                0x08002adc   Data          20  _printf_hex_int_ll_ptr.o(.constdata)
    .constdata                               0x08002adc   Section       40  _printf_hex_int_ll_ptr.o(.constdata)
    lc_hextab                                0x08002af0   Data          20  _printf_hex_int_ll_ptr.o(.constdata)
    maptable                                 0x08002b04   Data          17  __printf_flags_ss_wp.o(.constdata)
    .constdata                               0x08002b04   Section       17  __printf_flags_ss_wp.o(.constdata)
    CmdError_1                               0x08002b15   Data          21  fcmd.o(.rodata.CmdError_1)
    [Anonymous Symbol]                       0x08002b15   Section        0  fcmd.o(.rodata.CmdError_1)
    New_Line                                 0x08002b2a   Data           3  processes.o(.rodata.New_Line)
    [Anonymous Symbol]                       0x08002b2a   Section        0  processes.o(.rodata.New_Line)
    _CMD_Time                                0x08002b2d   Data           5  fcmd.o(.rodata._CMD_Time)
    [Anonymous Symbol]                       0x08002b2d   Section        0  fcmd.o(.rodata._CMD_Time)
    _CMD_help                                0x08002b32   Data           5  fcmd.o(.rodata._CMD_help)
    [Anonymous Symbol]                       0x08002b32   Section        0  fcmd.o(.rodata._CMD_help)
    _CMD_wifi                                0x08002b37   Data           5  fcmd.o(.rodata._CMD_wifi)
    [Anonymous Symbol]                       0x08002b37   Section        0  fcmd.o(.rodata._CMD_wifi)
    _CMD_wifilisten                          0x08002b3c   Data          11  fcmd.o(.rodata._CMD_wifilisten)
    [Anonymous Symbol]                       0x08002b3c   Section        0  fcmd.o(.rodata._CMD_wifilisten)
    wc_note                                  0x08002b4c   Data          16  processes.o(.rodata.wc_note)
    [Anonymous Symbol]                       0x08002b4c   Section        0  processes.o(.rodata.wc_note)
    uxCriticalNesting                        0x20000058   Data           4  port.o(.data.uxCriticalNesting)
    [Anonymous Symbol]                       0x20000058   Section        0  port.o(.data.uxCriticalNesting)
    .bss                                     0x20000060   Section       96  libspace.o(.bss)
    [Anonymous Symbol]                       0x200000c0   Section        0  main.o(.bss..L_MergedGlobals)
    CmdLenght                                0x200000c8   Data           1  fcmd.o(.bss..L_MergedGlobals)
    [Anonymous Symbol]                       0x200000c8   Section        0  fcmd.o(.bss..L_MergedGlobals)
    LastSuccessfullcmd                       0x200000c9   Data          32  fcmd.o(.bss..L_MergedGlobals)
    CmdBuffer                                0x200000e9   Data          32  fcmd.o(.bss..L_MergedGlobals)
    [Anonymous Symbol]                       0x2000010c   Section        0  tasks.o(.bss..L_MergedGlobals)
    uxTopReadyPriority                       0x20000110   Data           4  tasks.o(.bss..L_MergedGlobals)
    uxTaskNumber                             0x20000114   Data           4  tasks.o(.bss..L_MergedGlobals)
    uxDeletedTasksWaitingCleanUp             0x20000118   Data           4  tasks.o(.bss..L_MergedGlobals)
    uxCurrentNumberOfTasks                   0x2000011c   Data           4  tasks.o(.bss..L_MergedGlobals)
    xSchedulerRunning                        0x20000120   Data           4  tasks.o(.bss..L_MergedGlobals)
    uxSchedulerSuspended                     0x20000124   Data           4  tasks.o(.bss..L_MergedGlobals)
    xTickCount                               0x20000128   Data           4  tasks.o(.bss..L_MergedGlobals)
    pxDelayedTaskList                        0x2000012c   Data           4  tasks.o(.bss..L_MergedGlobals)
    pxOverflowDelayedTaskList                0x20000130   Data           4  tasks.o(.bss..L_MergedGlobals)
    xYieldPending                            0x20000134   Data           4  tasks.o(.bss..L_MergedGlobals)
    xIdleTaskHandle                          0x20000138   Data           4  tasks.o(.bss..L_MergedGlobals)
    xNextTaskUnblockTime                     0x2000013c   Data           4  tasks.o(.bss..L_MergedGlobals)
    xPendedTicks                             0x20000140   Data           4  tasks.o(.bss..L_MergedGlobals)
    xNumOfOverflows                          0x20000144   Data           4  tasks.o(.bss..L_MergedGlobals)
    xTasksWaitingTermination                 0x20000148   Data          20  tasks.o(.bss..L_MergedGlobals)
    xSuspendedTaskList                       0x2000015c   Data          20  tasks.o(.bss..L_MergedGlobals)
    xPendingReadyList                        0x20000170   Data          20  tasks.o(.bss..L_MergedGlobals)
    xTimerQueue                              0x20000184   Data           4  timers.o(.bss..L_MergedGlobals)
    [Anonymous Symbol]                       0x20000184   Section        0  timers.o(.bss..L_MergedGlobals)
    xTimerTaskHandle                         0x20000188   Data           4  timers.o(.bss..L_MergedGlobals)
    pxCurrentTimerList                       0x2000018c   Data           4  timers.o(.bss..L_MergedGlobals)
    pxOverflowTimerList                      0x20000190   Data           4  timers.o(.bss..L_MergedGlobals)
    prvSampleTimeNow.xLastTime               0x20000194   Data           4  timers.o(.bss..L_MergedGlobals)
    xActiveTimerList1                        0x20000198   Data          20  timers.o(.bss..L_MergedGlobals)
    xActiveTimerList2                        0x200001ac   Data          20  timers.o(.bss..L_MergedGlobals)
    xBlockAllocatedBit                       0x200001c0   Data           1  heap_4.o(.bss..L_MergedGlobals)
    [Anonymous Symbol]                       0x200001c0   Section        0  heap_4.o(.bss..L_MergedGlobals)
    pxEnd                                    0x200001c4   Data           4  heap_4.o(.bss..L_MergedGlobals)
    xFreeBytesRemaining                      0x200001c8   Data           4  heap_4.o(.bss..L_MergedGlobals)
    xMinimumEverFreeBytesRemaining           0x200001cc   Data           4  heap_4.o(.bss..L_MergedGlobals)
    xNumberOfSuccessfulAllocations           0x200001d0   Data           4  heap_4.o(.bss..L_MergedGlobals)
    xNumberOfSuccessfulFrees                 0x200001d4   Data           4  heap_4.o(.bss..L_MergedGlobals)
    xStart                                   0x200001d8   Data           8  heap_4.o(.bss..L_MergedGlobals)
    ucMaxSysCallPriority                     0x200001e0   Data           1  port.o(.bss..L_MergedGlobals)
    [Anonymous Symbol]                       0x200001e0   Section        0  port.o(.bss..L_MergedGlobals)
    ulMaxPRIGROUPValue                       0x200001e4   Data           4  port.o(.bss..L_MergedGlobals)
    xDelayedTaskList1                        0x200001e8   Data          20  tasks.o(.bss..L_MergedGlobals.1)
    [Anonymous Symbol]                       0x200001e8   Section        0  tasks.o(.bss..L_MergedGlobals.1)
    xDelayedTaskList2                        0x200001fc   Data          20  tasks.o(.bss..L_MergedGlobals.1)
    Cmds                                     0x20000214   Data         160  fcmd.o(.bss.Cmds)
    [Anonymous Symbol]                       0x20000214   Section        0  fcmd.o(.bss.Cmds)
    SysStatus.0                              0x200002b4   Data           1  fcmd.o(.bss.SysStatus.0)
    [Anonymous Symbol]                       0x200002b4   Section        0  fcmd.o(.bss.SysStatus.0)
    pxReadyTasksLists                        0x200002b8   Data         100  tasks.o(.bss.pxReadyTasksLists)
    [Anonymous Symbol]                       0x200002b8   Section        0  tasks.o(.bss.pxReadyTasksLists)
    ucHeap                                   0x2000031c   Data       76800  heap_4.o(.bss.ucHeap)
    [Anonymous Symbol]                       0x2000031c   Section        0  heap_4.o(.bss.ucHeap)
    Heap_Mem                                 0x20012f60   Data         512  startup_stm32l475xx.o(HEAP)
    HEAP                                     0x20012f60   Section      512  startup_stm32l475xx.o(HEAP)
    Stack_Mem                                0x20013160   Data        1024  startup_stm32l475xx.o(STACK)
    STACK                                    0x20013160   Section     1024  startup_stm32l475xx.o(STACK)
    __initial_sp                             0x20013560   Data           0  startup_stm32l475xx.o(STACK)

    Global Symbols

    Symbol Name                              Value     Ov Type        Size  Object(Section)

    BuildAttributes$$THM_ISAv4$E$P$D$K$B$S$7EM$VFPi3$EXTD16$VFPS$VFMA$PE$A:L22UL41UL21$X:L11$S22US41US21$IEEE1$IW$~IW$USESV6$~STKCKD$USESV7$~SHL$OTIME$ROPI$IEEEJ$EBA8$UX$STANDARDLIB$REQ8$PRES8$EABIv2 0x00000000   Number         0  anon$$obj.o ABSOLUTE
    _printf_flags                            0x00000000   Number         0  printf_stubs.o ABSOLUTE
    _printf_return_value                     0x00000000   Number         0  printf_stubs.o ABSOLUTE
    _printf_sizespec                         0x00000000   Number         0  printf_stubs.o ABSOLUTE
    _printf_widthprec                        0x00000000   Number         0  printf_stubs.o ABSOLUTE
    __ARM_exceptions_init                     - Undefined Weak Reference
    __alloca_initialize                       - Undefined Weak Reference
    __arm_preinit_                            - Undefined Weak Reference
    __cpp_initialize__aeabi_                  - Undefined Weak Reference
    __cxa_finalize                            - Undefined Weak Reference
    __sigvec_lookup                           - Undefined Weak Reference
    _atexit_init                              - Undefined Weak Reference
    _call_atexit_fns                          - Undefined Weak Reference
    _clock_init                               - Undefined Weak Reference
    _fp_trap_init                             - Undefined Weak Reference
    _fp_trap_shutdown                         - Undefined Weak Reference
    _get_lc_collate                           - Undefined Weak Reference
    _get_lc_monetary                          - Undefined Weak Reference
    _get_lc_time                              - Undefined Weak Reference
    _getenv_init                              - Undefined Weak Reference
    _handle_redirection                       - Undefined Weak Reference
    _init_alloc                               - Undefined Weak Reference
    _init_user_alloc                          - Undefined Weak Reference
    _initio                                   - Undefined Weak Reference
    _mutex_acquire                            - Undefined Weak Reference
    _mutex_release                            - Undefined Weak Reference
    _printf_mbtowc                            - Undefined Weak Reference
    _printf_wc                                - Undefined Weak Reference
    _rand_init                                - Undefined Weak Reference
    _signal_finish                            - Undefined Weak Reference
    _signal_init                              - Undefined Weak Reference
    _terminate_alloc                          - Undefined Weak Reference
    _terminate_user_alloc                     - Undefined Weak Reference
    _terminateio                              - Undefined Weak Reference
    __Vectors_Size                           0x00000188   Number         0  startup_stm32l475xx.o ABSOLUTE
    __Vectors                                0x08000000   Data           4  startup_stm32l475xx.o(RESET)
    __Vectors_End                            0x08000188   Data           0  startup_stm32l475xx.o(RESET)
    __main                                   0x08000189   Thumb Code     8  __main.o(!!!main)
    __scatterload                            0x08000191   Thumb Code     0  __scatter.o(!!!scatter)
    __scatterload_rt2                        0x08000191   Thumb Code    44  __scatter.o(!!!scatter)
    __scatterload_rt2_thumb_only             0x08000191   Thumb Code     0  __scatter.o(!!!scatter)
    __scatterload_null                       0x0800019f   Thumb Code     0  __scatter.o(!!!scatter)
    __scatterload_copy                       0x080001c5   Thumb Code    26  __scatter_copy.o(!!handler_copy)
    __scatterload_zeroinit                   0x080001e1   Thumb Code    28  __scatter_zi.o(!!handler_zi)
    _printf_d                                0x080001fd   Thumb Code     0  _printf_d.o(.ARM.Collect$$_printf_percent$$00000009)
    _printf_percent                          0x080001fd   Thumb Code     0  _printf_percent.o(.ARM.Collect$$_printf_percent$$00000000)
    _printf_x                                0x08000203   Thumb Code     0  _printf_x.o(.ARM.Collect$$_printf_percent$$0000000C)
    _printf_s                                0x08000209   Thumb Code     0  _printf_s.o(.ARM.Collect$$_printf_percent$$00000014)
    _printf_percent_end                      0x0800020f   Thumb Code     0  _printf_percent_end.o(.ARM.Collect$$_printf_percent$$00000017)
    __rt_lib_init                            0x08000213   Thumb Code     0  libinit.o(.ARM.Collect$$libinit$$00000000)
    __rt_lib_init_fp_1                       0x08000215   Thumb Code     0  libinit2.o(.ARM.Collect$$libinit$$00000001)
    __rt_lib_init_alloca_1                   0x08000219   Thumb Code     0  libinit2.o(.ARM.Collect$$libinit$$0000002E)
    __rt_lib_init_argv_1                     0x08000219   Thumb Code     0  libinit2.o(.ARM.Collect$$libinit$$0000002C)
    __rt_lib_init_atexit_1                   0x08000219   Thumb Code     0  libinit2.o(.ARM.Collect$$libinit$$0000001B)
    __rt_lib_init_clock_1                    0x08000219   Thumb Code     0  libinit2.o(.ARM.Collect$$libinit$$00000021)
    __rt_lib_init_cpp_1                      0x08000219   Thumb Code     0  libinit2.o(.ARM.Collect$$libinit$$00000032)
    __rt_lib_init_exceptions_1               0x08000219   Thumb Code     0  libinit2.o(.ARM.Collect$$libinit$$00000030)
    __rt_lib_init_fp_trap_1                  0x08000219   Thumb Code     0  libinit2.o(.ARM.Collect$$libinit$$0000001F)
    __rt_lib_init_getenv_1                   0x08000219   Thumb Code     0  libinit2.o(.ARM.Collect$$libinit$$00000023)
    __rt_lib_init_heap_1                     0x08000219   Thumb Code     0  libinit2.o(.ARM.Collect$$libinit$$0000000A)
    __rt_lib_init_lc_collate_1               0x08000219   Thumb Code     0  libinit2.o(.ARM.Collect$$libinit$$00000011)
    __rt_lib_init_lc_ctype_1                 0x08000219   Thumb Code     0  libinit2.o(.ARM.Collect$$libinit$$00000013)
    __rt_lib_init_lc_monetary_1              0x08000219   Thumb Code     0  libinit2.o(.ARM.Collect$$libinit$$00000015)
    __rt_lib_init_lc_numeric_1               0x08000219   Thumb Code     0  libinit2.o(.ARM.Collect$$libinit$$00000017)
    __rt_lib_init_lc_time_1                  0x08000219   Thumb Code     0  libinit2.o(.ARM.Collect$$libinit$$00000019)
    __rt_lib_init_preinit_1                  0x08000219   Thumb Code     0  libinit2.o(.ARM.Collect$$libinit$$00000004)
    __rt_lib_init_rand_1                     0x08000219   Thumb Code     0  libinit2.o(.ARM.Collect$$libinit$$0000000E)
    __rt_lib_init_return                     0x08000219   Thumb Code     0  libinit2.o(.ARM.Collect$$libinit$$00000033)
    __rt_lib_init_signal_1                   0x08000219   Thumb Code     0  libinit2.o(.ARM.Collect$$libinit$$0000001D)
    __rt_lib_init_stdio_1                    0x08000219   Thumb Code     0  libinit2.o(.ARM.Collect$$libinit$$00000025)
    __rt_lib_init_user_alloc_1               0x08000219   Thumb Code     0  libinit2.o(.ARM.Collect$$libinit$$0000000C)
    __rt_lib_shutdown                        0x0800021b   Thumb Code     0  libshutdown.o(.ARM.Collect$$libshutdown$$00000000)
    __rt_lib_shutdown_cpp_1                  0x0800021d   Thumb Code     0  libshutdown2.o(.ARM.Collect$$libshutdown$$00000002)
    __rt_lib_shutdown_fp_trap_1              0x0800021d   Thumb Code     0  libshutdown2.o(.ARM.Collect$$libshutdown$$00000007)
    __rt_lib_shutdown_heap_1                 0x0800021d   Thumb Code     0  libshutdown2.o(.ARM.Collect$$libshutdown$$0000000F)
    __rt_lib_shutdown_return                 0x0800021d   Thumb Code     0  libshutdown2.o(.ARM.Collect$$libshutdown$$00000010)
    __rt_lib_shutdown_signal_1               0x0800021d   Thumb Code     0  libshutdown2.o(.ARM.Collect$$libshutdown$$0000000A)
    __rt_lib_shutdown_stdio_1                0x0800021d   Thumb Code     0  libshutdown2.o(.ARM.Collect$$libshutdown$$00000004)
    __rt_lib_shutdown_user_alloc_1           0x0800021d   Thumb Code     0  libshutdown2.o(.ARM.Collect$$libshutdown$$0000000C)
    __rt_entry                               0x0800021f   Thumb Code     0  __rtentry.o(.ARM.Collect$$rtentry$$00000000)
    __rt_entry_presh_1                       0x0800021f   Thumb Code     0  __rtentry2.o(.ARM.Collect$$rtentry$$00000002)
    __rt_entry_sh                            0x0800021f   Thumb Code     0  __rtentry4.o(.ARM.Collect$$rtentry$$00000004)
    __rt_entry_li                            0x08000225   Thumb Code     0  __rtentry2.o(.ARM.Collect$$rtentry$$0000000A)
    __rt_entry_postsh_1                      0x08000225   Thumb Code     0  __rtentry2.o(.ARM.Collect$$rtentry$$00000009)
    __rt_entry_main                          0x08000229   Thumb Code     0  __rtentry2.o(.ARM.Collect$$rtentry$$0000000D)
    __rt_entry_postli_1                      0x08000229   Thumb Code     0  __rtentry2.o(.ARM.Collect$$rtentry$$0000000C)
    __rt_exit                                0x08000231   Thumb Code     0  rtexit.o(.ARM.Collect$$rtexit$$00000000)
    __rt_exit_ls                             0x08000233   Thumb Code     0  rtexit2.o(.ARM.Collect$$rtexit$$00000003)
    __rt_exit_prels_1                        0x08000233   Thumb Code     0  rtexit2.o(.ARM.Collect$$rtexit$$00000002)
    __rt_exit_exit                           0x08000237   Thumb Code     0  rtexit2.o(.ARM.Collect$$rtexit$$00000004)
    Reset_Handler                            0x0800023d   Thumb Code     8  startup_stm32l475xx.o(.text)
    NMI_Handler                              0x08000245   Thumb Code     2  startup_stm32l475xx.o(.text)
    HardFault_Handler                        0x08000247   Thumb Code     2  startup_stm32l475xx.o(.text)
    MemManage_Handler                        0x08000249   Thumb Code     2  startup_stm32l475xx.o(.text)
    BusFault_Handler                         0x0800024b   Thumb Code     2  startup_stm32l475xx.o(.text)
    UsageFault_Handler                       0x0800024d   Thumb Code     2  startup_stm32l475xx.o(.text)
    DebugMon_Handler                         0x08000251   Thumb Code     2  startup_stm32l475xx.o(.text)
    ADC1_2_IRQHandler                        0x08000257   Thumb Code     0  startup_stm32l475xx.o(.text)
    ADC3_IRQHandler                          0x08000257   Thumb Code     0  startup_stm32l475xx.o(.text)
    CAN1_RX0_IRQHandler                      0x08000257   Thumb Code     0  startup_stm32l475xx.o(.text)
    CAN1_RX1_IRQHandler                      0x08000257   Thumb Code     0  startup_stm32l475xx.o(.text)
    CAN1_SCE_IRQHandler                      0x08000257   Thumb Code     0  startup_stm32l475xx.o(.text)
    CAN1_TX_IRQHandler                       0x08000257   Thumb Code     0  startup_stm32l475xx.o(.text)
    COMP_IRQHandler                          0x08000257   Thumb Code     0  startup_stm32l475xx.o(.text)
    DFSDM1_FLT0_IRQHandler                   0x08000257   Thumb Code     0  startup_stm32l475xx.o(.text)
    DFSDM1_FLT1_IRQHandler                   0x08000257   Thumb Code     0  startup_stm32l475xx.o(.text)
    DFSDM1_FLT2_IRQHandler                   0x08000257   Thumb Code     0  startup_stm32l475xx.o(.text)
    DFSDM1_FLT3_IRQHandler                   0x08000257   Thumb Code     0  startup_stm32l475xx.o(.text)
    DMA1_Channel1_IRQHandler                 0x08000257   Thumb Code     0  startup_stm32l475xx.o(.text)
    DMA1_Channel2_IRQHandler                 0x08000257   Thumb Code     0  startup_stm32l475xx.o(.text)
    DMA1_Channel3_IRQHandler                 0x08000257   Thumb Code     0  startup_stm32l475xx.o(.text)
    DMA1_Channel4_IRQHandler                 0x08000257   Thumb Code     0  startup_stm32l475xx.o(.text)
    DMA1_Channel5_IRQHandler                 0x08000257   Thumb Code     0  startup_stm32l475xx.o(.text)
    DMA1_Channel6_IRQHandler                 0x08000257   Thumb Code     0  startup_stm32l475xx.o(.text)
    DMA1_Channel7_IRQHandler                 0x08000257   Thumb Code     0  startup_stm32l475xx.o(.text)
    DMA2_Channel1_IRQHandler                 0x08000257   Thumb Code     0  startup_stm32l475xx.o(.text)
    DMA2_Channel2_IRQHandler                 0x08000257   Thumb Code     0  startup_stm32l475xx.o(.text)
    DMA2_Channel3_IRQHandler                 0x08000257   Thumb Code     0  startup_stm32l475xx.o(.text)
    DMA2_Channel4_IRQHandler                 0x08000257   Thumb Code     0  startup_stm32l475xx.o(.text)
    DMA2_Channel5_IRQHandler                 0x08000257   Thumb Code     0  startup_stm32l475xx.o(.text)
    DMA2_Channel6_IRQHandler                 0x08000257   Thumb Code     0  startup_stm32l475xx.o(.text)
    DMA2_Channel7_IRQHandler                 0x08000257   Thumb Code     0  startup_stm32l475xx.o(.text)
    EXTI0_IRQHandler                         0x08000257   Thumb Code     0  startup_stm32l475xx.o(.text)
    EXTI2_IRQHandler                         0x08000257   Thumb Code     0  startup_stm32l475xx.o(.text)
    EXTI3_IRQHandler                         0x08000257   Thumb Code     0  startup_stm32l475xx.o(.text)
    EXTI4_IRQHandler                         0x08000257   Thumb Code     0  startup_stm32l475xx.o(.text)
    EXTI9_5_IRQHandler                       0x08000257   Thumb Code     0  startup_stm32l475xx.o(.text)
    FLASH_IRQHandler                         0x08000257   Thumb Code     0  startup_stm32l475xx.o(.text)
    FMC_IRQHandler                           0x08000257   Thumb Code     0  startup_stm32l475xx.o(.text)
    FPU_IRQHandler                           0x08000257   Thumb Code     0  startup_stm32l475xx.o(.text)
    I2C1_ER_IRQHandler                       0x08000257   Thumb Code     0  startup_stm32l475xx.o(.text)
    I2C1_EV_IRQHandler                       0x08000257   Thumb Code     0  startup_stm32l475xx.o(.text)
    I2C2_ER_IRQHandler                       0x08000257   Thumb Code     0  startup_stm32l475xx.o(.text)
    I2C2_EV_IRQHandler                       0x08000257   Thumb Code     0  startup_stm32l475xx.o(.text)
    I2C3_ER_IRQHandler                       0x08000257   Thumb Code     0  startup_stm32l475xx.o(.text)
    I2C3_EV_IRQHandler                       0x08000257   Thumb Code     0  startup_stm32l475xx.o(.text)
    LPTIM1_IRQHandler                        0x08000257   Thumb Code     0  startup_stm32l475xx.o(.text)
    LPTIM2_IRQHandler                        0x08000257   Thumb Code     0  startup_stm32l475xx.o(.text)
    LPUART1_IRQHandler                       0x08000257   Thumb Code     0  startup_stm32l475xx.o(.text)
    OTG_FS_IRQHandler                        0x08000257   Thumb Code     0  startup_stm32l475xx.o(.text)
    PVD_PVM_IRQHandler                       0x08000257   Thumb Code     0  startup_stm32l475xx.o(.text)
    QUADSPI_IRQHandler                       0x08000257   Thumb Code     0  startup_stm32l475xx.o(.text)
    RCC_IRQHandler                           0x08000257   Thumb Code     0  startup_stm32l475xx.o(.text)
    RNG_IRQHandler                           0x08000257   Thumb Code     0  startup_stm32l475xx.o(.text)
    RTC_Alarm_IRQHandler                     0x08000257   Thumb Code     0  startup_stm32l475xx.o(.text)
    RTC_WKUP_IRQHandler                      0x08000257   Thumb Code     0  startup_stm32l475xx.o(.text)
    SAI1_IRQHandler                          0x08000257   Thumb Code     0  startup_stm32l475xx.o(.text)
    SAI2_IRQHandler                          0x08000257   Thumb Code     0  startup_stm32l475xx.o(.text)
    SDMMC1_IRQHandler                        0x08000257   Thumb Code     0  startup_stm32l475xx.o(.text)
    SPI1_IRQHandler                          0x08000257   Thumb Code     0  startup_stm32l475xx.o(.text)
    SPI2_IRQHandler                          0x08000257   Thumb Code     0  startup_stm32l475xx.o(.text)
    SPI3_IRQHandler                          0x08000257   Thumb Code     0  startup_stm32l475xx.o(.text)
    SWPMI1_IRQHandler                        0x08000257   Thumb Code     0  startup_stm32l475xx.o(.text)
    TAMP_STAMP_IRQHandler                    0x08000257   Thumb Code     0  startup_stm32l475xx.o(.text)
    TIM1_BRK_TIM15_IRQHandler                0x08000257   Thumb Code     0  startup_stm32l475xx.o(.text)
    TIM1_CC_IRQHandler                       0x08000257   Thumb Code     0  startup_stm32l475xx.o(.text)
    TIM1_TRG_COM_TIM17_IRQHandler            0x08000257   Thumb Code     0  startup_stm32l475xx.o(.text)
    TIM1_UP_TIM16_IRQHandler                 0x08000257   Thumb Code     0  startup_stm32l475xx.o(.text)
    TIM2_IRQHandler                          0x08000257   Thumb Code     0  startup_stm32l475xx.o(.text)
    TIM3_IRQHandler                          0x08000257   Thumb Code     0  startup_stm32l475xx.o(.text)
    TIM4_IRQHandler                          0x08000257   Thumb Code     0  startup_stm32l475xx.o(.text)
    TIM5_IRQHandler                          0x08000257   Thumb Code     0  startup_stm32l475xx.o(.text)
    TIM6_DAC_IRQHandler                      0x08000257   Thumb Code     0  startup_stm32l475xx.o(.text)
    TIM7_IRQHandler                          0x08000257   Thumb Code     0  startup_stm32l475xx.o(.text)
    TIM8_BRK_IRQHandler                      0x08000257   Thumb Code     0  startup_stm32l475xx.o(.text)
    TIM8_CC_IRQHandler                       0x08000257   Thumb Code     0  startup_stm32l475xx.o(.text)
    TIM8_TRG_COM_IRQHandler                  0x08000257   Thumb Code     0  startup_stm32l475xx.o(.text)
    TIM8_UP_IRQHandler                       0x08000257   Thumb Code     0  startup_stm32l475xx.o(.text)
    TSC_IRQHandler                           0x08000257   Thumb Code     0  startup_stm32l475xx.o(.text)
    UART4_IRQHandler                         0x08000257   Thumb Code     0  startup_stm32l475xx.o(.text)
    UART5_IRQHandler                         0x08000257   Thumb Code     0  startup_stm32l475xx.o(.text)
    USART2_IRQHandler                        0x08000257   Thumb Code     0  startup_stm32l475xx.o(.text)
    WWDG_IRQHandler                          0x08000257   Thumb Code     0  startup_stm32l475xx.o(.text)
    __user_initial_stackheap                 0x08000259   Thumb Code     0  startup_stm32l475xx.o(.text)
    __2printf                                0x0800027d   Thumb Code    20  __2printf.o(.text)
    _printf_pre_padding                      0x08000295   Thumb Code    44  _printf_pad.o(.text)
    _printf_post_padding                     0x080002c1   Thumb Code    34  _printf_pad.o(.text)
    _printf_str                              0x080002e3   Thumb Code    82  _printf_str.o(.text)
    _printf_int_dec                          0x08000335   Thumb Code   104  _printf_dec.o(.text)
    _printf_longlong_hex                     0x080003ad   Thumb Code    86  _printf_hex_int_ll_ptr.o(.text)
    _printf_int_hex                          0x08000403   Thumb Code    28  _printf_hex_int_ll_ptr.o(.text)
    _printf_ll_hex                           0x0800041f   Thumb Code    12  _printf_hex_int_ll_ptr.o(.text)
    _printf_hex_ptr                          0x0800042b   Thumb Code    18  _printf_hex_int_ll_ptr.o(.text)
    __printf                                 0x08000441   Thumb Code   388  __printf_flags_ss_wp.o(.text)
    __aeabi_memcpy                           0x080005cf   Thumb Code     0  rt_memcpy_v6.o(.text)
    __rt_memcpy                              0x080005cf   Thumb Code   138  rt_memcpy_v6.o(.text)
    _memcpy_lastbytes                        0x08000635   Thumb Code     0  rt_memcpy_v6.o(.text)
    __aeabi_memset4                          0x08000659   Thumb Code    16  aeabi_memset4.o(.text)
    __aeabi_memset8                          0x08000659   Thumb Code     0  aeabi_memset4.o(.text)
    __aeabi_memclr4                          0x08000669   Thumb Code     0  rt_memclr_w.o(.text)
    __aeabi_memclr8                          0x08000669   Thumb Code     0  rt_memclr_w.o(.text)
    __rt_memclr_w                            0x08000669   Thumb Code    78  rt_memclr_w.o(.text)
    _memset_w                                0x0800066d   Thumb Code     0  rt_memclr_w.o(.text)
    __use_two_region_memory                  0x080006b7   Thumb Code     2  heapauxi.o(.text)
    __rt_heap_escrow$2region                 0x080006b9   Thumb Code     2  heapauxi.o(.text)
    __rt_heap_expand$2region                 0x080006bb   Thumb Code     2  heapauxi.o(.text)
    _printf_int_common                       0x080006bd   Thumb Code   178  _printf_intcommon.o(.text)
    _printf_char_common                      0x0800077b   Thumb Code    32  _printf_char_common.o(.text)
    _printf_cs_common                        0x080007a1   Thumb Code    20  _printf_char.o(.text)
    _printf_char                             0x080007b5   Thumb Code    16  _printf_char.o(.text)
    _printf_string                           0x080007c5   Thumb Code     8  _printf_char.o(.text)
    _printf_char_file                        0x080007cd   Thumb Code    32  _printf_char_file.o(.text)
    __aeabi_memcpy4                          0x080007f1   Thumb Code     0  rt_memcpy_w.o(.text)
    __aeabi_memcpy8                          0x080007f1   Thumb Code     0  rt_memcpy_w.o(.text)
    __rt_memcpy_w                            0x080007f1   Thumb Code   100  rt_memcpy_w.o(.text)
    _memcpy_lastbytes_aligned                0x08000839   Thumb Code     0  rt_memcpy_w.o(.text)
    ferror                                   0x08000855   Thumb Code     8  ferror.o(.text)
    __user_setup_stackheap                   0x0800085d   Thumb Code    74  sys_stackheap_outer.o(.text)
    exit                                     0x080008a7   Thumb Code    18  exit.o(.text)
    __user_libspace                          0x080008b9   Thumb Code     8  libspace.o(.text)
    __user_perproc_libspace                  0x080008b9   Thumb Code     0  libspace.o(.text)
    __user_perthread_libspace                0x080008b9   Thumb Code     0  libspace.o(.text)
    _sys_exit                                0x080008c1   Thumb Code     8  sys_exit.o(.text)
    __I$use$semihosting                      0x080008cd   Thumb Code     0  use_no_semi.o(.text)
    __use_no_semihosting_swi                 0x080008cd   Thumb Code     2  use_no_semi.o(.text)
    __semihosting_library_function           0x080008cf   Thumb Code     0  indicate_semi.o(.text)
    CmderStatusPoll                          0x080008d1   Thumb Code    24  processes.o(.text.CmderStatusPoll)
    EXTI15_10_IRQHandler                     0x080008e9   Thumb Code    52  processes.o(.text.EXTI15_10_IRQHandler)
    EXTI1_IRQHandler                         0x0800091d   Thumb Code    56  processes.o(.text.EXTI1_IRQHandler)
    GPIO_Config                              0x08000955   Thumb Code    88  gpio.o(.text.GPIO_Config)
    Help                                     0x080009ad   Thumb Code     2  processes.o(.text.Help)
    ISR_Config                               0x080009b1   Thumb Code   180  processes.o(.text.ISR_Config)
    LEDs_Init                                0x08000a65   Thumb Code   100  gpio.o(.text.LEDs_Init)
    OsInits                                  0x08000b87   Thumb Code    38  processes.o(.text.OsInits)
    PendSV_Handler                           0x08000bb1   Thumb Code   100  port.o(.text.PendSV_Handler)
    RCC_Config                               0x08000c2d   Thumb Code    88  processes.o(.text.RCC_Config)
    RTC_Config                               0x08000c85   Thumb Code    56  processes.o(.text.RTC_Config)
    SVC_Handler                              0x08000cc1   Thumb Code    36  port.o(.text.SVC_Handler)
    SysTick_Handler                          0x08000cf1   Thumb Code    44  port.o(.text.SysTick_Handler)
    SystemInit                               0x08000d1d   Thumb Code    76  system_stm32l4xx.o(.text.SystemInit)
    USART1_Config                            0x08000d69   Thumb Code    24  uart.o(.text.USART1_Config)
    USART1_IRQHandler                        0x08000d81   Thumb Code    12  processes.o(.text.USART1_IRQHandler)
    USART3_Config                            0x08000d8d   Thumb Code    28  uart.o(.text.USART3_Config)
    USART3_IRQHandler                        0x08000da9   Thumb Code    16  processes.o(.text.USART3_IRQHandler)
    USART_Process                            0x08000db9   Thumb Code   140  fcmd.o(.text.USART_Process)
    Welcome                                  0x08000e45   Thumb Code    40  processes.o(.text.Welcome)
    WiFi                                     0x08000e6d   Thumb Code     2  processes.o(.text.WiFi)
    Wifilisten                               0x08000e71   Thumb Code   196  processes.o(.text.Wifilisten)
    _usart1_send_b                           0x08000f35   Thumb Code    12  uart.o(.text._usart1_send_b)
    _usart1_send_s                           0x08000f41   Thumb Code    40  uart.o(.text._usart1_send_s)
    _usart3_send_b                           0x08000f69   Thumb Code    16  uart.o(.text._usart3_send_b)
    add_command                              0x08000f79   Thumb Code    52  fcmd.o(.text.add_command)
    cmd_decode                               0x08000fad   Thumb Code    92  fcmd.o(.text.cmd_decode)
    cmd_entry                                0x08001009   Thumb Code   112  fcmd.o(.text.cmd_entry)
    cmd_exit                                 0x08001079   Thumb Code    44  fcmd.o(.text.cmd_exit)
    cmd_process_inits                        0x080010a5   Thumb Code    80  fcmd.o(.text.cmd_process_inits)
    fputc                                    0x080010f5   Thumb Code     4  uart.o(.text.fputc)
    led1Task                                 0x080010f9   Thumb Code    24  processes.o(.text.led1Task)
    led2Task                                 0x08001111   Thumb Code    24  processes.o(.text.led2Task)
    line                                     0x08001129   Thumb Code    56  processes.o(.text.line)
    main                                     0x08001161   Thumb Code   100  main.o(.text.main)
    nl                                       0x080011c5   Thumb Code    28  processes.o(.text.nl)
    pvPortMalloc                             0x0800175d   Thumb Code   316  heap_4.o(.text.pvPortMalloc)
    pvTaskIncrementMutexHeldCount            0x08001899   Thumb Code    20  tasks.o(.text.pvTaskIncrementMutexHeldCount)
    pxPortInitialiseStack                    0x080018ad   Thumb Code    36  port.o(.text.pxPortInitialiseStack)
    time                                     0x080018d1   Thumb Code   108  processes.o(.text.time)
    uxListRemove                             0x0800193d   Thumb Code    34  list.o(.text.uxListRemove)
    vListInitialise                          0x0800195f   Thumb Code    22  list.o(.text.vListInitialise)
    vListInitialiseItem                      0x08001975   Thumb Code     6  list.o(.text.vListInitialiseItem)
    vListInsert                              0x0800197b   Thumb Code    46  list.o(.text.vListInsert)
    vListInsertEnd                           0x080019a9   Thumb Code    26  list.o(.text.vListInsertEnd)
    vPortEnterCritical                       0x080019d9   Thumb Code    56  port.o(.text.vPortEnterCritical)
    vPortExitCritical                        0x08001a11   Thumb Code    44  port.o(.text.vPortExitCritical)
    vPortFree                                0x08001a3d   Thumb Code   116  heap_4.o(.text.vPortFree)
    vPortSetupTimerInterrupt                 0x08001ab1   Thumb Code    40  port.o(.text.vPortSetupTimerInterrupt)
    vPortValidateInterruptPriority           0x08001ad9   Thumb Code    84  port.o(.text.vPortValidateInterruptPriority)
    vQueueAddToRegistry                      0x08001b2d   Thumb Code    36  queue.o(.text.vQueueAddToRegistry)
    vQueueWaitForMessageRestricted           0x08001b51   Thumb Code    64  queue.o(.text.vQueueWaitForMessageRestricted)
    vTaskDelay                               0x08001b91   Thumb Code    72  tasks.o(.text.vTaskDelay)
    vTaskInternalSetTimeOutState             0x08001bd9   Thumb Code    12  tasks.o(.text.vTaskInternalSetTimeOutState)
    vTaskMissedYield                         0x08001be5   Thumb Code     8  tasks.o(.text.vTaskMissedYield)
    vTaskPlaceOnEventList                    0x08001bed   Thumb Code    48  tasks.o(.text.vTaskPlaceOnEventList)
    vTaskPlaceOnEventListRestricted          0x08001c1d   Thumb Code    60  tasks.o(.text.vTaskPlaceOnEventListRestricted)
    vTaskPriorityDisinheritAfterTimeout      0x08001c59   Thumb Code   144  tasks.o(.text.vTaskPriorityDisinheritAfterTimeout)
    vTaskStartScheduler                      0x08001ce9   Thumb Code   120  tasks.o(.text.vTaskStartScheduler)
    vTaskSuspendAll                          0x08001d61   Thumb Code    12  tasks.o(.text.vTaskSuspendAll)
    vTaskSwitchContext                       0x08001d6d   Thumb Code    96  tasks.o(.text.vTaskSwitchContext)
    xPortStartScheduler                      0x08001dcd   Thumb Code   228  port.o(.text.xPortStartScheduler)
    xQueueCreateMutex                        0x08001eb1   Thumb Code    40  queue.o(.text.xQueueCreateMutex)
    xQueueGenericCreate                      0x08001ed9   Thumb Code   118  queue.o(.text.xQueueGenericCreate)
    xQueueGenericReset                       0x08001f51   Thumb Code   120  queue.o(.text.xQueueGenericReset)
    xQueueGenericSend                        0x08001fc9   Thumb Code   376  queue.o(.text.xQueueGenericSend)
    xQueueGenericSendFromISR                 0x08002147   Thumb Code   216  queue.o(.text.xQueueGenericSendFromISR)
    xQueueReceive                            0x08002221   Thumb Code   308  queue.o(.text.xQueueReceive)
    xQueueSemaphoreTake                      0x0800235d   Thumb Code   388  queue.o(.text.xQueueSemaphoreTake)
    xTaskCheckForTimeOut                     0x080024e9   Thumb Code   112  tasks.o(.text.xTaskCheckForTimeOut)
    xTaskCreate                              0x08002559   Thumb Code   412  tasks.o(.text.xTaskCreate)
    xTaskGetSchedulerState                   0x080026fd   Thumb Code    24  tasks.o(.text.xTaskGetSchedulerState)
    xTaskGetTickCount                        0x08002715   Thumb Code     8  tasks.o(.text.xTaskGetTickCount)
    xTaskIncrementTick                       0x0800271d   Thumb Code   208  tasks.o(.text.xTaskIncrementTick)
    xTaskPriorityDisinherit                  0x080027ed   Thumb Code   144  tasks.o(.text.xTaskPriorityDisinherit)
    xTaskPriorityInherit                     0x0800287d   Thumb Code   132  tasks.o(.text.xTaskPriorityInherit)
    xTaskRemoveFromEventList                 0x08002901   Thumb Code    88  tasks.o(.text.xTaskRemoveFromEventList)
    xTaskResumeAll                           0x08002959   Thumb Code   188  tasks.o(.text.xTaskResumeAll)
    xTimerCreateTimerTask                    0x08002a15   Thumb Code    72  timers.o(.text.xTimerCreateTimerTask)
    xTimerGenericCommand                     0x08002a5d   Thumb Code    88  timers.o(.text.xTimerGenericCommand)
    _is_digit                                0x08002ab5   Thumb Code    14  __printf_wp.o(i._is_digit)
    _fp_init                                 0x08002ac3   Thumb Code    26  fpinit.o(x$fpl$fpinit)
    __fplib_config_fpu_vfp                   0x08002adb   Thumb Code     0  fpinit.o(x$fpl$fpinit)
    __fplib_config_pureend_doubles           0x08002adb   Thumb Code     0  fpinit.o(x$fpl$fpinit)
    uxTopUsedPriority                        0x08002b48   Data           4  tasks.o(.rodata.uxTopUsedPriority)
    Region$$Table$$Base                      0x08002b5c   Number         0  anon$$obj.o(Region$$Table)
    Region$$Table$$Limit                     0x08002b7c   Number         0  anon$$obj.o(Region$$Table)
    SystemCoreClock                          0x20000000   Data           4  system_stm32l4xx.o(.data.SystemCoreClock)
    __stdout                                 0x20000004   Data          84  uart.o(.data.__stdout)
    __libspace_start                         0x20000060   Data          96  libspace.o(.bss)
    __temporary_stack_top$libspace           0x200000c0   Data           0  libspace.o(.bss)
    uartMutex                                0x200000c0   Data           4  main.o(.bss..L_MergedGlobals)
    CmdStatusMutex                           0x200000c4   Data           4  main.o(.bss..L_MergedGlobals)
    pxCurrentTCB                             0x2000010c   Data           4  tasks.o(.bss..L_MergedGlobals)
    CmdStatus                                0x20000210   Data           1  main.o(.bss.CmdStatus)
    WifiStatus                               0x200002b5   Data           1  main.o(.bss.WifiStatus)
    wificmdStatus                            0x20012f1c   Data           1  main.o(.bss.wificmdStatus)
    xQueueRegistry                           0x20012f20   Data          64  queue.o(.bss.xQueueRegistry)



==============================================================================

Memory Map of the image

  Image Entry point : 0x0800023d

  Load Region LR_1 (Base: 0x08000000, Size: 0x00002bd8, Max: 0xffffffff, ABSOLUTE)

    Execution Region ER_RO (Exec base: 0x08000000, Load base: 0x08000000, Size: 0x00002b7c, Max: 0xffffffff, ABSOLUTE)

    Exec Addr    Load Addr    Size         Type   Attr      Idx    E Section Name        Object

    0x08000000   0x08000000   0x00000188   Data   RO          642    RESET               startup_stm32l475xx.o
    0x08000188   0x08000188   0x00000008   Code   RO          740  * !!!main             c_w.l(__main.o)
    0x08000190   0x08000190   0x00000034   Code   RO         1030    !!!scatter          c_w.l(__scatter.o)
    0x080001c4   0x080001c4   0x0000001a   Code   RO         1032    !!handler_copy      c_w.l(__scatter_copy.o)
    0x080001de   0x080001de   0x00000002   PAD
    0x080001e0   0x080001e0   0x0000001c   Code   RO         1034    !!handler_zi        c_w.l(__scatter_zi.o)
    0x080001fc   0x080001fc   0x00000000   Code   RO          725    .ARM.Collect$$_printf_percent$$00000000  c_w.l(_printf_percent.o)
    0x080001fc   0x080001fc   0x00000006   Code   RO          724    .ARM.Collect$$_printf_percent$$00000009  c_w.l(_printf_d.o)
    0x08000202   0x08000202   0x00000006   Code   RO          723    .ARM.Collect$$_printf_percent$$0000000C  c_w.l(_printf_x.o)
    0x08000208   0x08000208   0x00000006   Code   RO          722    .ARM.Collect$$_printf_percent$$00000014  c_w.l(_printf_s.o)
    0x0800020e   0x0800020e   0x00000004   Code   RO          778    .ARM.Collect$$_printf_percent$$00000017  c_w.l(_printf_percent_end.o)
    0x08000212   0x08000212   0x00000002   Code   RO          880    .ARM.Collect$$libinit$$00000000  c_w.l(libinit.o)
    0x08000214   0x08000214   0x00000004   Code   RO          898    .ARM.Collect$$libinit$$00000001  c_w.l(libinit2.o)
    0x08000218   0x08000218   0x00000000   Code   RO          901    .ARM.Collect$$libinit$$00000004  c_w.l(libinit2.o)
    0x08000218   0x08000218   0x00000000   Code   RO          904    .ARM.Collect$$libinit$$0000000A  c_w.l(libinit2.o)
    0x08000218   0x08000218   0x00000000   Code   RO          906    .ARM.Collect$$libinit$$0000000C  c_w.l(libinit2.o)
    0x08000218   0x08000218   0x00000000   Code   RO          908    .ARM.Collect$$libinit$$0000000E  c_w.l(libinit2.o)
    0x08000218   0x08000218   0x00000000   Code   RO          911    .ARM.Collect$$libinit$$00000011  c_w.l(libinit2.o)
    0x08000218   0x08000218   0x00000000   Code   RO          913    .ARM.Collect$$libinit$$00000013  c_w.l(libinit2.o)
    0x08000218   0x08000218   0x00000000   Code   RO          915    .ARM.Collect$$libinit$$00000015  c_w.l(libinit2.o)
    0x08000218   0x08000218   0x00000000   Code   RO          917    .ARM.Collect$$libinit$$00000017  c_w.l(libinit2.o)
    0x08000218   0x08000218   0x00000000   Code   RO          919    .ARM.Collect$$libinit$$00000019  c_w.l(libinit2.o)
    0x08000218   0x08000218   0x00000000   Code   RO          921    .ARM.Collect$$libinit$$0000001B  c_w.l(libinit2.o)
    0x08000218   0x08000218   0x00000000   Code   RO          923    .ARM.Collect$$libinit$$0000001D  c_w.l(libinit2.o)
    0x08000218   0x08000218   0x00000000   Code   RO          925    .ARM.Collect$$libinit$$0000001F  c_w.l(libinit2.o)
    0x08000218   0x08000218   0x00000000   Code   RO          927    .ARM.Collect$$libinit$$00000021  c_w.l(libinit2.o)
    0x08000218   0x08000218   0x00000000   Code   RO          929    .ARM.Collect$$libinit$$00000023  c_w.l(libinit2.o)
    0x08000218   0x08000218   0x00000000   Code   RO          931    .ARM.Collect$$libinit$$00000025  c_w.l(libinit2.o)
    0x08000218   0x08000218   0x00000000   Code   RO          935    .ARM.Collect$$libinit$$0000002C  c_w.l(libinit2.o)
    0x08000218   0x08000218   0x00000000   Code   RO          937    .ARM.Collect$$libinit$$0000002E  c_w.l(libinit2.o)
    0x08000218   0x08000218   0x00000000   Code   RO          939    .ARM.Collect$$libinit$$00000030  c_w.l(libinit2.o)
    0x08000218   0x08000218   0x00000000   Code   RO          941    .ARM.Collect$$libinit$$00000032  c_w.l(libinit2.o)
    0x08000218   0x08000218   0x00000002   Code   RO          942    .ARM.Collect$$libinit$$00000033  c_w.l(libinit2.o)
    0x0800021a   0x0800021a   0x00000002   Code   RO          966    .ARM.Collect$$libshutdown$$00000000  c_w.l(libshutdown.o)
    0x0800021c   0x0800021c   0x00000000   Code   RO          981    .ARM.Collect$$libshutdown$$00000002  c_w.l(libshutdown2.o)
    0x0800021c   0x0800021c   0x00000000   Code   RO          983    .ARM.Collect$$libshutdown$$00000004  c_w.l(libshutdown2.o)
    0x0800021c   0x0800021c   0x00000000   Code   RO          986    .ARM.Collect$$libshutdown$$00000007  c_w.l(libshutdown2.o)
    0x0800021c   0x0800021c   0x00000000   Code   RO          989    .ARM.Collect$$libshutdown$$0000000A  c_w.l(libshutdown2.o)
    0x0800021c   0x0800021c   0x00000000   Code   RO          991    .ARM.Collect$$libshutdown$$0000000C  c_w.l(libshutdown2.o)
    0x0800021c   0x0800021c   0x00000000   Code   RO          994    .ARM.Collect$$libshutdown$$0000000F  c_w.l(libshutdown2.o)
    0x0800021c   0x0800021c   0x00000002   Code   RO          995    .ARM.Collect$$libshutdown$$00000010  c_w.l(libshutdown2.o)
    0x0800021e   0x0800021e   0x00000000   Code   RO          742    .ARM.Collect$$rtentry$$00000000  c_w.l(__rtentry.o)
    0x0800021e   0x0800021e   0x00000000   Code   RO          799    .ARM.Collect$$rtentry$$00000002  c_w.l(__rtentry2.o)
    0x0800021e   0x0800021e   0x00000006   Code   RO          811    .ARM.Collect$$rtentry$$00000004  c_w.l(__rtentry4.o)
    0x08000224   0x08000224   0x00000000   Code   RO          801    .ARM.Collect$$rtentry$$00000009  c_w.l(__rtentry2.o)
    0x08000224   0x08000224   0x00000004   Code   RO          802    .ARM.Collect$$rtentry$$0000000A  c_w.l(__rtentry2.o)
    0x08000228   0x08000228   0x00000000   Code   RO          804    .ARM.Collect$$rtentry$$0000000C  c_w.l(__rtentry2.o)
    0x08000228   0x08000228   0x00000008   Code   RO          805    .ARM.Collect$$rtentry$$0000000D  c_w.l(__rtentry2.o)
    0x08000230   0x08000230   0x00000002   Code   RO          889    .ARM.Collect$$rtexit$$00000000  c_w.l(rtexit.o)
    0x08000232   0x08000232   0x00000000   Code   RO          944    .ARM.Collect$$rtexit$$00000002  c_w.l(rtexit2.o)
    0x08000232   0x08000232   0x00000004   Code   RO          945    .ARM.Collect$$rtexit$$00000003  c_w.l(rtexit2.o)
    0x08000236   0x08000236   0x00000006   Code   RO          946    .ARM.Collect$$rtexit$$00000004  c_w.l(rtexit2.o)
    0x0800023c   0x0800023c   0x00000040   Code   RO          643  * .text               startup_stm32l475xx.o
    0x0800027c   0x0800027c   0x00000018   Code   RO          669    .text               c_w.l(__2printf.o)
    0x08000294   0x08000294   0x0000004e   Code   RO          675    .text               c_w.l(_printf_pad.o)
    0x080002e2   0x080002e2   0x00000052   Code   RO          677    .text               c_w.l(_printf_str.o)
    0x08000334   0x08000334   0x00000078   Code   RO          679    .text               c_w.l(_printf_dec.o)
    0x080003ac   0x080003ac   0x00000094   Code   RO          699    .text               c_w.l(_printf_hex_int_ll_ptr.o)
    0x08000440   0x08000440   0x0000018e   Code   RO          719    .text               c_w.l(__printf_flags_ss_wp.o)
    0x080005ce   0x080005ce   0x0000008a   Code   RO          728    .text               c_w.l(rt_memcpy_v6.o)
    0x08000658   0x08000658   0x00000010   Code   RO          732    .text               c_w.l(aeabi_memset4.o)
    0x08000668   0x08000668   0x0000004e   Code   RO          736    .text               c_w.l(rt_memclr_w.o)
    0x080006b6   0x080006b6   0x00000006   Code   RO          738    .text               c_w.l(heapauxi.o)
    0x080006bc   0x080006bc   0x000000b2   Code   RO          745    .text               c_w.l(_printf_intcommon.o)
    0x0800076e   0x0800076e   0x00000002   PAD
    0x08000770   0x08000770   0x00000030   Code   RO          749    .text               c_w.l(_printf_char_common.o)
    0x080007a0   0x080007a0   0x0000002c   Code   RO          753    .text               c_w.l(_printf_char.o)
    0x080007cc   0x080007cc   0x00000024   Code   RO          755    .text               c_w.l(_printf_char_file.o)
    0x080007f0   0x080007f0   0x00000064   Code   RO          788    .text               c_w.l(rt_memcpy_w.o)
    0x08000854   0x08000854   0x00000008   Code   RO          826    .text               c_w.l(ferror.o)
    0x0800085c   0x0800085c   0x0000004a   Code   RO          832    .text               c_w.l(sys_stackheap_outer.o)
    0x080008a6   0x080008a6   0x00000012   Code   RO          873    .text               c_w.l(exit.o)
    0x080008b8   0x080008b8   0x00000008   Code   RO          886    .text               c_w.l(libspace.o)
    0x080008c0   0x080008c0   0x0000000c   Code   RO          956    .text               c_w.l(sys_exit.o)
    0x080008cc   0x080008cc   0x00000002   Code   RO          971    .text               c_w.l(use_no_semi.o)
    0x080008ce   0x080008ce   0x00000000   Code   RO          973    .text               c_w.l(indicate_semi.o)
    0x080008ce   0x080008ce   0x00000002   PAD
    0x080008d0   0x080008d0   0x00000018   Code   RO          526    .text.CmderStatusPoll  processes.o
    0x080008e8   0x080008e8   0x00000034   Code   RO          572    .text.EXTI15_10_IRQHandler  processes.o
    0x0800091c   0x0800091c   0x00000038   Code   RO          570    .text.EXTI1_IRQHandler  processes.o
    0x08000954   0x08000954   0x00000058   Code   RO          629    .text.GPIO_Config   gpio.o
    0x080009ac   0x080009ac   0x00000002   Code   RO          516    .text.Help          processes.o
    0x080009ae   0x080009ae   0x00000002   PAD
    0x080009b0   0x080009b0   0x000000b4   Code   RO          534    .text.ISR_Config    processes.o
    0x08000a64   0x08000a64   0x00000064   Code   RO          631    .text.LEDs_Init     gpio.o
    0x08000ac8   0x08000ac8   0x00000006   Code   RO           35    .text.OUTLINED_FUNCTION_0  fcmd.o
    0x08000ace   0x08000ace   0x00000006   Code   RO          166    .text.OUTLINED_FUNCTION_0  queue.o
    0x08000ad4   0x08000ad4   0x00000010   Code   RO          363    .text.OUTLINED_FUNCTION_0  tasks.o
    0x08000ae4   0x08000ae4   0x00000006   Code   RO          578    .text.OUTLINED_FUNCTION_0  processes.o
    0x08000aea   0x08000aea   0x00000014   Code   RO          616    .text.OUTLINED_FUNCTION_0  uart.o
    0x08000afe   0x08000afe   0x00000006   Code   RO          168    .text.OUTLINED_FUNCTION_1  queue.o
    0x08000b04   0x08000b04   0x00000008   Code   RO          365    .text.OUTLINED_FUNCTION_1  tasks.o
    0x08000b0c   0x08000b0c   0x00000006   Code   RO          383    .text.OUTLINED_FUNCTION_10  tasks.o
    0x08000b12   0x08000b12   0x00000006   Code   RO          170    .text.OUTLINED_FUNCTION_2  queue.o
    0x08000b18   0x08000b18   0x0000000a   Code   RO          582    .text.OUTLINED_FUNCTION_2  processes.o
    0x08000b22   0x08000b22   0x00000010   Code   RO          172    .text.OUTLINED_FUNCTION_3  queue.o
    0x08000b32   0x08000b32   0x00000008   Code   RO          369    .text.OUTLINED_FUNCTION_3  tasks.o
    0x08000b3a   0x08000b3a   0x00000006   Code   RO          174    .text.OUTLINED_FUNCTION_4  queue.o
    0x08000b40   0x08000b40   0x00000006   Code   RO          371    .text.OUTLINED_FUNCTION_4  tasks.o
    0x08000b46   0x08000b46   0x00000008   Code   RO          176    .text.OUTLINED_FUNCTION_5  queue.o
    0x08000b4e   0x08000b4e   0x00000008   Code   RO          178    .text.OUTLINED_FUNCTION_6  queue.o
    0x08000b56   0x08000b56   0x00000008   Code   RO          180    .text.OUTLINED_FUNCTION_7  queue.o
    0x08000b5e   0x08000b5e   0x0000000a   Code   RO          377    .text.OUTLINED_FUNCTION_7  tasks.o
    0x08000b68   0x08000b68   0x00000006   Code   RO          182    .text.OUTLINED_FUNCTION_8  queue.o
    0x08000b6e   0x08000b6e   0x0000000e   Code   RO          379    .text.OUTLINED_FUNCTION_8  tasks.o
    0x08000b7c   0x08000b7c   0x0000000a   Code   RO          381    .text.OUTLINED_FUNCTION_9  tasks.o
    0x08000b86   0x08000b86   0x00000026   Code   RO          548    .text.OsInits       processes.o
    0x08000bac   0x08000bac   0x00000004   PAD
    0x08000bb0   0x08000bb0   0x0000007a   Code   RO          488    .text.PendSV_Handler  port.o
    0x08000c2a   0x08000c2a   0x00000002   PAD
    0x08000c2c   0x08000c2c   0x00000058   Code   RO          532    .text.RCC_Config    processes.o
    0x08000c84   0x08000c84   0x00000038   Code   RO          536    .text.RTC_Config    processes.o
    0x08000cbc   0x08000cbc   0x00000004   PAD
    0x08000cc0   0x08000cc0   0x0000002e   Code   RO          472    .text.SVC_Handler   port.o
    0x08000cee   0x08000cee   0x00000002   PAD
    0x08000cf0   0x08000cf0   0x0000002c   Code   RO          490    .text.SysTick_Handler  port.o
    0x08000d1c   0x08000d1c   0x0000004c   Code   RO          650    .text.SystemInit    system_stm32l4xx.o
    0x08000d68   0x08000d68   0x00000018   Code   RO          598    .text.USART1_Config  uart.o
    0x08000d80   0x08000d80   0x0000000c   Code   RO          574    .text.USART1_IRQHandler  processes.o
    0x08000d8c   0x08000d8c   0x0000001c   Code   RO          606    .text.USART3_Config  uart.o
    0x08000da8   0x08000da8   0x00000010   Code   RO          576    .text.USART3_IRQHandler  processes.o
    0x08000db8   0x08000db8   0x0000008c   Code   RO           23    .text.USART_Process  fcmd.o
    0x08000e44   0x08000e44   0x00000028   Code   RO          550    .text.Welcome       processes.o
    0x08000e6c   0x08000e6c   0x00000002   Code   RO          512    .text.WiFi          processes.o
    0x08000e6e   0x08000e6e   0x00000002   PAD
    0x08000e70   0x08000e70   0x000000c4   Code   RO          514    .text.Wifilisten    processes.o
    0x08000f34   0x08000f34   0x0000000c   Code   RO          602    .text._usart1_send_b  uart.o
    0x08000f40   0x08000f40   0x00000028   Code   RO          604    .text._usart1_send_s  uart.o
    0x08000f68   0x08000f68   0x00000010   Code   RO          608    .text._usart3_send_b  uart.o
    0x08000f78   0x08000f78   0x00000034   Code   RO           27    .text.add_command   fcmd.o
    0x08000fac   0x08000fac   0x0000005c   Code   RO           31    .text.cmd_decode    fcmd.o
    0x08001008   0x08001008   0x00000070   Code   RO           29    .text.cmd_entry     fcmd.o
    0x08001078   0x08001078   0x0000002c   Code   RO           33    .text.cmd_exit      fcmd.o
    0x080010a4   0x080010a4   0x00000050   Code   RO           25    .text.cmd_process_inits  fcmd.o
    0x080010f4   0x080010f4   0x00000004   Code   RO          614    .text.fputc         uart.o
    0x080010f8   0x080010f8   0x00000018   Code   RO          518    .text.led1Task      processes.o
    0x08001110   0x08001110   0x00000018   Code   RO          520    .text.led2Task      processes.o
    0x08001128   0x08001128   0x00000038   Code   RO          560    .text.line          processes.o
    0x08001160   0x08001160   0x00000064   Code   RO            2    .text.main          main.o
    0x080011c4   0x080011c4   0x0000001c   Code   RO          510    .text.nl            processes.o
    0x080011e0   0x080011e0   0x00000068   Code   RO          265    .text.prvAddCurrentTaskToDelayedList  tasks.o
    0x08001248   0x08001248   0x0000004c   Code   RO          399    .text.prvCheckForValidListAndQueue  timers.o
    0x08001294   0x08001294   0x00000024   Code   RO          130    .text.prvCopyDataFromQueue  queue.o
    0x080012b8   0x080012b8   0x00000070   Code   RO          120    .text.prvCopyDataToQueue  queue.o
    0x08001328   0x08001328   0x00000014   Code   RO          257    .text.prvDeleteTCB  tasks.o
    0x0800133c   0x0800133c   0x00000050   Code   RO          291    .text.prvIdleTask   tasks.o
    0x0800138c   0x0800138c   0x00000048   Code   RO          446    .text.prvInsertBlockIntoFreeList  heap_4.o
    0x080013d4   0x080013d4   0x00000038   Code   RO          431    .text.prvInsertTimerInActiveList  timers.o
    0x0800140c   0x0800140c   0x00000016   Code   RO          132    .text.prvIsQueueEmpty  queue.o
    0x08001422   0x08001422   0x00000002   PAD
    0x08001424   0x08001424   0x00000028   Code   RO          480    .text.prvPortStartFirstTask  port.o
    0x0800144c   0x0800144c   0x0000001c   Code   RO          259    .text.prvResetNextTaskUnblockTime  tasks.o
    0x08001468   0x08001468   0x0000009a   Code   RO          429    .text.prvSampleTimeNow  timers.o
    0x08001502   0x08001502   0x00000002   PAD
    0x08001504   0x08001504   0x00000030   Code   RO          470    .text.prvTaskExitError  port.o
    0x08001534   0x08001534   0x000001c4   Code   RO          401    .text.prvTimerTask  timers.o
    0x080016f8   0x080016f8   0x00000062   Code   RO          122    .text.prvUnlockQueue  queue.o
    0x0800175a   0x0800175a   0x00000002   PAD
    0x0800175c   0x0800175c   0x0000013c   Code   RO          444    .text.pvPortMalloc  heap_4.o
    0x08001898   0x08001898   0x00000014   Code   RO          347    .text.pvTaskIncrementMutexHeldCount  tasks.o
    0x080018ac   0x080018ac   0x00000024   Code   RO          468    .text.pxPortInitialiseStack  port.o
    0x080018d0   0x080018d0   0x0000006c   Code   RO          504    .text.time          processes.o
    0x0800193c   0x0800193c   0x00000022   Code   RO           94    .text.uxListRemove  list.o
    0x0800195e   0x0800195e   0x00000016   Code   RO           86    .text.vListInitialise  list.o
    0x08001974   0x08001974   0x00000006   Code   RO           88    .text.vListInitialiseItem  list.o
    0x0800197a   0x0800197a   0x0000002e   Code   RO           92    .text.vListInsert   list.o
    0x080019a8   0x080019a8   0x0000001a   Code   RO           90    .text.vListInsertEnd  list.o
    0x080019c2   0x080019c2   0x00000002   PAD
    0x080019c4   0x080019c4   0x00000014   Code   RO          478    .text.vPortEnableVFP  port.o
    0x080019d8   0x080019d8   0x00000038   Code   RO          484    .text.vPortEnterCritical  port.o
    0x08001a10   0x08001a10   0x0000002c   Code   RO          486    .text.vPortExitCritical  port.o
    0x08001a3c   0x08001a3c   0x00000074   Code   RO          448    .text.vPortFree     heap_4.o
    0x08001ab0   0x08001ab0   0x00000028   Code   RO          476    .text.vPortSetupTimerInterrupt  port.o
    0x08001ad8   0x08001ad8   0x00000054   Code   RO          492    .text.vPortValidateInterruptPriority  port.o
    0x08001b2c   0x08001b2c   0x00000024   Code   RO          160    .text.vQueueAddToRegistry  queue.o
    0x08001b50   0x08001b50   0x00000040   Code   RO          164    .text.vQueueWaitForMessageRestricted  queue.o
    0x08001b90   0x08001b90   0x00000048   Code   RO          269    .text.vTaskDelay    tasks.o
    0x08001bd8   0x08001bd8   0x0000000c   Code   RO          323    .text.vTaskInternalSetTimeOutState  tasks.o
    0x08001be4   0x08001be4   0x00000008   Code   RO          327    .text.vTaskMissedYield  tasks.o
    0x08001bec   0x08001bec   0x00000030   Code   RO          311    .text.vTaskPlaceOnEventList  tasks.o
    0x08001c1c   0x08001c1c   0x0000003c   Code   RO          315    .text.vTaskPlaceOnEventListRestricted  tasks.o
    0x08001c58   0x08001c58   0x00000090   Code   RO          343    .text.vTaskPriorityDisinheritAfterTimeout  tasks.o
    0x08001ce8   0x08001ce8   0x00000078   Code   RO          289    .text.vTaskStartScheduler  tasks.o
    0x08001d60   0x08001d60   0x0000000c   Code   RO          263    .text.vTaskSuspendAll  tasks.o
    0x08001d6c   0x08001d6c   0x00000060   Code   RO          281    .text.vTaskSwitchContext  tasks.o
    0x08001dcc   0x08001dcc   0x000000e4   Code   RO          474    .text.xPortStartScheduler  port.o
    0x08001eb0   0x08001eb0   0x00000028   Code   RO          108    .text.xQueueCreateMutex  queue.o
    0x08001ed8   0x08001ed8   0x00000076   Code   RO          106    .text.xQueueGenericCreate  queue.o
    0x08001f4e   0x08001f4e   0x00000002   PAD
    0x08001f50   0x08001f50   0x00000078   Code   RO          104    .text.xQueueGenericReset  queue.o
    0x08001fc8   0x08001fc8   0x0000017e   Code   RO          112    .text.xQueueGenericSend  queue.o
    0x08002146   0x08002146   0x000000d8   Code   RO          124    .text.xQueueGenericSendFromISR  queue.o
    0x0800221e   0x0800221e   0x00000002   PAD
    0x08002220   0x08002220   0x0000013a   Code   RO          128    .text.xQueueReceive  queue.o
    0x0800235a   0x0800235a   0x00000002   PAD
    0x0800235c   0x0800235c   0x0000018a   Code   RO          116    .text.xQueueSemaphoreTake  queue.o
    0x080024e6   0x080024e6   0x00000002   PAD
    0x080024e8   0x080024e8   0x00000070   Code   RO          325    .text.xTaskCheckForTimeOut  tasks.o
    0x08002558   0x08002558   0x000001a2   Code   RO          253    .text.xTaskCreate   tasks.o
    0x080026fa   0x080026fa   0x00000002   PAD
    0x080026fc   0x080026fc   0x00000018   Code   RO          337    .text.xTaskGetSchedulerState  tasks.o
    0x08002714   0x08002714   0x00000008   Code   RO          297    .text.xTaskGetTickCount  tasks.o
    0x0800271c   0x0800271c   0x000000d0   Code   RO          295    .text.xTaskIncrementTick  tasks.o
    0x080027ec   0x080027ec   0x00000090   Code   RO          341    .text.xTaskPriorityDisinherit  tasks.o
    0x0800287c   0x0800287c   0x00000084   Code   RO          339    .text.xTaskPriorityInherit  tasks.o
    0x08002900   0x08002900   0x00000058   Code   RO          317    .text.xTaskRemoveFromEventList  tasks.o
    0x08002958   0x08002958   0x000000bc   Code   RO          267    .text.xTaskResumeAll  tasks.o
    0x08002a14   0x08002a14   0x00000048   Code   RO          397    .text.xTimerCreateTimerTask  timers.o
    0x08002a5c   0x08002a5c   0x00000058   Code   RO          405    .text.xTimerGenericCommand  timers.o
    0x08002ab4   0x08002ab4   0x0000000e   Code   RO          712    i._is_digit         c_w.l(__printf_wp.o)
    0x08002ac2   0x08002ac2   0x0000001a   Code   RO          954    x$fpl$fpinit        fz_wm.l(fpinit.o)
    0x08002adc   0x08002adc   0x00000028   Data   RO          700    .constdata          c_w.l(_printf_hex_int_ll_ptr.o)
    0x08002b04   0x08002b04   0x00000011   Data   RO          720    .constdata          c_w.l(__printf_flags_ss_wp.o)
    0x08002b15   0x08002b15   0x00000015   Data   RO           42    .rodata.CmdError_1  fcmd.o
    0x08002b2a   0x08002b2a   0x00000003   Data   RO          589    .rodata.New_Line    processes.o
    0x08002b2d   0x08002b2d   0x00000005   Data   RO           38    .rodata._CMD_Time   fcmd.o
    0x08002b32   0x08002b32   0x00000005   Data   RO           41    .rodata._CMD_help   fcmd.o
    0x08002b37   0x08002b37   0x00000005   Data   RO           39    .rodata._CMD_wifi   fcmd.o
    0x08002b3c   0x08002b3c   0x0000000b   Data   RO           40    .rodata._CMD_wifilisten  fcmd.o
    0x08002b47   0x08002b47   0x00000001   PAD
    0x08002b48   0x08002b48   0x00000004   Data   RO          385    .rodata.uxTopUsedPriority  tasks.o
    0x08002b4c   0x08002b4c   0x00000010   Data   RO          588    .rodata.wc_note     processes.o
    0x08002b5c   0x08002b5c   0x00000020   Data   RO         1029    Region$$Table       anon$$obj.o


    Execution Region ER_RW (Exec base: 0x20000000, Load base: 0x08002b7c, Size: 0x0000005c, Max: 0xffffffff, ABSOLUTE)

    Exec Addr    Load Addr    Size         Type   Attr      Idx    E Section Name        Object

    0x20000000   0x08002b7c   0x00000004   Data   RW          654    .data.SystemCoreClock  system_stm32l4xx.o
    0x20000004   0x08002b80   0x00000054   Data   RW          619    .data.__stdout      uart.o
    0x20000058   0x08002bd4   0x00000004   Data   RW          494    .data.uxCriticalNesting  port.o


    Execution Region ER_ZI (Exec base: 0x20000060, Load base: 0x08002bd8, Size: 0x00013500, Max: 0xffffffff, ABSOLUTE)

    Exec Addr    Load Addr    Size         Type   Attr      Idx    E Section Name        Object

    0x20000060        -       0x00000060   Zero   RW          887    .bss                c_w.l(libspace.o)
    0x200000c0        -       0x00000008   Zero   RW           16    .bss..L_MergedGlobals  main.o
    0x200000c8        -       0x00000041   Zero   RW           44    .bss..L_MergedGlobals  fcmd.o
    0x20000109   0x08002bd8   0x00000003   PAD
    0x2000010c        -       0x00000078   Zero   RW          387    .bss..L_MergedGlobals  tasks.o
    0x20000184        -       0x0000003c   Zero   RW          435    .bss..L_MergedGlobals  timers.o
    0x200001c0        -       0x00000020   Zero   RW          459    .bss..L_MergedGlobals  heap_4.o
    0x200001e0        -       0x00000008   Zero   RW          495    .bss..L_MergedGlobals  port.o
    0x200001e8        -       0x00000028   Zero   RW          388    .bss..L_MergedGlobals.1  tasks.o
    0x20000210        -       0x00000001   Zero   RW            4    .bss.CmdStatus      main.o
    0x20000211   0x08002bd8   0x00000003   PAD
    0x20000214        -       0x000000a0   Zero   RW           37    .bss.Cmds           fcmd.o
    0x200002b4        -       0x00000001   Zero   RW           43    .bss.SysStatus.0    fcmd.o
    0x200002b5        -       0x00000001   Zero   RW            5    .bss.WifiStatus     main.o
    0x200002b6   0x08002bd8   0x00000002   PAD
    0x200002b8        -       0x00000064   Zero   RW          386    .bss.pxReadyTasksLists  tasks.o
    0x2000031c        -       0x00012c00   Zero   RW          458    .bss.ucHeap         heap_4.o
    0x20012f1c        -       0x00000001   Zero   RW            6    .bss.wificmdStatus  main.o
    0x20012f1d   0x08002bd8   0x00000003   PAD
    0x20012f20        -       0x00000040   Zero   RW          184    .bss.xQueueRegistry  queue.o
    0x20012f60        -       0x00000200   Zero   RW          641    HEAP                startup_stm32l475xx.o
    0x20013160        -       0x00000400   Zero   RW          640    STACK               startup_stm32l475xx.o


==============================================================================

Image component sizes


      Code (inc. data)   RO Data    RW Data    ZI Data      Debug   Object Name

       526         92         47          0        226       3319   fcmd.o
       188         16          0          0          0       1041   gpio.o
       504         12          0          0      76832       4691   heap_4.o
       134          0          0          0          0       2151   list.o
       100         20          0          0         11       1282   main.o
       808         72          0          4          8       3826   port.o
      1018        224         19          0          0      15084   processes.o
      2022         16          0          0         64      19852   queue.o
        64         26        392          0       1536        840   startup_stm32l475xx.o
        76         12          0          4          0       3172   system_stm32l4xx.o
      2224         80          4          0        260      29238   tasks.o
       898         54          0          0         60      10842   timers.o
       144         20          0         84          0       2658   uart.o

    ----------------------------------------------------------------------
      8740        648        495         92      79008      97996   Object Totals
         0          0         32          0          0          0   (incl. Generated)
        34          4          1          0         11          0   (incl. Padding)

    ----------------------------------------------------------------------

      Code (inc. data)   RO Data    RW Data    ZI Data      Debug   Library Member Name

        24          4          0          0          0         84   __2printf.o
         8          0          0          0          0         68   __main.o
       398          4         17          0          0         92   __printf_flags_ss_wp.o
        14          0          0          0          0         68   __printf_wp.o
         0          0          0          0          0          0   __rtentry.o
        12          0          0          0          0          0   __rtentry2.o
         6          0          0          0          0          0   __rtentry4.o
        52          8          0          0          0          0   __scatter.o
        26          0          0          0          0          0   __scatter_copy.o
        28          0          0          0          0          0   __scatter_zi.o
        44          0          0          0          0        108   _printf_char.o
        48          6          0          0          0         96   _printf_char_common.o
        36          4          0          0          0         80   _printf_char_file.o
         6          0          0          0          0          0   _printf_d.o
       120         16          0          0          0         92   _printf_dec.o
       148          4         40          0          0        160   _printf_hex_int_ll_ptr.o
       178          0          0          0          0         88   _printf_intcommon.o
        78          0          0          0          0        108   _printf_pad.o
         0          0          0          0          0          0   _printf_percent.o
         4          0          0          0          0          0   _printf_percent_end.o
         6          0          0          0          0          0   _printf_s.o
        82          0          0          0          0         80   _printf_str.o
         6          0          0          0          0          0   _printf_x.o
        16          0          0          0          0         68   aeabi_memset4.o
        18          0          0          0          0         80   exit.o
         8          0          0          0          0         68   ferror.o
         6          0          0          0          0        152   heapauxi.o
         0          0          0          0          0          0   indicate_semi.o
         2          0          0          0          0          0   libinit.o
         6          0          0          0          0          0   libinit2.o
         2          0          0          0          0          0   libshutdown.o
         2          0          0          0          0          0   libshutdown2.o
         8          4          0          0         96         68   libspace.o
        78          0          0          0          0         80   rt_memclr_w.o
       138          0          0          0          0         68   rt_memcpy_v6.o
       100          0          0          0          0         80   rt_memcpy_w.o
         2          0          0          0          0          0   rtexit.o
        10          0          0          0          0          0   rtexit2.o
        12          4          0          0          0         68   sys_exit.o
        74          0          0          0          0         80   sys_stackheap_outer.o
         2          0          0          0          0         68   use_no_semi.o
        26          0          0          0          0        116   fpinit.o

    ----------------------------------------------------------------------
      1840         54         57          0         96       2120   Library Totals
         6          0          0          0          0          0   (incl. Padding)

    ----------------------------------------------------------------------

      Code (inc. data)   RO Data    RW Data    ZI Data      Debug   Library Name

      1808         54         57          0         96       2004   c_w.l
        26          0          0          0          0        116   fz_wm.l

    ----------------------------------------------------------------------
      1840         54         57          0         96       2120   Library Totals

    ----------------------------------------------------------------------

==============================================================================


      Code (inc. data)   RO Data    RW Data    ZI Data      Debug   

     10580        702        552         92      79104      98952   Grand Totals
     10580        702        552         92      79104      98952   ELF Image Totals
     10580        702        552         92          0          0   ROM Totals

==============================================================================

    Total RO  Size (Code + RO Data)                11132 (  10.87kB)
    Total RW  Size (RW Data + ZI Data)             79196 (  77.34kB)
    Total ROM Size (Code + RO Data + RW Data)      11224 (  10.96kB)

==============================================================================

