Component: ARM Compiler 6.15 Tool: armlink [5dd79300]

==============================================================================

Section Cross References

    main.o(.text) refers (Special) to _printf_hex_int_ll_ptr.o(.text) for _printf_longlong_hex
    main.o(.text) refers (Special) to _printf_percent.o(.ARM.Collect$$_printf_percent$$00000000) for _printf_percent
    main.o(.text) refers (Special) to _printf_x.o(.ARM.Collect$$_printf_percent$$0000000C) for _printf_x
    main.o(.text.main) refers (Special) to _printf_hex_int_ll_ptr.o(.text) for _printf_longlong_hex
    main.o(.text.main) refers (Special) to _printf_percent.o(.ARM.Collect$$_printf_percent$$00000000) for _printf_percent
    main.o(.text.main) refers (Special) to _printf_x.o(.ARM.Collect$$_printf_percent$$0000000C) for _printf_x
    main.o(.text.main) refers to main.o(.text.SystemClock_Config) for SystemClock_Config
    main.o(.text.main) refers to processes.o(.text.OsInits) for OsInits
    main.o(.text.main) refers to processes.o(.text.nl) for nl
    main.o(.text.main) refers to processes.o(.text.togglepin) for togglepin
    main.o(.text.main) refers to main.o(.text.mydelay) for mydelay
    main.o(.text.main) refers to main.o(.rodata.str1.1) for .L.str
    main.o(.text.main) refers to __2printf.o(.text) for __2printf
    main.o(.ARM.exidx.text.main) refers (Special) to _printf_hex_int_ll_ptr.o(.text) for _printf_longlong_hex
    main.o(.ARM.exidx.text.main) refers (Special) to _printf_percent.o(.ARM.Collect$$_printf_percent$$00000000) for _printf_percent
    main.o(.ARM.exidx.text.main) refers (Special) to _printf_x.o(.ARM.Collect$$_printf_percent$$0000000C) for _printf_x
    main.o(.ARM.exidx.text.main) refers to main.o(.text.main) for [Anonymous Symbol]
    main.o(.text.SystemClock_Config) refers (Special) to _printf_hex_int_ll_ptr.o(.text) for _printf_longlong_hex
    main.o(.text.SystemClock_Config) refers (Special) to _printf_percent.o(.ARM.Collect$$_printf_percent$$00000000) for _printf_percent
    main.o(.text.SystemClock_Config) refers (Special) to _printf_x.o(.ARM.Collect$$_printf_percent$$0000000C) for _printf_x
    main.o(.text.SystemClock_Config) refers to rt_memclr_w.o(.text) for __aeabi_memclr4
    main.o(.text.SystemClock_Config) refers to stm32l4xx_hal_rcc.o(.text.HAL_RCC_OscConfig) for HAL_RCC_OscConfig
    main.o(.text.SystemClock_Config) refers to stm32l4xx_hal_rcc.o(.text.HAL_RCC_ClockConfig) for HAL_RCC_ClockConfig
    main.o(.text.SystemClock_Config) refers to stm32l4xx_hal_pwr_ex.o(.text.HAL_PWREx_ControlVoltageScaling) for HAL_PWREx_ControlVoltageScaling
    main.o(.ARM.exidx.text.SystemClock_Config) refers (Special) to _printf_hex_int_ll_ptr.o(.text) for _printf_longlong_hex
    main.o(.ARM.exidx.text.SystemClock_Config) refers (Special) to _printf_percent.o(.ARM.Collect$$_printf_percent$$00000000) for _printf_percent
    main.o(.ARM.exidx.text.SystemClock_Config) refers (Special) to _printf_x.o(.ARM.Collect$$_printf_percent$$0000000C) for _printf_x
    main.o(.ARM.exidx.text.SystemClock_Config) refers to main.o(.text.SystemClock_Config) for [Anonymous Symbol]
    main.o(.text.mydelay) refers (Special) to _printf_hex_int_ll_ptr.o(.text) for _printf_longlong_hex
    main.o(.text.mydelay) refers (Special) to _printf_percent.o(.ARM.Collect$$_printf_percent$$00000000) for _printf_percent
    main.o(.text.mydelay) refers (Special) to _printf_x.o(.ARM.Collect$$_printf_percent$$0000000C) for _printf_x
    main.o(.ARM.exidx.text.mydelay) refers (Special) to _printf_hex_int_ll_ptr.o(.text) for _printf_longlong_hex
    main.o(.ARM.exidx.text.mydelay) refers (Special) to _printf_percent.o(.ARM.Collect$$_printf_percent$$00000000) for _printf_percent
    main.o(.ARM.exidx.text.mydelay) refers (Special) to _printf_x.o(.ARM.Collect$$_printf_percent$$0000000C) for _printf_x
    main.o(.ARM.exidx.text.mydelay) refers to main.o(.text.mydelay) for [Anonymous Symbol]
    main.o(.text.Error_Handler) refers (Special) to _printf_hex_int_ll_ptr.o(.text) for _printf_longlong_hex
    main.o(.text.Error_Handler) refers (Special) to _printf_percent.o(.ARM.Collect$$_printf_percent$$00000000) for _printf_percent
    main.o(.text.Error_Handler) refers (Special) to _printf_x.o(.ARM.Collect$$_printf_percent$$0000000C) for _printf_x
    main.o(.ARM.exidx.text.Error_Handler) refers (Special) to _printf_hex_int_ll_ptr.o(.text) for _printf_longlong_hex
    main.o(.ARM.exidx.text.Error_Handler) refers (Special) to _printf_percent.o(.ARM.Collect$$_printf_percent$$00000000) for _printf_percent
    main.o(.ARM.exidx.text.Error_Handler) refers (Special) to _printf_x.o(.ARM.Collect$$_printf_percent$$0000000C) for _printf_x
    main.o(.ARM.exidx.text.Error_Handler) refers to main.o(.text.Error_Handler) for [Anonymous Symbol]
    main.o(.bss.CmdStatus) refers (Special) to _printf_hex_int_ll_ptr.o(.text) for _printf_longlong_hex
    main.o(.bss.CmdStatus) refers (Special) to _printf_percent.o(.ARM.Collect$$_printf_percent$$00000000) for _printf_percent
[...]
    .ARM.Collect$$_printf_percent$$00000009  0x080001fc   Section        6  _printf_d.o(.ARM.Collect$$_printf_percent$$00000009)
    .ARM.Collect$$_printf_percent$$0000000C  0x08000202   Section        6  _printf_x.o(.ARM.Collect$$_printf_percent$$0000000C)
    .ARM.Collect$$_printf_percent$$00000014  0x08000208   Section        6  _printf_s.o(.ARM.Collect$$_printf_percent$$00000014)
    .ARM.Collect$$_printf_percent$$00000017  0x0800020e   Section        4  _printf_percent_end.o(.ARM.Collect$$_printf_percent$$00000017)
    .ARM.Collect$$libinit$$00000000          0x08000212   Section        2  libinit.o(.ARM.Collect$$libinit$$00000000)
    .ARM.Collect$$libinit$$00000001          0x08000214   Section        4  libinit2.o(.ARM.Collect$$libinit$$00000001)
    .ARM.Collect$$libinit$$00000004          0x08000218   Section        0  libinit2.o(.ARM.Collect$$libinit$$00000004)
    .ARM.Collect$$libinit$$0000000A          0x08000218   Section        0  libinit2.o(.ARM.Collect$$libinit$$0000000A)
    .ARM.Collect$$libinit$$0000000C          0x08000218   Section        0  libinit2.o(.ARM.Collect$$libinit$$0000000C)
    .ARM.Collect$$libinit$$0000000E          0x08000218   Section        0  libinit2.o(.ARM.Collect$$libinit$$0000000E)
    .ARM.Collect$$libinit$$00000011          0x08000218   Section        0  libinit2.o(.ARM.Collect$$libinit$$00000011)
    .ARM.Collect$$libinit$$00000013          0x08000218   Section        0  libinit2.o(.ARM.Collect$$libinit$$00000013)
    .ARM.Collect$$libinit$$00000015          0x08000218   Section        0  libinit2.o(.ARM.Collect$$libinit$$00000015)
    .ARM.Collect$$libinit$$00000017          0x08000218   Section        0  libinit2.o(.ARM.Collect$$libinit$$00000017)
    .ARM.Collect$$libinit$$00000019          0x08000218   Section        0  libinit2.o(.ARM.Collect$$libinit$$00000019)
    .ARM.Collect$$libinit$$0000001B          0x08000218   Section        0  libinit2.o(.ARM.Collect$$libinit$$0000001B)
    .ARM.Collect$$libinit$$0000001D          0x08000218   Section        0  libinit2.o(.ARM.Collect$$libinit$$0000001D)
    .ARM.Collect$$libinit$$0000001F          0x08000218   Section        0  libinit2.o(.ARM.Collect$$libinit$$0000001F)
    .ARM.Collect$$libinit$$00000021          0x08000218   Section        0  libinit2.o(.ARM.Collect$$libinit$$00000021)
    .ARM.Collect$$libinit$$00000023          0x08000218   Section        0  libinit2.o(.ARM.Collect$$libinit$$00000023)
    .ARM.Collect$$libinit$$00000025          0x08000218   Section        0  libinit2.o(.ARM.Collect$$libinit$$00000025)
    .ARM.Collect$$libinit$$0000002C          0x08000218   Section        0  libinit2.o(.ARM.Collect$$libinit$$0000002C)
    .ARM.Collect$$libinit$$0000002E          0x08000218   Section        0  libinit2.o(.ARM.Collect$$libinit$$0000002E)
    .ARM.Collect$$libinit$$00000030          0x08000218   Section        0  libinit2.o(.ARM.Collect$$libinit$$00000030)
    .ARM.Collect$$libinit$$00000032          0x08000218   Section        0  libinit2.o(.ARM.Collect$$libinit$$00000032)
    .ARM.Collect$$libinit$$00000033          0x08000218   Section        2  libinit2.o(.ARM.Collect$$libinit$$00000033)
    .ARM.Collect$$libshutdown$$00000000      0x0800021a   Section        2  libshutdown.o(.ARM.Collect$$libshutdown$$00000000)
    .ARM.Collect$$libshutdown$$00000002      0x0800021c   Section        0  libshutdown2.o(.ARM.Collect$$libshutdown$$00000002)
    .ARM.Collect$$libshutdown$$00000004      0x0800021c   Section        0  libshutdown2.o(.ARM.Collect$$libshutdown$$00000004)
    .ARM.Collect$$libshutdown$$00000007      0x0800021c   Section        0  libshutdown2.o(.ARM.Collect$$libshutdown$$00000007)
    .ARM.Collect$$libshutdown$$0000000A      0x0800021c   Section        0  libshutdown2.o(.ARM.Collect$$libshutdown$$0000000A)
    .ARM.Collect$$libshutdown$$0000000C      0x0800021c   Section        0  libshutdown2.o(.ARM.Collect$$libshutdown$$0000000C)
    .ARM.Collect$$libshutdown$$0000000F      0x0800021c   Section        0  libshutdown2.o(.ARM.Collect$$libshutdown$$0000000F)
    .ARM.Collect$$libshutdown$$00000010      0x0800021c   Section        2  libshutdown2.o(.ARM.Collect$$libshutdown$$00000010)
    .ARM.Collect$$rtentry$$00000000          0x0800021e   Section        0  __rtentry.o(.ARM.Collect$$rtentry$$00000000)
    .ARM.Collect$$rtentry$$00000002          0x0800021e   Section        0  __rtentry2.o(.ARM.Collect$$rtentry$$00000002)
    .ARM.Collect$$rtentry$$00000004          0x0800021e   Section        6  __rtentry4.o(.ARM.Collect$$rtentry$$00000004)
    .ARM.Collect$$rtentry$$00000009          0x08000224   Section        0  __rtentry2.o(.ARM.Collect$$rtentry$$00000009)
    .ARM.Collect$$rtentry$$0000000A          0x08000224   Section        4  __rtentry2.o(.ARM.Collect$$rtentry$$0000000A)
    .ARM.Collect$$rtentry$$0000000C          0x08000228   Section        0  __rtentry2.o(.ARM.Collect$$rtentry$$0000000C)
    .ARM.Collect$$rtentry$$0000000D          0x08000228   Section        8  __rtentry2.o(.ARM.Collect$$rtentry$$0000000D)
    .ARM.Collect$$rtexit$$00000000           0x08000230   Section        2  rtexit.o(.ARM.Collect$$rtexit$$00000000)
    .ARM.Collect$$rtexit$$00000002           0x08000232   Section        0  rtexit2.o(.ARM.Collect$$rtexit$$00000002)
    .ARM.Collect$$rtexit$$00000003           0x08000232   Section        4  rtexit2.o(.ARM.Collect$$rtexit$$00000003)
    .ARM.Collect$$rtexit$$00000004           0x08000236   Section        6  rtexit2.o(.ARM.Collect$$rtexit$$00000004)
    $v0                                      0x0800023c   Number         0  startup_stm32l475xx.o(.text)
    .text                                    0x0800023c   Section       64  startup_stm32l475xx.o(.text)
    .text                                    0x0800027c   Section        0  __2printf.o(.text)
    .text                                    0x08000294   Section        0  _printf_pad.o(.text)
    .text                                    0x080002e2   Section        0  _printf_str.o(.text)
    .text                                    0x08000334   Section        0  _printf_dec.o(.text)
    _printf_hex_common                       0x080003ad   Thumb Code     0  _printf_hex_int_ll_ptr.o(.text)
    .text                                    0x080003ac   Section        0  _printf_hex_int_ll_ptr.o(.text)
    .text                                    0x08000440   Section        0  __printf_flags_ss_wp.o(.text)
    .text                                    0x080005ce   Section       78  rt_memclr_w.o(.text)
    .text                                    0x0800061c   Section        0  heapauxi.o(.text)
    .text                                    0x08000622   Section        0  _printf_intcommon.o(.text)
    _printf_input_char                       0x080006d5   Thumb Code    10  _printf_char_common.o(.text)
    .text                                    0x080006d4   Section        0  _printf_char_common.o(.text)
    .text                                    0x08000704   Section        0  _printf_char.o(.text)
    .text                                    0x08000730   Section        0  _printf_char_file.o(.text)
    .text                                    0x08000754   Section        0  ferror.o(.text)
    .text                                    0x0800075c   Section       74  sys_stackheap_outer.o(.text)
    .text                                    0x080007a6   Section        0  exit.o(.text)
    .text                                    0x080007b8   Section        8  libspace.o(.text)
    .text                                    0x080007c0   Section        0  sys_exit.o(.text)
    .text                                    0x080007cc   Section        2  use_no_semi.o(.text)
    .text                                    0x080007ce   Section        0  indicate_semi.o(.text)
    [Anonymous Symbol]                       0x080007d0   Section        0  processes.o(.text.EXTI15_10_IRQHandler)
    [Anonymous Symbol]                       0x0800082c   Section        0  processes.o(.text.EXTI1_IRQHandler)
    __arm_cp.35_0                            0x08000850   Number         4  processes.o(.text.EXTI1_IRQHandler)
    [Anonymous Symbol]                       0x08000870   Section        0  processes.o(.text.EXTI9_5_IRQHandler)
    __arm_cp.36_1                            0x080008b0   Number         4  processes.o(.text.EXTI9_5_IRQHandler)
    [Anonymous Symbol]                       0x080008b4   Section        0  gpio.o(.text.GPIO_Config)
    __arm_cp.0_0                             0x08000944   Number         4  gpio.o(.text.GPIO_Config)
    __arm_cp.0_1                             0x08000948   Number         4  gpio.o(.text.GPIO_Config)
    __arm_cp.0_2                             0x0800094c   Number         4  gpio.o(.text.GPIO_Config)
    __arm_cp.0_3                             0x08000950   Number         4  gpio.o(.text.GPIO_Config)
    [Anonymous Symbol]                       0x08000954   Section        0  stm32l4xx_hal_dma.o(.text.HAL_DMA_Abort_IT)
    [Anonymous Symbol]                       0x0800099a   Section        0  stm32l4xx_hal_gpio.o(.text.HAL_GPIO_EXTI_Callback)
    [Anonymous Symbol]                       0x0800099c   Section        0  stm32l4xx_hal_gpio.o(.text.HAL_GPIO_EXTI_IRQHandler)
    __arm_cp.6_0                             0x080009ac   Number         4  stm32l4xx_hal_gpio.o(.text.HAL_GPIO_EXTI_IRQHandler)
    [Anonymous Symbol]                       0x080009b0   Section        0  stm32l4xx_hal.o(.text.HAL_GetTick)
    __arm_cp.6_0                             0x080009b8   Number         4  stm32l4xx_hal.o(.text.HAL_GetTick)
    [Anonymous Symbol]                       0x080009bc   Section        0  stm32l4xx_hal_i2c_ex.o(.text.HAL_I2CEx_ConfigAnalogFilter)
    [Anonymous Symbol]                       0x080009f8   Section        0  stm32l4xx_hal_i2c.o(.text.HAL_I2C_Init)
    __arm_cp.0_0                             0x08000a90   Number         4  stm32l4xx_hal_i2c.o(.text.HAL_I2C_Init)
    [Anonymous Symbol]                       0x08000a94   Section        0  stm32l4xx_hal_i2c.o(.text.HAL_I2C_Mem_Read)
    __arm_cp.33_0                            0x08000b9c   Number         4  stm32l4xx_hal_i2c.o(.text.HAL_I2C_Mem_Read)
    __arm_cp.33_1                            0x08000ba0   Number         4  stm32l4xx_hal_i2c.o(.text.HAL_I2C_Mem_Read)
    [Anonymous Symbol]                       0x08000baa   Section        0  stm32l4xx_hal_i2c.o(.text.HAL_I2C_MspInit)
    [Anonymous Symbol]                       0x08000bac   Section        0  stm32l4xx_hal.o(.text.HAL_InitTick)
    [Anonymous Symbol]                       0x08000bd0   Section        0  stm32l4xx_hal_cortex.o(.text.HAL_NVIC_EnableIRQ)
    __arm_cp.3_0                             0x08000be0   Number         4  stm32l4xx_hal_cortex.o(.text.HAL_NVIC_EnableIRQ)
    [Anonymous Symbol]                       0x08000be4   Section        0  stm32l4xx_hal_cortex.o(.text.HAL_NVIC_SetPriority)
    __arm_cp.1_0                             0x08000c1c   Number         4  stm32l4xx_hal_cortex.o(.text.HAL_NVIC_SetPriority)
    [Anonymous Symbol]                       0x08000c20   Section        0  stm32l4xx_hal_pwr_ex.o(.text.HAL_PWREx_ControlVoltageScaling)
    __arm_cp.1_2                             0x08000c78   Number         4  stm32l4xx_hal_pwr_ex.o(.text.HAL_PWREx_ControlVoltageScaling)
    [Anonymous Symbol]                       0x08000c7c   Section        0  stm32l4xx_hal_pwr_ex.o(.text.HAL_PWREx_GetVoltageRange)
    __arm_cp.0_0                             0x08000c88   Number         4  stm32l4xx_hal_pwr_ex.o(.text.HAL_PWREx_GetVoltageRange)
    [Anonymous Symbol]                       0x08000c8c   Section        0  stm32l4xx_hal_rcc.o(.text.HAL_RCC_ClockConfig)
    __arm_cp.4_0                             0x08000df8   Number         4  stm32l4xx_hal_rcc.o(.text.HAL_RCC_ClockConfig)
    __arm_cp.4_2                             0x08000dfc   Number         4  stm32l4xx_hal_rcc.o(.text.HAL_RCC_ClockConfig)
    __arm_cp.4_3                             0x08000e00   Number         4  stm32l4xx_hal_rcc.o(.text.HAL_RCC_ClockConfig)
    [Anonymous Symbol]                       0x08000e04   Section        0  stm32l4xx_hal_rcc.o(.text.HAL_RCC_GetSysClockFreq)
    __arm_cp.3_0                             0x08000f04   Number         4  stm32l4xx_hal_rcc.o(.text.HAL_RCC_GetSysClockFreq)
    __arm_cp.3_1                             0x08000f08   Number         4  stm32l4xx_hal_rcc.o(.text.HAL_RCC_GetSysClockFreq)
    __arm_cp.3_2                             0x08000f0c   Number         4  stm32l4xx_hal_rcc.o(.text.HAL_RCC_GetSysClockFreq)
    __arm_cp.3_3                             0x08000f10   Number         4  stm32l4xx_hal_rcc.o(.text.HAL_RCC_GetSysClockFreq)
    [Anonymous Symbol]                       0x08000f14   Section        0  stm32l4xx_hal_rcc.o(.text.HAL_RCC_OscConfig)
    __arm_cp.1_7                             0x0800128c   Number         4  stm32l4xx_hal_rcc.o(.text.HAL_RCC_OscConfig)
    __arm_cp.1_1                             0x0800134c   Number         4  stm32l4xx_hal_rcc.o(.text.HAL_RCC_OscConfig)
    __arm_cp.1_2                             0x08001350   Number         4  stm32l4xx_hal_rcc.o(.text.HAL_RCC_OscConfig)
    __arm_cp.1_3                             0x08001354   Number         4  stm32l4xx_hal_rcc.o(.text.HAL_RCC_OscConfig)
    __arm_cp.1_4                             0x08001358   Number         4  stm32l4xx_hal_rcc.o(.text.HAL_RCC_OscConfig)
    __arm_cp.1_5                             0x0800135c   Number         4  stm32l4xx_hal_rcc.o(.text.HAL_RCC_OscConfig)
    __arm_cp.1_6                             0x08001360   Number         4  stm32l4xx_hal_rcc.o(.text.HAL_RCC_OscConfig)
    [Anonymous Symbol]                       0x08001364   Section        0  stm32l4xx_hal_spi.o(.text.HAL_SPI_ErrorCallback)
    [Anonymous Symbol]                       0x08001368   Section        0  stm32l4xx_hal_spi.o(.text.HAL_SPI_IRQHandler)
    __arm_cp.42_0                            0x0800144c   Number         4  stm32l4xx_hal_spi.o(.text.HAL_SPI_IRQHandler)
    [Anonymous Symbol]                       0x08001450   Section        0  stm32l4xx_hal_cortex.o(.text.HAL_SYSTICK_Config)
    __arm_cp.7_0                             0x08001470   Number         4  stm32l4xx_hal_cortex.o(.text.HAL_SYSTICK_Config)
    __arm_cp.7_1                             0x08001474   Number         4  stm32l4xx_hal_cortex.o(.text.HAL_SYSTICK_Config)
    [Anonymous Symbol]                       0x08001478   Section        0  processes.o(.text.I2C2_Config)
    __arm_cp.21_0                            0x080014ec   Number         4  processes.o(.text.I2C2_Config)
    __arm_cp.21_1                            0x080014f0   Number         4  processes.o(.text.I2C2_Config)
    __arm_cp.21_2                            0x080014f4   Number         4  processes.o(.text.I2C2_Config)
    I2C_Flush_TXDR                           0x080014f9   Thumb Code    28  stm32l4xx_hal_i2c.o(.text.I2C_Flush_TXDR)
    [Anonymous Symbol]                       0x080014f8   Section        0  stm32l4xx_hal_i2c.o(.text.I2C_Flush_TXDR)
    I2C_IsAcknowledgeFailed                  0x08001515   Thumb Code   104  stm32l4xx_hal_i2c.o(.text.I2C_IsAcknowledgeFailed)
    [Anonymous Symbol]                       0x08001514   Section        0  stm32l4xx_hal_i2c.o(.text.I2C_IsAcknowledgeFailed)
    __arm_cp.71_0                            0x08001578   Number         4  stm32l4xx_hal_i2c.o(.text.I2C_IsAcknowledgeFailed)
    I2C_RequestMemoryRead                    0x0800157d   Thumb Code    84  stm32l4xx_hal_i2c.o(.text.I2C_RequestMemoryRead)
    [Anonymous Symbol]                       0x0800157c   Section        0  stm32l4xx_hal_i2c.o(.text.I2C_RequestMemoryRead)
    __arm_cp.34_0                            0x080015cc   Number         4  stm32l4xx_hal_i2c.o(.text.I2C_RequestMemoryRead)
    I2C_TransferConfig                       0x080015d1   Thumb Code    36  stm32l4xx_hal_i2c.o(.text.I2C_TransferConfig)
    [Anonymous Symbol]                       0x080015d0   Section        0  stm32l4xx_hal_i2c.o(.text.I2C_TransferConfig)
    __arm_cp.6_0                             0x080015f0   Number         4  stm32l4xx_hal_i2c.o(.text.I2C_TransferConfig)
    I2C_WaitOnFlagUntilTimeout               0x080015f5   Thumb Code    72  stm32l4xx_hal_i2c.o(.text.I2C_WaitOnFlagUntilTimeout)
    [Anonymous Symbol]                       0x080015f4   Section        0  stm32l4xx_hal_i2c.o(.text.I2C_WaitOnFlagUntilTimeout)
    I2C_WaitOnSTOPFlagUntilTimeout           0x0800163d   Thumb Code    60  stm32l4xx_hal_i2c.o(.text.I2C_WaitOnSTOPFlagUntilTimeout)
    [Anonymous Symbol]                       0x0800163c   Section        0  stm32l4xx_hal_i2c.o(.text.I2C_WaitOnSTOPFlagUntilTimeout)
    I2C_WaitOnTXISFlagUntilTimeout           0x08001679   Thumb Code    66  stm32l4xx_hal_i2c.o(.text.I2C_WaitOnTXISFlagUntilTimeout)
    [Anonymous Symbol]                       0x08001678   Section        0  stm32l4xx_hal_i2c.o(.text.I2C_WaitOnTXISFlagUntilTimeout)
    [Anonymous Symbol]                       0x080016bc   Section        0  processes.o(.text.ISR_Config)
    __arm_cp.15_0                            0x08001764   Number         4  processes.o(.text.ISR_Config)
    __arm_cp.15_1                            0x08001768   Number         4  processes.o(.text.ISR_Config)
    __arm_cp.15_2                            0x0800176c   Number         4  processes.o(.text.ISR_Config)
    __arm_cp.15_3                            0x08001770   Number         4  processes.o(.text.ISR_Config)
    __arm_cp.15_4                            0x08001774   Number         4  processes.o(.text.ISR_Config)
    __arm_cp.15_5                            0x08001778   Number         4  processes.o(.text.ISR_Config)
    [Anonymous Symbol]                       0x0800177c   Section        0  gpio.o(.text.LEDs_Init)
    __arm_cp.1_0                             0x080017d8   Number         4  gpio.o(.text.LEDs_Init)
    __arm_cp.1_1                             0x080017dc   Number         4  gpio.o(.text.LEDs_Init)
    NVIC_SetPriority                         0x080017e1   Thumb Code    32  stm32l4xx_hal_cortex.o(.text.NVIC_SetPriority)
    [Anonymous Symbol]                       0x080017e0   Section        0  stm32l4xx_hal_cortex.o(.text.NVIC_SetPriority)
    __arm_cp.2_0                             0x080017f8   Number         4  stm32l4xx_hal_cortex.o(.text.NVIC_SetPriority)
    __arm_cp.2_1                             0x080017fc   Number         4  stm32l4xx_hal_cortex.o(.text.NVIC_SetPriority)
    OUTLINED_FUNCTION_0                      0x08001801   Thumb Code     6  processes.o(.text.OUTLINED_FUNCTION_0)
    [Anonymous Symbol]                       0x08001800   Section        0  processes.o(.text.OUTLINED_FUNCTION_0)
    OUTLINED_FUNCTION_0                      0x08001807   Thumb Code    20  uart.o(.text.OUTLINED_FUNCTION_0)
    [Anonymous Symbol]                       0x08001806   Section        0  uart.o(.text.OUTLINED_FUNCTION_0)
    OUTLINED_FUNCTION_0                      0x0800181b   Thumb Code    10  stm32l4xx_hal_i2c.o(.text.OUTLINED_FUNCTION_0)
    [Anonymous Symbol]                       0x0800181a   Section        0  stm32l4xx_hal_i2c.o(.text.OUTLINED_FUNCTION_0)
    OUTLINED_FUNCTION_0                      0x08001825   Thumb Code    24  stm32l4xx_hal_i2c_ex.o(.text.OUTLINED_FUNCTION_0)
    [Anonymous Symbol]                       0x08001824   Section        0  stm32l4xx_hal_i2c_ex.o(.text.OUTLINED_FUNCTION_0)
    OUTLINED_FUNCTION_0                      0x0800183d   Thumb Code    36  stm32l4xx_hal_rcc.o(.text.OUTLINED_FUNCTION_0)
    [Anonymous Symbol]                       0x0800183c   Section        0  stm32l4xx_hal_rcc.o(.text.OUTLINED_FUNCTION_0)
    OUTLINED_FUNCTION_1                      0x08001861   Thumb Code    10  processes.o(.text.OUTLINED_FUNCTION_1)
    [Anonymous Symbol]                       0x08001860   Section        0  processes.o(.text.OUTLINED_FUNCTION_1)
    OUTLINED_FUNCTION_1                      0x0800186b   Thumb Code    14  stm32l4xx_hal_cortex.o(.text.OUTLINED_FUNCTION_1)
    [Anonymous Symbol]                       0x0800186a   Section        0  stm32l4xx_hal_cortex.o(.text.OUTLINED_FUNCTION_1)
    OUTLINED_FUNCTION_1                      0x08001879   Thumb Code     8  stm32l4xx_hal_i2c.o(.text.OUTLINED_FUNCTION_1)
    [Anonymous Symbol]                       0x08001878   Section        0  stm32l4xx_hal_i2c.o(.text.OUTLINED_FUNCTION_1)
    OUTLINED_FUNCTION_1                      0x08001881   Thumb Code     6  stm32l4xx_hal_rcc.o(.text.OUTLINED_FUNCTION_1)
    [Anonymous Symbol]                       0x08001880   Section        0  stm32l4xx_hal_rcc.o(.text.OUTLINED_FUNCTION_1)
    OUTLINED_FUNCTION_10                     0x08001887   Thumb Code    36  stm32l4xx_hal_i2c.o(.text.OUTLINED_FUNCTION_10)
    [Anonymous Symbol]                       0x08001886   Section        0  stm32l4xx_hal_i2c.o(.text.OUTLINED_FUNCTION_10)
    OUTLINED_FUNCTION_12                     0x080018ab   Thumb Code    26  stm32l4xx_hal_i2c.o(.text.OUTLINED_FUNCTION_12)
    [Anonymous Symbol]                       0x080018aa   Section        0  stm32l4xx_hal_i2c.o(.text.OUTLINED_FUNCTION_12)
    OUTLINED_FUNCTION_16                     0x080018cb   Thumb Code     6  stm32l4xx_hal_i2c.o(.text.OUTLINED_FUNCTION_16)
    [Anonymous Symbol]                       0x080018ca   Section        0  stm32l4xx_hal_i2c.o(.text.OUTLINED_FUNCTION_16)
    OUTLINED_FUNCTION_2                      0x080018d1   Thumb Code     6  stm32l4xx_hal_cortex.o(.text.OUTLINED_FUNCTION_2)
    [Anonymous Symbol]                       0x080018d0   Section        0  stm32l4xx_hal_cortex.o(.text.OUTLINED_FUNCTION_2)
    OUTLINED_FUNCTION_2                      0x080018d7   Thumb Code     8  stm32l4xx_hal_i2c.o(.text.OUTLINED_FUNCTION_2)
    [Anonymous Symbol]                       0x080018d6   Section        0  stm32l4xx_hal_i2c.o(.text.OUTLINED_FUNCTION_2)
    OUTLINED_FUNCTION_24                     0x080018df   Thumb Code     8  stm32l4xx_hal_i2c.o(.text.OUTLINED_FUNCTION_24)
    [Anonymous Symbol]                       0x080018de   Section        0  stm32l4xx_hal_i2c.o(.text.OUTLINED_FUNCTION_24)
    OUTLINED_FUNCTION_25                     0x080018e7   Thumb Code    20  stm32l4xx_hal_i2c.o(.text.OUTLINED_FUNCTION_25)
    [Anonymous Symbol]                       0x080018e6   Section        0  stm32l4xx_hal_i2c.o(.text.OUTLINED_FUNCTION_25)
    OUTLINED_FUNCTION_28                     0x080018fb   Thumb Code    16  stm32l4xx_hal_i2c.o(.text.OUTLINED_FUNCTION_28)
    [Anonymous Symbol]                       0x080018fa   Section        0  stm32l4xx_hal_i2c.o(.text.OUTLINED_FUNCTION_28)
    OUTLINED_FUNCTION_3                      0x0800190b   Thumb Code     8  tasks.o(.text.OUTLINED_FUNCTION_3)
    [Anonymous Symbol]                       0x0800190a   Section        0  tasks.o(.text.OUTLINED_FUNCTION_3)
    OUTLINED_FUNCTION_30                     0x08001913   Thumb Code    10  stm32l4xx_hal_i2c.o(.text.OUTLINED_FUNCTION_30)
    [Anonymous Symbol]                       0x08001912   Section        0  stm32l4xx_hal_i2c.o(.text.OUTLINED_FUNCTION_30)
    OUTLINED_FUNCTION_35                     0x0800191d   Thumb Code    18  stm32l4xx_hal_i2c.o(.text.OUTLINED_FUNCTION_35)
    [Anonymous Symbol]                       0x0800191c   Section        0  stm32l4xx_hal_i2c.o(.text.OUTLINED_FUNCTION_35)
    OUTLINED_FUNCTION_37                     0x0800192f   Thumb Code     6  stm32l4xx_hal_i2c.o(.text.OUTLINED_FUNCTION_37)
    [Anonymous Symbol]                       0x0800192e   Section        0  stm32l4xx_hal_i2c.o(.text.OUTLINED_FUNCTION_37)
    OUTLINED_FUNCTION_4                      0x08001935   Thumb Code     6  tasks.o(.text.OUTLINED_FUNCTION_4)
    [Anonymous Symbol]                       0x08001934   Section        0  tasks.o(.text.OUTLINED_FUNCTION_4)
    OUTLINED_FUNCTION_41                     0x0800193b   Thumb Code    16  stm32l4xx_hal_i2c.o(.text.OUTLINED_FUNCTION_41)
    [Anonymous Symbol]                       0x0800193a   Section        0  stm32l4xx_hal_i2c.o(.text.OUTLINED_FUNCTION_41)
    OUTLINED_FUNCTION_49                     0x0800194b   Thumb Code    14  stm32l4xx_hal_i2c.o(.text.OUTLINED_FUNCTION_49)
    [Anonymous Symbol]                       0x0800194a   Section        0  stm32l4xx_hal_i2c.o(.text.OUTLINED_FUNCTION_49)
    OUTLINED_FUNCTION_6                      0x08001959   Thumb Code    14  stm32l4xx_hal_i2c.o(.text.OUTLINED_FUNCTION_6)
    [Anonymous Symbol]                       0x08001958   Section        0  stm32l4xx_hal_i2c.o(.text.OUTLINED_FUNCTION_6)
    OUTLINED_FUNCTION_61                     0x08001967   Thumb Code    10  stm32l4xx_hal_i2c.o(.text.OUTLINED_FUNCTION_61)
    [Anonymous Symbol]                       0x08001966   Section        0  stm32l4xx_hal_i2c.o(.text.OUTLINED_FUNCTION_61)
    OUTLINED_FUNCTION_63                     0x08001971   Thumb Code    10  stm32l4xx_hal_i2c.o(.text.OUTLINED_FUNCTION_63)
    [Anonymous Symbol]                       0x08001970   Section        0  stm32l4xx_hal_i2c.o(.text.OUTLINED_FUNCTION_63)
    OUTLINED_FUNCTION_66                     0x0800197b   Thumb Code    10  stm32l4xx_hal_i2c.o(.text.OUTLINED_FUNCTION_66)
    [Anonymous Symbol]                       0x0800197a   Section        0  stm32l4xx_hal_i2c.o(.text.OUTLINED_FUNCTION_66)
    OUTLINED_FUNCTION_8                      0x08001985   Thumb Code    16  stm32l4xx_hal_i2c.o(.text.OUTLINED_FUNCTION_8)
    [Anonymous Symbol]                       0x08001984   Section        0  stm32l4xx_hal_i2c.o(.text.OUTLINED_FUNCTION_8)
    [Anonymous Symbol]                       0x08001994   Section        0  processes.o(.text.OsInits)
    __arm_cp.24_0                            0x080019d8   Number         4  processes.o(.text.OsInits)
    [Anonymous Symbol]                       0x080019e0   Section        0  port.o(.text.PendSV_Handler)
    pxCurrentTCBConst                        0x08001a40   Number         0  port.o(.text.PendSV_Handler)
    [Anonymous Symbol]                       0x08001a5c   Section        0  processes.o(.text.RCC_Config)
    __arm_cp.14_0                            0x08001af8   Number         4  processes.o(.text.RCC_Config)
    RCC_SetFlashLatencyFromMSIRange          0x08001afd   Thumb Code   132  stm32l4xx_hal_rcc.o(.text.RCC_SetFlashLatencyFromMSIRange)
    [Anonymous Symbol]                       0x08001afc   Section        0  stm32l4xx_hal_rcc.o(.text.RCC_SetFlashLatencyFromMSIRange)
    __arm_cp.2_0                             0x08001b78   Number         4  stm32l4xx_hal_rcc.o(.text.RCC_SetFlashLatencyFromMSIRange)
    __arm_cp.2_1                             0x08001b7c   Number         4  stm32l4xx_hal_rcc.o(.text.RCC_SetFlashLatencyFromMSIRange)
    [Anonymous Symbol]                       0x08001b80   Section        0  processes.o(.text.RTC_Config)
    __arm_cp.16_0                            0x08001bb0   Number         4  processes.o(.text.RTC_Config)
    __arm_cp.16_1                            0x08001bb4   Number         4  processes.o(.text.RTC_Config)
    [Anonymous Symbol]                       0x08001bb8   Section        0  processes.o(.text.SPI3_IRQHandler)
    __arm_cp.38_1                            0x08001be4   Number         4  processes.o(.text.SPI3_IRQHandler)
    SPI_DMAAbortOnError                      0x08001be9   Thumb Code    14  stm32l4xx_hal_spi.o(.text.SPI_DMAAbortOnError)
    [Anonymous Symbol]                       0x08001be8   Section        0  stm32l4xx_hal_spi.o(.text.SPI_DMAAbortOnError)
    [Anonymous Symbol]                       0x08001c00   Section        0  port.o(.text.SVC_Handler)
    pxCurrentTCBConst2                       0x08001c20   Number         0  port.o(.text.SVC_Handler)
    [Anonymous Symbol]                       0x08001c30   Section        0  port.o(.text.SysTick_Handler)
    __arm_cp.11_0                            0x08001c58   Number         4  port.o(.text.SysTick_Handler)
    [Anonymous Symbol]                       0x08001c5c   Section        0  main.o(.text.SystemClock_Config)
    [Anonymous Symbol]                       0x08001cbc   Section        0  system_stm32l4xx.o(.text.SystemInit)
    __arm_cp.0_0                             0x08001cf0   Number         4  system_stm32l4xx.o(.text.SystemInit)
    __arm_cp.0_1                             0x08001cf4   Number         4  system_stm32l4xx.o(.text.SystemInit)
    __arm_cp.0_2                             0x08001cf8   Number         4  system_stm32l4xx.o(.text.SystemInit)
    [Anonymous Symbol]                       0x08001cfc   Section        0  uart.o(.text.UART4_Config)
    __arm_cp.7_0                             0x08001d10   Number         4  uart.o(.text.UART4_Config)
    __arm_cp.7_1                             0x08001d14   Number         4  uart.o(.text.UART4_Config)
    [Anonymous Symbol]                       0x08001d18   Section        0  processes.o(.text.UART4_IRQHandler)
    __arm_cp.41_1                            0x08001d24   Number         4  processes.o(.text.UART4_IRQHandler)
    [Anonymous Symbol]                       0x08001d28   Section        0  processes.o(.text.USART1_IRQHandler)
    __arm_cp.39_0                            0x08001d40   Number         4  processes.o(.text.USART1_IRQHandler)
    __arm_cp.39_1                            0x08001d44   Number         4  processes.o(.text.USART1_IRQHandler)
    __arm_cp.39_2                            0x08001d48   Number         4  processes.o(.text.USART1_IRQHandler)
    [Anonymous Symbol]                       0x08001d4c   Section        0  processes.o(.text.USART3_IRQHandler)
    __arm_cp.40_0                            0x08001d58   Number         4  processes.o(.text.USART3_IRQHandler)
    __arm_cp.40_1                            0x08001d5c   Number         4  processes.o(.text.USART3_IRQHandler)
    [Anonymous Symbol]                       0x08001d60   Section        0  processes.o(.text.Welcome)
    __arm_cp.25_0                            0x08001d84   Number         4  processes.o(.text.Welcome)
    [Anonymous Symbol]                       0x08001d88   Section        0  uart.o(.text._uart4_send_b)
    [Anonymous Symbol]                       0x08001d94   Section        0  uart.o(.text._uart4_send_s)
    __arm_cp.10_0                            0x08001db8   Number         4  uart.o(.text._uart4_send_s)
    [Anonymous Symbol]                       0x08001dbc   Section        0  uart.o(.text.fputc)
    [Anonymous Symbol]                       0x08001dc0   Section        0  processes.o(.text.line)
    [Anonymous Symbol]                       0x08001df8   Section        0  main.o(.text.main)
    __arm_cp.0_0                             0x08001e74   Number         4  main.o(.text.main)
    __arm_cp.0_1                             0x08001e78   Number         4  main.o(.text.main)
    __arm_cp.0_2                             0x08001e7c   Number         4  main.o(.text.main)
    [Anonymous Symbol]                       0x08001f1c   Section        0  main.o(.text.mydelay)
    [Anonymous Symbol]                       0x08001f48   Section        0  processes.o(.text.nl)
    __arm_cp.4_0                             0x08001f60   Number         4  processes.o(.text.nl)
    prvResetNextTaskUnblockTime              0x08001f65   Thumb Code    24  tasks.o(.text.prvResetNextTaskUnblockTime)
    [Anonymous Symbol]                       0x08001f64   Section        0  tasks.o(.text.prvResetNextTaskUnblockTime)
    [Anonymous Symbol]                       0x08001f7c   Section        0  processes.o(.text.togglepin)
    [Anonymous Symbol]                       0x08001f84   Section        0  list.o(.text.uxListRemove)
    [Anonymous Symbol]                       0x08001fa6   Section        0  list.o(.text.vListInsertEnd)
    __tagsym$$used.0                         0x08001fc0   Number         0  tasks.o(.text.vTaskSwitchContext)
    [Anonymous Symbol]                       0x08001fc0   Section        0  tasks.o(.text.vTaskSwitchContext)
    [Anonymous Symbol]                       0x08002018   Section        0  tasks.o(.text.xTaskIncrementTick)
    __arm_cp.21_0                            0x080020e8   Number         4  tasks.o(.text.xTaskIncrementTick)
    __arm_cp.21_1                            0x080020ec   Number         4  tasks.o(.text.xTaskIncrementTick)
    i._is_digit                              0x080020f0   Section        0  __printf_wp.o(i._is_digit)
    $v0                                      0x080020fe   Number         0  fpinit.o(x$fpl$fpinit)
    x$fpl$fpinit                             0x080020fe   Section       26  fpinit.o(x$fpl$fpinit)
    uc_hextab                                0x08002118   Data          20  _printf_hex_int_ll_ptr.o(.constdata)
    .constdata                               0x08002118   Section       40  _printf_hex_int_ll_ptr.o(.constdata)
    lc_hextab                                0x0800212c   Data          20  _printf_hex_int_ll_ptr.o(.constdata)
    maptable                                 0x08002140   Data          17  __printf_flags_ss_wp.o(.constdata)
    .constdata                               0x08002140   Section       17  __printf_flags_ss_wp.o(.constdata)
    New_Line                                 0x08002194   Data           3  processes.o(.rodata.New_Line)
    [Anonymous Symbol]                       0x08002194   Section        0  processes.o(.rodata.New_Line)
    .L.str                                   0x08002197   Data          13  main.o(.rodata.str1.1)
    [Anonymous Symbol]                       0x08002197   Section        0  main.o(.rodata.str1.1)
    wc_note                                  0x080021a4   Data          16  processes.o(.rodata.wc_note)
    [Anonymous Symbol]                       0x080021a4   Section        0  processes.o(.rodata.wc_note)
    .bss                                     0x20000058   Section       96  libspace.o(.bss)
    [Anonymous Symbol]                       0x200000b8   Section        0  tasks.o(.bss..L_MergedGlobals)
    uxTopReadyPriority                       0x200000bc   Data           4  tasks.o(.bss..L_MergedGlobals)
    uxTaskNumber                             0x200000c0   Data           4  tasks.o(.bss..L_MergedGlobals)
    uxDeletedTasksWaitingCleanUp             0x200000c4   Data           4  tasks.o(.bss..L_MergedGlobals)
    uxCurrentNumberOfTasks                   0x200000c8   Data           4  tasks.o(.bss..L_MergedGlobals)
    xSchedulerRunning                        0x200000cc   Data           4  tasks.o(.bss..L_MergedGlobals)
    uxSchedulerSuspended                     0x200000d0   Data           4  tasks.o(.bss..L_MergedGlobals)
    xTickCount                               0x200000d4   Data           4  tasks.o(.bss..L_MergedGlobals)
    pxDelayedTaskList                        0x200000d8   Data           4  tasks.o(.bss..L_MergedGlobals)
    pxOverflowDelayedTaskList                0x200000dc   Data           4  tasks.o(.bss..L_MergedGlobals)
    xYieldPending                            0x200000e0   Data           4  tasks.o(.bss..L_MergedGlobals)
    xIdleTaskHandle                          0x200000e4   Data           4  tasks.o(.bss..L_MergedGlobals)
    xNextTaskUnblockTime                     0x200000e8   Data           4  tasks.o(.bss..L_MergedGlobals)
    xPendedTicks                             0x200000ec   Data           4  tasks.o(.bss..L_MergedGlobals)
    xNumOfOverflows                          0x200000f0   Data           4  tasks.o(.bss..L_MergedGlobals)
    xTasksWaitingTermination                 0x200000f4   Data          20  tasks.o(.bss..L_MergedGlobals)
    xSuspendedTaskList                       0x20000108   Data          20  tasks.o(.bss..L_MergedGlobals)
    xPendingReadyList                        0x2000011c   Data          20  tasks.o(.bss..L_MergedGlobals)
    pxReadyTasksLists                        0x200001e4   Data         100  tasks.o(.bss.pxReadyTasksLists)
    [Anonymous Symbol]                       0x200001e4   Section        0  tasks.o(.bss.pxReadyTasksLists)
    Heap_Mem                                 0x20000250   Data         512  startup_stm32l475xx.o(HEAP)
    HEAP                                     0x20000250   Section      512  startup_stm32l475xx.o(HEAP)
    Stack_Mem                                0x20000450   Data        1024  startup_stm32l475xx.o(STACK)
    STACK                                    0x20000450   Section     1024  startup_stm32l475xx.o(STACK)
    __initial_sp                             0x20000850   Data           0  startup_stm32l475xx.o(STACK)

    Global Symbols

    Symbol Name                              Value     Ov Type        Size  Object(Section)

    BuildAttributes$$THM_ISAv4$E$P$D$K$B$S$7EM$VFPi3$EXTD16$VFPS$VFMA$PE$A:L22UL41UL21$X:L11$S22US41US21$IEEE1$IW$~IW$USESV6$~STKCKD$USESV7$~SHL$OTIME$ROPI$IEEEJ$EBA8$UX$STANDARDLIB$REQ8$PRES8$EABIv2 0x00000000   Number         0  anon$$obj.o ABSOLUTE
    _printf_flags                            0x00000000   Number         0  printf_stubs.o ABSOLUTE
    _printf_return_value                     0x00000000   Number         0  printf_stubs.o ABSOLUTE
    _printf_sizespec                         0x00000000   Number         0  printf_stubs.o ABSOLUTE
    _printf_widthprec                        0x00000000   Number         0  printf_stubs.o ABSOLUTE
    __ARM_exceptions_init                     - Undefined Weak Reference
    __alloca_initialize                       - Undefined Weak Reference
    __arm_preinit_                            - Undefined Weak Reference
    __cpp_initialize__aeabi_                  - Undefined Weak Reference
    __cxa_finalize                            - Undefined Weak Reference
    __sigvec_lookup                           - Undefined Weak Reference
    _atexit_init                              - Undefined Weak Reference
    _call_atexit_fns                          - Undefined Weak Reference
    _clock_init                               - Undefined Weak Reference
    _fp_trap_init                             - Undefined Weak Reference
    _fp_trap_shutdown                         - Undefined Weak Reference
    _get_lc_collate                           - Undefined Weak Reference
    _get_lc_monetary                          - Undefined Weak Reference
    _get_lc_time                              - Undefined Weak Reference
    _getenv_init                              - Undefined Weak Reference
    _handle_redirection                       - Undefined Weak Reference
    _init_alloc                               - Undefined Weak Reference
    _init_user_alloc                          - Undefined Weak Reference
    _initio                                   - Undefined Weak Reference
    _mutex_acquire                            - Undefined Weak Reference
    _mutex_release                            - Undefined Weak Reference
    _printf_mbtowc                            - Undefined Weak Reference
    _printf_wc                                - Undefined Weak Reference
    _rand_init                                - Undefined Weak Reference
    _signal_finish                            - Undefined Weak Reference
    _signal_init                              - Undefined Weak Reference
    _terminate_alloc                          - Undefined Weak Reference
    _terminate_user_alloc                     - Undefined Weak Reference
    _terminateio                              - Undefined Weak Reference
    __Vectors_Size                           0x00000188   Number         0  startup_stm32l475xx.o ABSOLUTE
    __Vectors                                0x08000000   Data           4  startup_stm32l475xx.o(RESET)
    __Vectors_End                            0x08000188   Data           0  startup_stm32l475xx.o(RESET)
    __main                                   0x08000189   Thumb Code     8  __main.o(!!!main)
    __scatterload                            0x08000191   Thumb Code     0  __scatter.o(!!!scatter)
    __scatterload_rt2                        0x08000191   Thumb Code    44  __scatter.o(!!!scatter)
    __scatterload_rt2_thumb_only             0x08000191   Thumb Code     0  __scatter.o(!!!scatter)
    __scatterload_null                       0x0800019f   Thumb Code     0  __scatter.o(!!!scatter)
    __scatterload_copy                       0x080001c5   Thumb Code    26  __scatter_copy.o(!!handler_copy)
    __scatterload_zeroinit                   0x080001e1   Thumb Code    28  __scatter_zi.o(!!handler_zi)
    _printf_d                                0x080001fd   Thumb Code     0  _printf_d.o(.ARM.Collect$$_printf_percent$$00000009)
    _printf_percent                          0x080001fd   Thumb Code     0  _printf_percent.o(.ARM.Collect$$_printf_percent$$00000000)
    _printf_x                                0x08000203   Thumb Code     0  _printf_x.o(.ARM.Collect$$_printf_percent$$0000000C)
    _printf_s                                0x08000209   Thumb Code     0  _printf_s.o(.ARM.Collect$$_printf_percent$$00000014)
    _printf_percent_end                      0x0800020f   Thumb Code     0  _printf_percent_end.o(.ARM.Collect$$_printf_percent$$00000017)
    __rt_lib_init                            0x08000213   Thumb Code     0  libinit.o(.ARM.Collect$$libinit$$00000000)
    __rt_lib_init_fp_1                       0x08000215   Thumb Code     0  libinit2.o(.ARM.Collect$$libinit$$00000001)
    __rt_lib_init_alloca_1                   0x08000219   Thumb Code     0  libinit2.o(.ARM.Collect$$libinit$$0000002E)
    __rt_lib_init_argv_1                     0x08000219   Thumb Code     0  libinit2.o(.ARM.Collect$$libinit$$0000002C)
    __rt_lib_init_atexit_1                   0x08000219   Thumb Code     0  libinit2.o(.ARM.Collect$$libinit$$0000001B)
    __rt_lib_init_clock_1                    0x08000219   Thumb Code     0  libinit2.o(.ARM.Collect$$libinit$$00000021)
    __rt_lib_init_cpp_1                      0x08000219   Thumb Code     0  libinit2.o(.ARM.Collect$$libinit$$00000032)
    __rt_lib_init_exceptions_1               0x08000219   Thumb Code     0  libinit2.o(.ARM.Collect$$libinit$$00000030)
    __rt_lib_init_fp_trap_1                  0x08000219   Thumb Code     0  libinit2.o(.ARM.Collect$$libinit$$0000001F)
    __rt_lib_init_getenv_1                   0x08000219   Thumb Code     0  libinit2.o(.ARM.Collect$$libinit$$00000023)
    __rt_lib_init_heap_1                     0x08000219   Thumb Code     0  libinit2.o(.ARM.Collect$$libinit$$0000000A)
    __rt_lib_init_lc_collate_1               0x08000219   Thumb Code     0  libinit2.o(.ARM.Collect$$libinit$$00000011)
    __rt_lib_init_lc_ctype_1                 0x08000219   Thumb Code     0  libinit2.o(.ARM.Collect$$libinit$$00000013)
    __rt_lib_init_lc_monetary_1              0x08000219   Thumb Code     0  libinit2.o(.ARM.Collect$$libinit$$00000015)
    __rt_lib_init_lc_numeric_1               0x08000219   Thumb Code     0  libinit2.o(.ARM.Collect$$libinit$$00000017)
    __rt_lib_init_lc_time_1                  0x08000219   Thumb Code     0  libinit2.o(.ARM.Collect$$libinit$$00000019)
    __rt_lib_init_preinit_1                  0x08000219   Thumb Code     0  libinit2.o(.ARM.Collect$$libinit$$00000004)
    __rt_lib_init_rand_1                     0x08000219   Thumb Code     0  libinit2.o(.ARM.Collect$$libinit$$0000000E)
    __rt_lib_init_return                     0x08000219   Thumb Code     0  libinit2.o(.ARM.Collect$$libinit$$00000033)
    __rt_lib_init_signal_1                   0x08000219   Thumb Code     0  libinit2.o(.ARM.Collect$$libinit$$0000001D)
    __rt_lib_init_stdio_1                    0x08000219   Thumb Code     0  libinit2.o(.ARM.Collect$$libinit$$00000025)
    __rt_lib_init_user_alloc_1               0x08000219   Thumb Code     0  libinit2.o(.ARM.Collect$$libinit$$0000000C)
    __rt_lib_shutdown                        0x0800021b   Thumb Code     0  libshutdown.o(.ARM.Collect$$libshutdown$$00000000)
    __rt_lib_shutdown_cpp_1                  0x0800021d   Thumb Code     0  libshutdown2.o(.ARM.Collect$$libshutdown$$00000002)
    __rt_lib_shutdown_fp_trap_1              0x0800021d   Thumb Code     0  libshutdown2.o(.ARM.Collect$$libshutdown$$00000007)
    __rt_lib_shutdown_heap_1                 0x0800021d   Thumb Code     0  libshutdown2.o(.ARM.Collect$$libshutdown$$0000000F)
    __rt_lib_shutdown_return                 0x0800021d   Thumb Code     0  libshutdown2.o(.ARM.Collect$$libshutdown$$00000010)
    __rt_lib_shutdown_signal_1               0x0800021d   Thumb Code     0  libshutdown2.o(.ARM.Collect$$libshutdown$$0000000A)
    __rt_lib_shutdown_stdio_1                0x0800021d   Thumb Code     0  libshutdown2.o(.ARM.Collect$$libshutdown$$00000004)
    __rt_lib_shutdown_user_alloc_1           0x0800021d   Thumb Code     0  libshutdown2.o(.ARM.Collect$$libshutdown$$0000000C)
    __rt_entry                               0x0800021f   Thumb Code     0  __rtentry.o(.ARM.Collect$$rtentry$$00000000)
    __rt_entry_presh_1                       0x0800021f   Thumb Code     0  __rtentry2.o(.ARM.Collect$$rtentry$$00000002)
    __rt_entry_sh                            0x0800021f   Thumb Code     0  __rtentry4.o(.ARM.Collect$$rtentry$$00000004)
    __rt_entry_li                            0x08000225   Thumb Code     0  __rtentry2.o(.ARM.Collect$$rtentry$$0000000A)
    __rt_entry_postsh_1                      0x08000225   Thumb Code     0  __rtentry2.o(.ARM.Collect$$rtentry$$00000009)
    __rt_entry_main                          0x08000229   Thumb Code     0  __rtentry2.o(.ARM.Collect$$rtentry$$0000000D)
    __rt_entry_postli_1                      0x08000229   Thumb Code     0  __rtentry2.o(.ARM.Collect$$rtentry$$0000000C)
    __rt_exit                                0x08000231   Thumb Code     0  rtexit.o(.ARM.Collect$$rtexit$$00000000)
    __rt_exit_ls                             0x08000233   Thumb Code     0  rtexit2.o(.ARM.Collect$$rtexit$$00000003)
    __rt_exit_prels_1                        0x08000233   Thumb Code     0  rtexit2.o(.ARM.Collect$$rtexit$$00000002)
    __rt_exit_exit                           0x08000237   Thumb Code     0  rtexit2.o(.ARM.Collect$$rtexit$$00000004)
    Reset_Handler                            0x0800023d   Thumb Code     8  startup_stm32l475xx.o(.text)
    NMI_Handler                              0x08000245   Thumb Code     2  startup_stm32l475xx.o(.text)
    HardFault_Handler                        0x08000247   Thumb Code     2  startup_stm32l475xx.o(.text)
    MemManage_Handler                        0x08000249   Thumb Code     2  startup_stm32l475xx.o(.text)
    BusFault_Handler                         0x0800024b   Thumb Code     2  startup_stm32l475xx.o(.text)
    UsageFault_Handler                       0x0800024d   Thumb Code     2  startup_stm32l475xx.o(.text)
    DebugMon_Handler                         0x08000251   Thumb Code     2  startup_stm32l475xx.o(.text)
    ADC1_2_IRQHandler                        0x08000257   Thumb Code     0  startup_stm32l475xx.o(.text)
    ADC3_IRQHandler                          0x08000257   Thumb Code     0  startup_stm32l475xx.o(.text)
    CAN1_RX0_IRQHandler                      0x08000257   Thumb Code     0  startup_stm32l475xx.o(.text)
    CAN1_RX1_IRQHandler                      0x08000257   Thumb Code     0  startup_stm32l475xx.o(.text)
    CAN1_SCE_IRQHandler                      0x08000257   Thumb Code     0  startup_stm32l475xx.o(.text)
    CAN1_TX_IRQHandler                       0x08000257   Thumb Code     0  startup_stm32l475xx.o(.text)
    COMP_IRQHandler                          0x08000257   Thumb Code     0  startup_stm32l475xx.o(.text)
    DFSDM1_FLT0_IRQHandler                   0x08000257   Thumb Code     0  startup_stm32l475xx.o(.text)
    DFSDM1_FLT1_IRQHandler                   0x08000257   Thumb Code     0  startup_stm32l475xx.o(.text)
    DFSDM1_FLT2_IRQHandler                   0x08000257   Thumb Code     0  startup_stm32l475xx.o(.text)
    DFSDM1_FLT3_IRQHandler                   0x08000257   Thumb Code     0  startup_stm32l475xx.o(.text)
    DMA1_Channel1_IRQHandler                 0x08000257   Thumb Code     0  startup_stm32l475xx.o(.text)
    DMA1_Channel2_IRQHandler                 0x08000257   Thumb Code     0  startup_stm32l475xx.o(.text)
    DMA1_Channel3_IRQHandler                 0x08000257   Thumb Code     0  startup_stm32l475xx.o(.text)
    DMA1_Channel4_IRQHandler                 0x08000257   Thumb Code     0  startup_stm32l475xx.o(.text)
    DMA1_Channel5_IRQHandler                 0x08000257   Thumb Code     0  startup_stm32l475xx.o(.text)
    DMA1_Channel6_IRQHandler                 0x08000257   Thumb Code     0  startup_stm32l475xx.o(.text)
    DMA1_Channel7_IRQHandler                 0x08000257   Thumb Code     0  startup_stm32l475xx.o(.text)
    DMA2_Channel1_IRQHandler                 0x08000257   Thumb Code     0  startup_stm32l475xx.o(.text)
    DMA2_Channel2_IRQHandler                 0x08000257   Thumb Code     0  startup_stm32l475xx.o(.text)
    DMA2_Channel3_IRQHandler                 0x08000257   Thumb Code     0  startup_stm32l475xx.o(.text)
    DMA2_Channel4_IRQHandler                 0x08000257   Thumb Code     0  startup_stm32l475xx.o(.text)
    DMA2_Channel5_IRQHandler                 0x08000257   Thumb Code     0  startup_stm32l475xx.o(.text)
    DMA2_Channel6_IRQHandler                 0x08000257   Thumb Code     0  startup_stm32l475xx.o(.text)
    DMA2_Channel7_IRQHandler                 0x08000257   Thumb Code     0  startup_stm32l475xx.o(.text)
    EXTI0_IRQHandler                         0x08000257   Thumb Code     0  startup_stm32l475xx.o(.text)
    EXTI2_IRQHandler                         0x08000257   Thumb Code     0  startup_stm32l475xx.o(.text)
    EXTI3_IRQHandler                         0x08000257   Thumb Code     0  startup_stm32l475xx.o(.text)
    EXTI4_IRQHandler                         0x08000257   Thumb Code     0  startup_stm32l475xx.o(.text)
    FLASH_IRQHandler                         0x08000257   Thumb Code     0  startup_stm32l475xx.o(.text)
    FMC_IRQHandler                           0x08000257   Thumb Code     0  startup_stm32l475xx.o(.text)
    FPU_IRQHandler                           0x08000257   Thumb Code     0  startup_stm32l475xx.o(.text)
    I2C1_ER_IRQHandler                       0x08000257   Thumb Code     0  startup_stm32l475xx.o(.text)
    I2C1_EV_IRQHandler                       0x08000257   Thumb Code     0  startup_stm32l475xx.o(.text)
    I2C2_ER_IRQHandler                       0x08000257   Thumb Code     0  startup_stm32l475xx.o(.text)
    I2C2_EV_IRQHandler                       0x08000257   Thumb Code     0  startup_stm32l475xx.o(.text)
    I2C3_ER_IRQHandler                       0x08000257   Thumb Code     0  startup_stm32l475xx.o(.text)
    I2C3_EV_IRQHandler                       0x08000257   Thumb Code     0  startup_stm32l475xx.o(.text)
    LPTIM1_IRQHandler                        0x08000257   Thumb Code     0  startup_stm32l475xx.o(.text)
    LPTIM2_IRQHandler                        0x08000257   Thumb Code     0  startup_stm32l475xx.o(.text)
    LPUART1_IRQHandler                       0x08000257   Thumb Code     0  startup_stm32l475xx.o(.text)
    OTG_FS_IRQHandler                        0x08000257   Thumb Code     0  startup_stm32l475xx.o(.text)
    PVD_PVM_IRQHandler                       0x08000257   Thumb Code     0  startup_stm32l475xx.o(.text)
    QUADSPI_IRQHandler                       0x08000257   Thumb Code     0  startup_stm32l475xx.o(.text)
    RCC_IRQHandler                           0x08000257   Thumb Code     0  startup_stm32l475xx.o(.text)
    RNG_IRQHandler                           0x08000257   Thumb Code     0  startup_stm32l475xx.o(.text)
    RTC_Alarm_IRQHandler                     0x08000257   Thumb Code     0  startup_stm32l475xx.o(.text)
    RTC_WKUP_IRQHandler                      0x08000257   Thumb Code     0  startup_stm32l475xx.o(.text)
    SAI1_IRQHandler                          0x08000257   Thumb Code     0  startup_stm32l475xx.o(.text)
    SAI2_IRQHandler                          0x08000257   Thumb Code     0  startup_stm32l475xx.o(.text)
    SDMMC1_IRQHandler                        0x08000257   Thumb Code     0  startup_stm32l475xx.o(.text)
    SPI1_IRQHandler                          0x08000257   Thumb Code     0  startup_stm32l475xx.o(.text)
    SPI2_IRQHandler                          0x08000257   Thumb Code     0  startup_stm32l475xx.o(.text)
    SWPMI1_IRQHandler                        0x08000257   Thumb Code     0  startup_stm32l475xx.o(.text)
    TAMP_STAMP_IRQHandler                    0x08000257   Thumb Code     0  startup_stm32l475xx.o(.text)
    TIM1_BRK_TIM15_IRQHandler                0x08000257   Thumb Code     0  startup_stm32l475xx.o(.text)
    TIM1_CC_IRQHandler                       0x08000257   Thumb Code     0  startup_stm32l475xx.o(.text)
    TIM1_TRG_COM_TIM17_IRQHandler            0x08000257   Thumb Code     0  startup_stm32l475xx.o(.text)
    TIM1_UP_TIM16_IRQHandler                 0x08000257   Thumb Code     0  startup_stm32l475xx.o(.text)
    TIM2_IRQHandler                          0x08000257   Thumb Code     0  startup_stm32l475xx.o(.text)
    TIM3_IRQHandler                          0x08000257   Thumb Code     0  startup_stm32l475xx.o(.text)
    TIM4_IRQHandler                          0x08000257   Thumb Code     0  startup_stm32l475xx.o(.text)
    TIM5_IRQHandler                          0x08000257   Thumb Code     0  startup_stm32l475xx.o(.text)
    TIM6_DAC_IRQHandler                      0x08000257   Thumb Code     0  startup_stm32l475xx.o(.text)
    TIM7_IRQHandler                          0x08000257   Thumb Code     0  startup_stm32l475xx.o(.text)
    TIM8_BRK_IRQHandler                      0x08000257   Thumb Code     0  startup_stm32l475xx.o(.text)
    TIM8_CC_IRQHandler                       0x08000257   Thumb Code     0  startup_stm32l475xx.o(.text)
    TIM8_TRG_COM_IRQHandler                  0x08000257   Thumb Code     0  startup_stm32l475xx.o(.text)
    TIM8_UP_IRQHandler                       0x08000257   Thumb Code     0  startup_stm32l475xx.o(.text)
    TSC_IRQHandler                           0x08000257   Thumb Code     0  startup_stm32l475xx.o(.text)
    UART5_IRQHandler                         0x08000257   Thumb Code     0  startup_stm32l475xx.o(.text)
    USART2_IRQHandler                        0x08000257   Thumb Code     0  startup_stm32l475xx.o(.text)
    WWDG_IRQHandler                          0x08000257   Thumb Code     0  startup_stm32l475xx.o(.text)
    __user_initial_stackheap                 0x08000259   Thumb Code     0  startup_stm32l475xx.o(.text)
    __2printf                                0x0800027d   Thumb Code    20  __2printf.o(.text)
    _printf_pre_padding                      0x08000295   Thumb Code    44  _printf_pad.o(.text)
    _printf_post_padding                     0x080002c1   Thumb Code    34  _printf_pad.o(.text)
    _printf_str                              0x080002e3   Thumb Code    82  _printf_str.o(.text)
    _printf_int_dec                          0x08000335   Thumb Code   104  _printf_dec.o(.text)
    _printf_longlong_hex                     0x080003ad   Thumb Code    86  _printf_hex_int_ll_ptr.o(.text)
    _printf_int_hex                          0x08000403   Thumb Code    28  _printf_hex_int_ll_ptr.o(.text)
    _printf_ll_hex                           0x0800041f   Thumb Code    12  _printf_hex_int_ll_ptr.o(.text)
    _printf_hex_ptr                          0x0800042b   Thumb Code    18  _printf_hex_int_ll_ptr.o(.text)
    __printf                                 0x08000441   Thumb Code   388  __printf_flags_ss_wp.o(.text)
    __aeabi_memclr4                          0x080005cf   Thumb Code     0  rt_memclr_w.o(.text)
    __aeabi_memclr8                          0x080005cf   Thumb Code     0  rt_memclr_w.o(.text)
    __rt_memclr_w                            0x080005cf   Thumb Code    78  rt_memclr_w.o(.text)
    _memset_w                                0x080005d3   Thumb Code     0  rt_memclr_w.o(.text)
    __use_two_region_memory                  0x0800061d   Thumb Code     2  heapauxi.o(.text)
    __rt_heap_escrow$2region                 0x0800061f   Thumb Code     2  heapauxi.o(.text)
    __rt_heap_expand$2region                 0x08000621   Thumb Code     2  heapauxi.o(.text)
    _printf_int_common                       0x08000623   Thumb Code   178  _printf_intcommon.o(.text)
    _printf_char_common                      0x080006df   Thumb Code    32  _printf_char_common.o(.text)
    _printf_cs_common                        0x08000705   Thumb Code    20  _printf_char.o(.text)
    _printf_char                             0x08000719   Thumb Code    16  _printf_char.o(.text)
    _printf_string                           0x08000729   Thumb Code     8  _printf_char.o(.text)
    _printf_char_file                        0x08000731   Thumb Code    32  _printf_char_file.o(.text)
    ferror                                   0x08000755   Thumb Code     8  ferror.o(.text)
    __user_setup_stackheap                   0x0800075d   Thumb Code    74  sys_stackheap_outer.o(.text)
    exit                                     0x080007a7   Thumb Code    18  exit.o(.text)
    __user_libspace                          0x080007b9   Thumb Code     8  libspace.o(.text)
    __user_perproc_libspace                  0x080007b9   Thumb Code     0  libspace.o(.text)
    __user_perthread_libspace                0x080007b9   Thumb Code     0  libspace.o(.text)
    _sys_exit                                0x080007c1   Thumb Code     8  sys_exit.o(.text)
    __I$use$semihosting                      0x080007cd   Thumb Code     0  use_no_semi.o(.text)
    __use_no_semihosting_swi                 0x080007cd   Thumb Code     2  use_no_semi.o(.text)
    __semihosting_library_function           0x080007cf   Thumb Code     0  indicate_semi.o(.text)
    EXTI15_10_IRQHandler                     0x080007d1   Thumb Code    92  processes.o(.text.EXTI15_10_IRQHandler)
    EXTI1_IRQHandler                         0x0800082d   Thumb Code    68  processes.o(.text.EXTI1_IRQHandler)
    EXTI9_5_IRQHandler                       0x08000871   Thumb Code    68  processes.o(.text.EXTI9_5_IRQHandler)
    GPIO_Config                              0x080008b5   Thumb Code   160  gpio.o(.text.GPIO_Config)
    HAL_DMA_Abort_IT                         0x08000955   Thumb Code    70  stm32l4xx_hal_dma.o(.text.HAL_DMA_Abort_IT)
    HAL_GPIO_EXTI_Callback                   0x0800099b   Thumb Code     2  stm32l4xx_hal_gpio.o(.text.HAL_GPIO_EXTI_Callback)
    HAL_GPIO_EXTI_IRQHandler                 0x0800099d   Thumb Code    20  stm32l4xx_hal_gpio.o(.text.HAL_GPIO_EXTI_IRQHandler)
    HAL_GetTick                              0x080009b1   Thumb Code    12  stm32l4xx_hal.o(.text.HAL_GetTick)
    HAL_I2CEx_ConfigAnalogFilter             0x080009bd   Thumb Code    60  stm32l4xx_hal_i2c_ex.o(.text.HAL_I2CEx_ConfigAnalogFilter)
    HAL_I2C_Init                             0x080009f9   Thumb Code   156  stm32l4xx_hal_i2c.o(.text.HAL_I2C_Init)
    HAL_I2C_Mem_Read                         0x08000a95   Thumb Code   272  stm32l4xx_hal_i2c.o(.text.HAL_I2C_Mem_Read)
    HAL_I2C_MspInit                          0x08000bab   Thumb Code     2  stm32l4xx_hal_i2c.o(.text.HAL_I2C_MspInit)
    HAL_InitTick                             0x08000bad   Thumb Code    36  stm32l4xx_hal.o(.text.HAL_InitTick)
    HAL_NVIC_EnableIRQ                       0x08000bd1   Thumb Code    20  stm32l4xx_hal_cortex.o(.text.HAL_NVIC_EnableIRQ)
    HAL_NVIC_SetPriority                     0x08000be5   Thumb Code    60  stm32l4xx_hal_cortex.o(.text.HAL_NVIC_SetPriority)
    HAL_PWREx_ControlVoltageScaling          0x08000c21   Thumb Code    92  stm32l4xx_hal_pwr_ex.o(.text.HAL_PWREx_ControlVoltageScaling)
    HAL_PWREx_GetVoltageRange                0x08000c7d   Thumb Code    16  stm32l4xx_hal_pwr_ex.o(.text.HAL_PWREx_GetVoltageRange)
    HAL_RCC_ClockConfig                      0x08000c8d   Thumb Code   376  stm32l4xx_hal_rcc.o(.text.HAL_RCC_ClockConfig)
    HAL_RCC_GetSysClockFreq                  0x08000e05   Thumb Code   272  stm32l4xx_hal_rcc.o(.text.HAL_RCC_GetSysClockFreq)
    HAL_RCC_OscConfig                        0x08000f15   Thumb Code  1104  stm32l4xx_hal_rcc.o(.text.HAL_RCC_OscConfig)
    HAL_SPI_ErrorCallback                    0x08001365   Thumb Code     2  stm32l4xx_hal_spi.o(.text.HAL_SPI_ErrorCallback)
    HAL_SPI_IRQHandler                       0x08001369   Thumb Code   232  stm32l4xx_hal_spi.o(.text.HAL_SPI_IRQHandler)
    HAL_SYSTICK_Config                       0x08001451   Thumb Code    40  stm32l4xx_hal_cortex.o(.text.HAL_SYSTICK_Config)
    I2C2_Config                              0x08001479   Thumb Code   128  processes.o(.text.I2C2_Config)
    ISR_Config                               0x080016bd   Thumb Code   192  processes.o(.text.ISR_Config)
    LEDs_Init                                0x0800177d   Thumb Code   100  gpio.o(.text.LEDs_Init)
    OsInits                                  0x08001995   Thumb Code    72  processes.o(.text.OsInits)
    PendSV_Handler                           0x080019e1   Thumb Code   100  port.o(.text.PendSV_Handler)
    RCC_Config                               0x08001a5d   Thumb Code   160  processes.o(.text.RCC_Config)
    RTC_Config                               0x08001b81   Thumb Code    56  processes.o(.text.RTC_Config)
    SPI3_IRQHandler                          0x08001bb9   Thumb Code    48  processes.o(.text.SPI3_IRQHandler)
    SVC_Handler                              0x08001c01   Thumb Code    36  port.o(.text.SVC_Handler)
    SysTick_Handler                          0x08001c31   Thumb Code    44  port.o(.text.SysTick_Handler)
    SystemClock_Config                       0x08001c5d   Thumb Code    96  main.o(.text.SystemClock_Config)
    SystemInit                               0x08001cbd   Thumb Code    64  system_stm32l4xx.o(.text.SystemInit)
    UART4_Config                             0x08001cfd   Thumb Code    28  uart.o(.text.UART4_Config)
    UART4_IRQHandler                         0x08001d19   Thumb Code    16  processes.o(.text.UART4_IRQHandler)
    USART1_IRQHandler                        0x08001d29   Thumb Code    36  processes.o(.text.USART1_IRQHandler)
    USART3_IRQHandler                        0x08001d4d   Thumb Code    20  processes.o(.text.USART3_IRQHandler)
    Welcome                                  0x08001d61   Thumb Code    40  processes.o(.text.Welcome)
    _uart4_send_b                            0x08001d89   Thumb Code    12  uart.o(.text._uart4_send_b)
    _uart4_send_s                            0x08001d95   Thumb Code    40  uart.o(.text._uart4_send_s)
    fputc                                    0x08001dbd   Thumb Code     4  uart.o(.text.fputc)
    line                                     0x08001dc1   Thumb Code    56  processes.o(.text.line)
    main                                     0x08001df9   Thumb Code   292  main.o(.text.main)
    mydelay                                  0x08001f1d   Thumb Code    44  main.o(.text.mydelay)
    nl                                       0x08001f49   Thumb Code    28  processes.o(.text.nl)
    togglepin                                0x08001f7d   Thumb Code     8  processes.o(.text.togglepin)
    uxListRemove                             0x08001f85   Thumb Code    34  list.o(.text.uxListRemove)
    vListInsertEnd                           0x08001fa7   Thumb Code    26  list.o(.text.vListInsertEnd)
    vTaskSwitchContext                       0x08001fc1   Thumb Code    88  tasks.o(.text.vTaskSwitchContext)
    xTaskIncrementTick                       0x08002019   Thumb Code   216  tasks.o(.text.xTaskIncrementTick)
    _is_digit                                0x080020f1   Thumb Code    14  __printf_wp.o(i._is_digit)
    _fp_init                                 0x080020ff   Thumb Code    26  fpinit.o(x$fpl$fpinit)
    __fplib_config_fpu_vfp                   0x08002117   Thumb Code     0  fpinit.o(x$fpl$fpinit)
    __fplib_config_pureend_doubles           0x08002117   Thumb Code     0  fpinit.o(x$fpl$fpinit)
    AHBPrescTable                            0x08002151   Data          16  system_stm32l4xx.o(.rodata.AHBPrescTable)
    MSIRangeTable                            0x08002164   Data          48  system_stm32l4xx.o(.rodata.MSIRangeTable)
    Region$$Table$$Base                      0x080021b4   Number         0  anon$$obj.o(Region$$Table)
    Region$$Table$$Limit                     0x080021d4   Number         0  anon$$obj.o(Region$$Table)
    SystemCoreClock                          0x20000000   Data           4  system_stm32l4xx.o(.data.SystemCoreClock)
    __stdout                                 0x20000004   Data          84  uart.o(.data.__stdout)
    __libspace_start                         0x20000058   Data          96  libspace.o(.bss)
    __temporary_stack_top$libspace           0x200000b8   Data           0  libspace.o(.bss)
    pxCurrentTCB                             0x200000b8   Data           4  tasks.o(.bss..L_MergedGlobals)
    CmdStatus                                0x20000130   Data           1  main.o(.bss.CmdStatus)
    hi2c                                     0x20000134   Data          76  processes.o(.bss.hi2c)
    hspi3                                    0x20000180   Data         100  spi.o(.bss.hspi3)
    uwTick                                   0x20000248   Data           4  stm32l4xx_hal.o(.bss.uwTick)
    wificmdStatus                            0x2000024c   Data           1  main.o(.bss.wificmdStatus)



==============================================================================

Memory Map of the image

  Image Entry point : 0x0800023d

  Load Region LR_1 (Base: 0x08000000, Size: 0x0000222c, Max: 0xffffffff, ABSOLUTE)

    Execution Region ER_RO (Exec base: 0x08000000, Load base: 0x08000000, Size: 0x000021d4, Max: 0xffffffff, ABSOLUTE)

    Exec Addr    Load Addr    Size         Type   Attr      Idx    E Section Name        Object

    0x08000000   0x08000000   0x00000188   Data   RO          677    RESET               startup_stm32l475xx.o
    0x08000188   0x08000188   0x00000008   Code   RO         2007  * !!!main             c_w.l(__main.o)
    0x08000190   0x08000190   0x00000034   Code   RO         2301    !!!scatter          c_w.l(__scatter.o)
    0x080001c4   0x080001c4   0x0000001a   Code   RO         2303    !!handler_copy      c_w.l(__scatter_copy.o)
    0x080001de   0x080001de   0x00000002   PAD
    0x080001e0   0x080001e0   0x0000001c   Code   RO         2305    !!handler_zi        c_w.l(__scatter_zi.o)
    0x080001fc   0x080001fc   0x00000000   Code   RO         1981    .ARM.Collect$$_printf_percent$$00000000  c_w.l(_printf_percent.o)
    0x080001fc   0x080001fc   0x00000006   Code   RO         1979    .ARM.Collect$$_printf_percent$$00000009  c_w.l(_printf_d.o)
    0x08000202   0x08000202   0x00000006   Code   RO         1978    .ARM.Collect$$_printf_percent$$0000000C  c_w.l(_printf_x.o)
    0x08000208   0x08000208   0x00000006   Code   RO         1977    .ARM.Collect$$_printf_percent$$00000014  c_w.l(_printf_s.o)
    0x0800020e   0x0800020e   0x00000004   Code   RO         2043    .ARM.Collect$$_printf_percent$$00000017  c_w.l(_printf_percent_end.o)
    0x08000212   0x08000212   0x00000002   Code   RO         2151    .ARM.Collect$$libinit$$00000000  c_w.l(libinit.o)
    0x08000214   0x08000214   0x00000004   Code   RO         2169    .ARM.Collect$$libinit$$00000001  c_w.l(libinit2.o)
    0x08000218   0x08000218   0x00000000   Code   RO         2172    .ARM.Collect$$libinit$$00000004  c_w.l(libinit2.o)
    0x08000218   0x08000218   0x00000000   Code   RO         2175    .ARM.Collect$$libinit$$0000000A  c_w.l(libinit2.o)
    0x08000218   0x08000218   0x00000000   Code   RO         2177    .ARM.Collect$$libinit$$0000000C  c_w.l(libinit2.o)
    0x08000218   0x08000218   0x00000000   Code   RO         2179    .ARM.Collect$$libinit$$0000000E  c_w.l(libinit2.o)
    0x08000218   0x08000218   0x00000000   Code   RO         2182    .ARM.Collect$$libinit$$00000011  c_w.l(libinit2.o)
    0x08000218   0x08000218   0x00000000   Code   RO         2184    .ARM.Collect$$libinit$$00000013  c_w.l(libinit2.o)
    0x08000218   0x08000218   0x00000000   Code   RO         2186    .ARM.Collect$$libinit$$00000015  c_w.l(libinit2.o)
    0x08000218   0x08000218   0x00000000   Code   RO         2188    .ARM.Collect$$libinit$$00000017  c_w.l(libinit2.o)
    0x08000218   0x08000218   0x00000000   Code   RO         2190    .ARM.Collect$$libinit$$00000019  c_w.l(libinit2.o)
    0x08000218   0x08000218   0x00000000   Code   RO         2192    .ARM.Collect$$libinit$$0000001B  c_w.l(libinit2.o)
    0x08000218   0x08000218   0x00000000   Code   RO         2194    .ARM.Collect$$libinit$$0000001D  c_w.l(libinit2.o)
    0x08000218   0x08000218   0x00000000   Code   RO         2196    .ARM.Collect$$libinit$$0000001F  c_w.l(libinit2.o)
    0x08000218   0x08000218   0x00000000   Code   RO         2198    .ARM.Collect$$libinit$$00000021  c_w.l(libinit2.o)
    0x08000218   0x08000218   0x00000000   Code   RO         2200    .ARM.Collect$$libinit$$00000023  c_w.l(libinit2.o)
    0x08000218   0x08000218   0x00000000   Code   RO         2202    .ARM.Collect$$libinit$$00000025  c_w.l(libinit2.o)
    0x08000218   0x08000218   0x00000000   Code   RO         2206    .ARM.Collect$$libinit$$0000002C  c_w.l(libinit2.o)
    0x08000218   0x08000218   0x00000000   Code   RO         2208    .ARM.Collect$$libinit$$0000002E  c_w.l(libinit2.o)
    0x08000218   0x08000218   0x00000000   Code   RO         2210    .ARM.Collect$$libinit$$00000030  c_w.l(libinit2.o)
    0x08000218   0x08000218   0x00000000   Code   RO         2212    .ARM.Collect$$libinit$$00000032  c_w.l(libinit2.o)
    0x08000218   0x08000218   0x00000002   Code   RO         2213    .ARM.Collect$$libinit$$00000033  c_w.l(libinit2.o)
    0x0800021a   0x0800021a   0x00000002   Code   RO         2237    .ARM.Collect$$libshutdown$$00000000  c_w.l(libshutdown.o)
    0x0800021c   0x0800021c   0x00000000   Code   RO         2252    .ARM.Collect$$libshutdown$$00000002  c_w.l(libshutdown2.o)
    0x0800021c   0x0800021c   0x00000000   Code   RO         2254    .ARM.Collect$$libshutdown$$00000004  c_w.l(libshutdown2.o)
    0x0800021c   0x0800021c   0x00000000   Code   RO         2257    .ARM.Collect$$libshutdown$$00000007  c_w.l(libshutdown2.o)
    0x0800021c   0x0800021c   0x00000000   Code   RO         2260    .ARM.Collect$$libshutdown$$0000000A  c_w.l(libshutdown2.o)
    0x0800021c   0x0800021c   0x00000000   Code   RO         2262    .ARM.Collect$$libshutdown$$0000000C  c_w.l(libshutdown2.o)
    0x0800021c   0x0800021c   0x00000000   Code   RO         2265    .ARM.Collect$$libshutdown$$0000000F  c_w.l(libshutdown2.o)
    0x0800021c   0x0800021c   0x00000002   Code   RO         2266    .ARM.Collect$$libshutdown$$00000010  c_w.l(libshutdown2.o)
    0x0800021e   0x0800021e   0x00000000   Code   RO         2009    .ARM.Collect$$rtentry$$00000000  c_w.l(__rtentry.o)
    0x0800021e   0x0800021e   0x00000000   Code   RO         2066    .ARM.Collect$$rtentry$$00000002  c_w.l(__rtentry2.o)
    0x0800021e   0x0800021e   0x00000006   Code   RO         2078    .ARM.Collect$$rtentry$$00000004  c_w.l(__rtentry4.o)
    0x08000224   0x08000224   0x00000000   Code   RO         2068    .ARM.Collect$$rtentry$$00000009  c_w.l(__rtentry2.o)
    0x08000224   0x08000224   0x00000004   Code   RO         2069    .ARM.Collect$$rtentry$$0000000A  c_w.l(__rtentry2.o)
    0x08000228   0x08000228   0x00000000   Code   RO         2071    .ARM.Collect$$rtentry$$0000000C  c_w.l(__rtentry2.o)
    0x08000228   0x08000228   0x00000008   Code   RO         2072    .ARM.Collect$$rtentry$$0000000D  c_w.l(__rtentry2.o)
    0x08000230   0x08000230   0x00000002   Code   RO         2160    .ARM.Collect$$rtexit$$00000000  c_w.l(rtexit.o)
    0x08000232   0x08000232   0x00000000   Code   RO         2215    .ARM.Collect$$rtexit$$00000002  c_w.l(rtexit2.o)
    0x08000232   0x08000232   0x00000004   Code   RO         2216    .ARM.Collect$$rtexit$$00000003  c_w.l(rtexit2.o)
    0x08000236   0x08000236   0x00000006   Code   RO         2217    .ARM.Collect$$rtexit$$00000004  c_w.l(rtexit2.o)
    0x0800023c   0x0800023c   0x00000040   Code   RO          678  * .text               startup_stm32l475xx.o
    0x0800027c   0x0800027c   0x00000018   Code   RO         1919    .text               c_w.l(__2printf.o)
    0x08000294   0x08000294   0x0000004e   Code   RO         1929    .text               c_w.l(_printf_pad.o)
    0x080002e2   0x080002e2   0x00000052   Code   RO         1931    .text               c_w.l(_printf_str.o)
    0x08000334   0x08000334   0x00000078   Code   RO         1933    .text               c_w.l(_printf_dec.o)
    0x080003ac   0x080003ac   0x00000094   Code   RO         1953    .text               c_w.l(_printf_hex_int_ll_ptr.o)
    0x08000440   0x08000440   0x0000018e   Code   RO         1973    .text               c_w.l(__printf_flags_ss_wp.o)
    0x080005ce   0x080005ce   0x0000004e   Code   RO         2001    .text               c_w.l(rt_memclr_w.o)
    0x0800061c   0x0800061c   0x00000006   Code   RO         2005    .text               c_w.l(heapauxi.o)
    0x08000622   0x08000622   0x000000b2   Code   RO         2012    .text               c_w.l(_printf_intcommon.o)
    0x080006d4   0x080006d4   0x00000030   Code   RO         2016    .text               c_w.l(_printf_char_common.o)
    0x08000704   0x08000704   0x0000002c   Code   RO         2020    .text               c_w.l(_printf_char.o)
    0x08000730   0x08000730   0x00000024   Code   RO         2022    .text               c_w.l(_printf_char_file.o)
    0x08000754   0x08000754   0x00000008   Code   RO         2093    .text               c_w.l(ferror.o)
    0x0800075c   0x0800075c   0x0000004a   Code   RO         2103    .text               c_w.l(sys_stackheap_outer.o)
    0x080007a6   0x080007a6   0x00000012   Code   RO         2144    .text               c_w.l(exit.o)
    0x080007b8   0x080007b8   0x00000008   Code   RO         2157    .text               c_w.l(libspace.o)
    0x080007c0   0x080007c0   0x0000000c   Code   RO         2227    .text               c_w.l(sys_exit.o)
    0x080007cc   0x080007cc   0x00000002   Code   RO         2242    .text               c_w.l(use_no_semi.o)
    0x080007ce   0x080007ce   0x00000000   Code   RO         2244    .text               c_w.l(indicate_semi.o)
    0x080007ce   0x080007ce   0x00000002   PAD
    0x080007d0   0x080007d0   0x0000005c   Code   RO          578    .text.EXTI15_10_IRQHandler  processes.o
    0x0800082c   0x0800082c   0x00000044   Code   RO          574    .text.EXTI1_IRQHandler  processes.o
    0x08000870   0x08000870   0x00000044   Code   RO          576    .text.EXTI9_5_IRQHandler  processes.o
    0x080008b4   0x080008b4   0x000000a0   Code   RO          648    .text.GPIO_Config   gpio.o
    0x08000954   0x08000954   0x00000046   Code   RO         1065    .text.HAL_DMA_Abort_IT  stm32l4xx_hal_dma.o
    0x0800099a   0x0800099a   0x00000002   Code   RO          838    .text.HAL_GPIO_EXTI_Callback  stm32l4xx_hal_gpio.o
    0x0800099c   0x0800099c   0x00000014   Code   RO          836    .text.HAL_GPIO_EXTI_IRQHandler  stm32l4xx_hal_gpio.o
    0x080009b0   0x080009b0   0x0000000c   Code   RO          713    .text.HAL_GetTick   stm32l4xx_hal.o
    0x080009bc   0x080009bc   0x0000003c   Code   RO         1377    .text.HAL_I2CEx_ConfigAnalogFilter  stm32l4xx_hal_i2c_ex.o
    0x080009f8   0x080009f8   0x0000009c   Code   RO         1089    .text.HAL_I2C_Init  stm32l4xx_hal_i2c.o
    0x08000a94   0x08000a94   0x00000116   Code   RO         1155    .text.HAL_I2C_Mem_Read  stm32l4xx_hal_i2c.o
    0x08000baa   0x08000baa   0x00000002   Code   RO         1091    .text.HAL_I2C_MspInit  stm32l4xx_hal_i2c.o
    0x08000bac   0x08000bac   0x00000024   Code   RO          703    .text.HAL_InitTick  stm32l4xx_hal.o
    0x08000bd0   0x08000bd0   0x00000014   Code   RO          780    .text.HAL_NVIC_EnableIRQ  stm32l4xx_hal_cortex.o
    0x08000be4   0x08000be4   0x0000003c   Code   RO          776    .text.HAL_NVIC_SetPriority  stm32l4xx_hal_cortex.o
    0x08000c20   0x08000c20   0x0000005c   Code   RO         1508    .text.HAL_PWREx_ControlVoltageScaling  stm32l4xx_hal_pwr_ex.o
    0x08000c7c   0x08000c7c   0x00000010   Code   RO         1506    .text.HAL_PWREx_GetVoltageRange  stm32l4xx_hal_pwr_ex.o
    0x08000c8c   0x08000c8c   0x00000178   Code   RO         1606    .text.HAL_RCC_ClockConfig  stm32l4xx_hal_rcc.o
    0x08000e04   0x08000e04   0x00000110   Code   RO         1604    .text.HAL_RCC_GetSysClockFreq  stm32l4xx_hal_rcc.o
    0x08000f14   0x08000f14   0x00000450   Code   RO         1600    .text.HAL_RCC_OscConfig  stm32l4xx_hal_rcc.o
    0x08001364   0x08001364   0x00000002   Code   RO          936    .text.HAL_SPI_ErrorCallback  stm32l4xx_hal_spi.o
    0x08001366   0x08001366   0x00000002   PAD
    0x08001368   0x08001368   0x000000e8   Code   RO          932    .text.HAL_SPI_IRQHandler  stm32l4xx_hal_spi.o
    0x08001450   0x08001450   0x00000028   Code   RO          788    .text.HAL_SYSTICK_Config  stm32l4xx_hal_cortex.o
    0x08001478   0x08001478   0x00000080   Code   RO          546    .text.I2C2_Config   processes.o
    0x080014f8   0x080014f8   0x0000001c   Code   RO         1217    .text.I2C_Flush_TXDR  stm32l4xx_hal_i2c.o
    0x08001514   0x08001514   0x00000068   Code   RO         1231    .text.I2C_IsAcknowledgeFailed  stm32l4xx_hal_i2c.o
    0x0800157c   0x0800157c   0x00000054   Code   RO         1157    .text.I2C_RequestMemoryRead  stm32l4xx_hal_i2c.o
    0x080015d0   0x080015d0   0x00000024   Code   RO         1101    .text.I2C_TransferConfig  stm32l4xx_hal_i2c.o
    0x080015f4   0x080015f4   0x00000048   Code   RO         1099    .text.I2C_WaitOnFlagUntilTimeout  stm32l4xx_hal_i2c.o
    0x0800163c   0x0800163c   0x0000003c   Code   RO         1105    .text.I2C_WaitOnSTOPFlagUntilTimeout  stm32l4xx_hal_i2c.o
    0x08001678   0x08001678   0x00000042   Code   RO         1103    .text.I2C_WaitOnTXISFlagUntilTimeout  stm32l4xx_hal_i2c.o
    0x080016ba   0x080016ba   0x00000002   PAD
    0x080016bc   0x080016bc   0x000000c0   Code   RO          534    .text.ISR_Config    processes.o
    0x0800177c   0x0800177c   0x00000064   Code   RO          650    .text.LEDs_Init     gpio.o
    0x080017e0   0x080017e0   0x00000020   Code   RO          778    .text.NVIC_SetPriority  stm32l4xx_hal_cortex.o
    0x08001800   0x08001800   0x00000006   Code   RO          588    .text.OUTLINED_FUNCTION_0  processes.o
    0x08001806   0x08001806   0x00000014   Code   RO          635    .text.OUTLINED_FUNCTION_0  uart.o
    0x0800181a   0x0800181a   0x0000000a   Code   RO         1233    .text.OUTLINED_FUNCTION_0  stm32l4xx_hal_i2c.o
    0x08001824   0x08001824   0x00000018   Code   RO         1389    .text.OUTLINED_FUNCTION_0  stm32l4xx_hal_i2c_ex.o
    0x0800183c   0x0800183c   0x00000024   Code   RO         1626    .text.OUTLINED_FUNCTION_0  stm32l4xx_hal_rcc.o
    0x08001860   0x08001860   0x0000000a   Code   RO          590    .text.OUTLINED_FUNCTION_1  processes.o
    0x0800186a   0x0800186a   0x0000000e   Code   RO          812    .text.OUTLINED_FUNCTION_1  stm32l4xx_hal_cortex.o
    0x08001878   0x08001878   0x00000008   Code   RO         1235    .text.OUTLINED_FUNCTION_1  stm32l4xx_hal_i2c.o
    0x08001880   0x08001880   0x00000006   Code   RO         1628    .text.OUTLINED_FUNCTION_1  stm32l4xx_hal_rcc.o
    0x08001886   0x08001886   0x00000024   Code   RO         1253    .text.OUTLINED_FUNCTION_10  stm32l4xx_hal_i2c.o
    0x080018aa   0x080018aa   0x00000020   Code   RO         1257    .text.OUTLINED_FUNCTION_12  stm32l4xx_hal_i2c.o
    0x080018ca   0x080018ca   0x00000006   Code   RO         1265    .text.OUTLINED_FUNCTION_16  stm32l4xx_hal_i2c.o
    0x080018d0   0x080018d0   0x00000006   Code   RO          814    .text.OUTLINED_FUNCTION_2  stm32l4xx_hal_cortex.o
    0x080018d6   0x080018d6   0x00000008   Code   RO         1237    .text.OUTLINED_FUNCTION_2  stm32l4xx_hal_i2c.o
    0x080018de   0x080018de   0x00000008   Code   RO         1281    .text.OUTLINED_FUNCTION_24  stm32l4xx_hal_i2c.o
    0x080018e6   0x080018e6   0x00000014   Code   RO         1283    .text.OUTLINED_FUNCTION_25  stm32l4xx_hal_i2c.o
    0x080018fa   0x080018fa   0x00000010   Code   RO         1289    .text.OUTLINED_FUNCTION_28  stm32l4xx_hal_i2c.o
    0x0800190a   0x0800190a   0x00000008   Code   RO          369    .text.OUTLINED_FUNCTION_3  tasks.o
    0x08001912   0x08001912   0x0000000a   Code   RO         1293    .text.OUTLINED_FUNCTION_30  stm32l4xx_hal_i2c.o
    0x0800191c   0x0800191c   0x00000012   Code   RO         1303    .text.OUTLINED_FUNCTION_35  stm32l4xx_hal_i2c.o
    0x0800192e   0x0800192e   0x00000006   Code   RO         1307    .text.OUTLINED_FUNCTION_37  stm32l4xx_hal_i2c.o
    0x08001934   0x08001934   0x00000006   Code   RO          371    .text.OUTLINED_FUNCTION_4  tasks.o
    0x0800193a   0x0800193a   0x00000010   Code   RO         1315    .text.OUTLINED_FUNCTION_41  stm32l4xx_hal_i2c.o
    0x0800194a   0x0800194a   0x0000000e   Code   RO         1331    .text.OUTLINED_FUNCTION_49  stm32l4xx_hal_i2c.o
    0x08001958   0x08001958   0x0000000e   Code   RO         1245    .text.OUTLINED_FUNCTION_6  stm32l4xx_hal_i2c.o
    0x08001966   0x08001966   0x0000000a   Code   RO         1355    .text.OUTLINED_FUNCTION_61  stm32l4xx_hal_i2c.o
    0x08001970   0x08001970   0x0000000a   Code   RO         1359    .text.OUTLINED_FUNCTION_63  stm32l4xx_hal_i2c.o
    0x0800197a   0x0800197a   0x0000000a   Code   RO         1365    .text.OUTLINED_FUNCTION_66  stm32l4xx_hal_i2c.o
    0x08001984   0x08001984   0x00000010   Code   RO         1249    .text.OUTLINED_FUNCTION_8  stm32l4xx_hal_i2c.o
    0x08001994   0x08001994   0x00000048   Code   RO          552    .text.OsInits       processes.o
    0x080019dc   0x080019dc   0x00000004   PAD
    0x080019e0   0x080019e0   0x0000007a   Code   RO          488    .text.PendSV_Handler  port.o
    0x08001a5a   0x08001a5a   0x00000002   PAD
    0x08001a5c   0x08001a5c   0x000000a0   Code   RO          532    .text.RCC_Config    processes.o
    0x08001afc   0x08001afc   0x00000084   Code   RO         1602    .text.RCC_SetFlashLatencyFromMSIRange  stm32l4xx_hal_rcc.o
    0x08001b80   0x08001b80   0x00000038   Code   RO          536    .text.RTC_Config    processes.o
    0x08001bb8   0x08001bb8   0x00000030   Code   RO          580    .text.SPI3_IRQHandler  processes.o
    0x08001be8   0x08001be8   0x0000000e   Code   RO          934    .text.SPI_DMAAbortOnError  stm32l4xx_hal_spi.o
    0x08001bf6   0x08001bf6   0x0000000a   PAD
    0x08001c00   0x08001c00   0x0000002e   Code   RO          472    .text.SVC_Handler   port.o
    0x08001c2e   0x08001c2e   0x00000002   PAD
    0x08001c30   0x08001c30   0x0000002c   Code   RO          490    .text.SysTick_Handler  port.o
    0x08001c5c   0x08001c5c   0x00000060   Code   RO            4    .text.SystemClock_Config  main.o
    0x08001cbc   0x08001cbc   0x00000040   Code   RO          685    .text.SystemInit    system_stm32l4xx.o
    0x08001cfc   0x08001cfc   0x0000001c   Code   RO          623    .text.UART4_Config  uart.o
    0x08001d18   0x08001d18   0x00000010   Code   RO          586    .text.UART4_IRQHandler  processes.o
    0x08001d28   0x08001d28   0x00000024   Code   RO          582    .text.USART1_IRQHandler  processes.o
    0x08001d4c   0x08001d4c   0x00000014   Code   RO          584    .text.USART3_IRQHandler  processes.o
    0x08001d60   0x08001d60   0x00000028   Code   RO          554    .text.Welcome       processes.o
    0x08001d88   0x08001d88   0x0000000c   Code   RO          627    .text._uart4_send_b  uart.o
    0x08001d94   0x08001d94   0x00000028   Code   RO          629    .text._uart4_send_s  uart.o
    0x08001dbc   0x08001dbc   0x00000004   Code   RO          633    .text.fputc         uart.o
    0x08001dc0   0x08001dc0   0x00000038   Code   RO          564    .text.line          processes.o
    0x08001df8   0x08001df8   0x00000124   Code   RO            2    .text.main          main.o
    0x08001f1c   0x08001f1c   0x0000002c   Code   RO            6    .text.mydelay       main.o
    0x08001f48   0x08001f48   0x0000001c   Code   RO          512    .text.nl            processes.o
    0x08001f64   0x08001f64   0x00000018   Code   RO          259    .text.prvResetNextTaskUnblockTime  tasks.o
    0x08001f7c   0x08001f7c   0x00000008   Code   RO          572    .text.togglepin     processes.o
    0x08001f84   0x08001f84   0x00000022   Code   RO           94    .text.uxListRemove  list.o
    0x08001fa6   0x08001fa6   0x0000001a   Code   RO           90    .text.vListInsertEnd  list.o
    0x08001fc0   0x08001fc0   0x00000058   Code   RO          281    .text.vTaskSwitchContext  tasks.o
    0x08002018   0x08002018   0x000000d8   Code   RO          295    .text.xTaskIncrementTick  tasks.o
    0x080020f0   0x080020f0   0x0000000e   Code   RO         1966    i._is_digit         c_w.l(__printf_wp.o)
    0x080020fe   0x080020fe   0x0000001a   Code   RO         2225    x$fpl$fpinit        fz_wm.l(fpinit.o)
    0x08002118   0x08002118   0x00000028   Data   RO         1954    .constdata          c_w.l(_printf_hex_int_ll_ptr.o)
    0x08002140   0x08002140   0x00000011   Data   RO         1974    .constdata          c_w.l(__printf_flags_ss_wp.o)
    0x08002151   0x08002151   0x00000010   Data   RO          690    .rodata.AHBPrescTable  system_stm32l4xx.o
    0x08002161   0x08002161   0x00000003   PAD
    0x08002164   0x08002164   0x00000030   Data   RO          692    .rodata.MSIRangeTable  system_stm32l4xx.o
    0x08002194   0x08002194   0x00000003   Data   RO          599    .rodata.New_Line    processes.o
    0x08002197   0x08002197   0x0000000d   Data   RO           13    .rodata.str1.1      main.o
    0x080021a4   0x080021a4   0x00000010   Data   RO          598    .rodata.wc_note     processes.o
    0x080021b4   0x080021b4   0x00000020   Data   RO         2300    Region$$Table       anon$$obj.o


    Execution Region ER_RW (Exec base: 0x20000000, Load base: 0x080021d4, Size: 0x00000058, Max: 0xffffffff, ABSOLUTE)

    Exec Addr    Load Addr    Size         Type   Attr      Idx    E Section Name        Object

    0x20000000   0x080021d4   0x00000004   Data   RW          689    .data.SystemCoreClock  system_stm32l4xx.o
    0x20000004   0x080021d8   0x00000054   Data   RW          638    .data.__stdout      uart.o


    Execution Region ER_ZI (Exec base: 0x20000058, Load base: 0x0800222c, Size: 0x000007f8, Max: 0xffffffff, ABSOLUTE)

    Exec Addr    Load Addr    Size         Type   Attr      Idx    E Section Name        Object

    0x20000058        -       0x00000060   Zero   RW         2158    .bss                c_w.l(libspace.o)
    0x200000b8        -       0x00000078   Zero   RW          387    .bss..L_MergedGlobals  tasks.o
    0x20000130        -       0x00000001   Zero   RW           10    .bss.CmdStatus      main.o
    0x20000131   0x0800222c   0x00000003   PAD
    0x20000134        -       0x0000004c   Zero   RW          596    .bss.hi2c           processes.o
    0x20000180        -       0x00000064   Zero   RW          666    .bss.hspi3          spi.o
    0x200001e4        -       0x00000064   Zero   RW          386    .bss.pxReadyTasksLists  tasks.o
    0x20000248        -       0x00000004   Zero   RW          765    .bss.uwTick         stm32l4xx_hal.o
    0x2000024c        -       0x00000001   Zero   RW           12    .bss.wificmdStatus  main.o
    0x2000024d   0x0800222c   0x00000003   PAD
    0x20000250        -       0x00000200   Zero   RW          676    HEAP                startup_stm32l475xx.o
    0x20000450        -       0x00000400   Zero   RW          675    STACK               startup_stm32l475xx.o


==============================================================================

Image component sizes


      Code (inc. data)   RO Data    RW Data    ZI Data      Debug   Object Name

       260         24          0          0          0       1061   gpio.o
        60          0          0          0          0       2151   list.o
       432        168         13          0          2       3126   main.o
       212         12          0          0          0       3826   port.o
      1104        220         19          0         76      19378   processes.o
         0          0          0          0        100       6725   spi.o
        64         26        392          0       1536        840   startup_stm32l475xx.o
        48          4          0          0          4       7887   stm32l4xx_hal.o
       172         24          0          0          0       8901   stm32l4xx_hal_cortex.o
        70          0          0          0          0       7253   stm32l4xx_hal_dma.o
        22          4          0          0          0       5341   stm32l4xx_hal_gpio.o
      1154         24          0          0          0      35355   stm32l4xx_hal_i2c.o
        84          0          0          0          0       6056   stm32l4xx_hal_i2c_ex.o
       108          8          0          0          0       9361   stm32l4xx_hal_pwr_ex.o
      1926         64          0          0          0      10147   stm32l4xx_hal_rcc.o
       248          4          0          0          0      25459   stm32l4xx_hal_spi.o
        64         12         64          4          0       2952   system_stm32l4xx.o
       342          8          0          0        220      29238   tasks.o
       104         12          0         84          0       3105   uart.o

    ----------------------------------------------------------------------
      6496        618        523         88       1944     188162   Object Totals
         0          0         32          0          0          0   (incl. Generated)
        22          4          3          0          6          0   (incl. Padding)

    ----------------------------------------------------------------------

      Code (inc. data)   RO Data    RW Data    ZI Data      Debug   Library Member Name

        24          4          0          0          0         84   __2printf.o
         8          0          0          0          0         68   __main.o
       398          4         17          0          0         92   __printf_flags_ss_wp.o
        14          0          0          0          0         68   __printf_wp.o
         0          0          0          0          0          0   __rtentry.o
        12          0          0          0          0          0   __rtentry2.o
         6          0          0          0          0          0   __rtentry4.o
        52          8          0          0          0          0   __scatter.o
        26          0          0          0          0          0   __scatter_copy.o
        28          0          0          0          0          0   __scatter_zi.o
        44          0          0          0          0        108   _printf_char.o
        48          6          0          0          0         96   _printf_char_common.o
        36          4          0          0          0         80   _printf_char_file.o
         6          0          0          0          0          0   _printf_d.o
       120         16          0          0          0         92   _printf_dec.o
       148          4         40          0          0        160   _printf_hex_int_ll_ptr.o
       178          0          0          0          0         88   _printf_intcommon.o
        78          0          0          0          0        108   _printf_pad.o
         0          0          0          0          0          0   _printf_percent.o
         4          0          0          0          0          0   _printf_percent_end.o
         6          0          0          0          0          0   _printf_s.o
        82          0          0          0          0         80   _printf_str.o
         6          0          0          0          0          0   _printf_x.o
        18          0          0          0          0         80   exit.o
         8          0          0          0          0         68   ferror.o
         6          0          0          0          0        152   heapauxi.o
         0          0          0          0          0          0   indicate_semi.o
         2          0          0          0          0          0   libinit.o
         6          0          0          0          0          0   libinit2.o
         2          0          0          0          0          0   libshutdown.o
         2          0          0          0          0          0   libshutdown2.o
         8          4          0          0         96         68   libspace.o
        78          0          0          0          0         80   rt_memclr_w.o
         2          0          0          0          0          0   rtexit.o
        10          0          0          0          0          0   rtexit2.o
        12          4          0          0          0         68   sys_exit.o
        74          0          0          0          0         80   sys_stackheap_outer.o
         2          0          0          0          0         68   use_no_semi.o
        26          0          0          0          0        116   fpinit.o

    ----------------------------------------------------------------------
      1584         54         57          0         96       1904   Library Totals
         4          0          0          0          0          0   (incl. Padding)

    ----------------------------------------------------------------------

      Code (inc. data)   RO Data    RW Data    ZI Data      Debug   Library Name

      1554         54         57          0         96       1788   c_w.l
        26          0          0          0          0        116   fz_wm.l

    ----------------------------------------------------------------------
      1584         54         57          0         96       1904   Library Totals

    ----------------------------------------------------------------------

==============================================================================


      Code (inc. data)   RO Data    RW Data    ZI Data      Debug   

      8080        672        580         88       2040     188978   Grand Totals
      8080        672        580         88       2040     188978   ELF Image Totals
      8080        672        580         88          0          0   ROM Totals

==============================================================================

    Total RO  Size (Code + RO Data)                 8660 (   8.46kB)
    Total RW  Size (RW Data + ZI Data)              2128 (   2.08kB)
    Total ROM Size (Code + RO Data + RW Data)       8748 (   8.54kB)

==============================================================================

