Component: ARM Compiler 6.15 Tool: armlink [5dd79300]

==============================================================================

Section Cross References

    main.o(.text.main) refers to processes.o(.text.OsInits) for OsInits
    main.o(.text.main) refers to main.o(.data..L_MergedGlobals) for [Anonymous Symbol]
    main.o(.text.main) refers to processes.o(.text.led1) for led1
    main.o(.text.main) refers to processes.o(.text.led2) for led2
    main.o(.ARM.exidx.text.main) refers to main.o(.text.main) for [Anonymous Symbol]
    main.o(.data..L_MergedGlobals) refers to main.o(.bss.led1_stack) for led1_stack
    main.o(.data..L_MergedGlobals) refers to main.o(.bss.led2_stack) for led2_stack
    processes.o(.text.time) refers to processes.o(.text.write) for write
    processes.o(.ARM.exidx.text.time) refers to processes.o(.text.time) for [Anonymous Symbol]
    processes.o(.text.write) refers to vsprintf.o(.text) for vsprintf
    processes.o(.text.write) refers to processes.o(.text.write_s) for write_s
    processes.o(.text.write) refers to processes.o(.bss.write.buffer) for [Anonymous Symbol]
    processes.o(.ARM.exidx.text.write) refers to processes.o(.text.write) for [Anonymous Symbol]
    processes.o(.ARM.exidx.text.Set_time) refers to processes.o(.text.Set_time) for [Anonymous Symbol]
    processes.o(.text.time_UTC) refers to processes.o(.text.OUTLINED_FUNCTION_0) for OUTLINED_FUNCTION_0
    processes.o(.text.time_UTC) refers to processes.o(.text.write) for write
    processes.o(.text.time_UTC) refers to processes.o(.data.month_days) for [Anonymous Symbol]
    processes.o(.text.time_UTC) refers to processes.o(.rodata.str1.1) for .L.str.3
    processes.o(.ARM.exidx.text.time_UTC) refers to processes.o(.text.time_UTC) for [Anonymous Symbol]
    processes.o(.text.nl) refers to processes.o(.text.write_s) for write_s
    processes.o(.text.nl) refers to processes.o(.rodata.New_Line) for [Anonymous Symbol]
    processes.o(.ARM.exidx.text.nl) refers to processes.o(.text.nl) for [Anonymous Symbol]
    processes.o(.text.WiFi) refers to processes.o(.text.wifi_cmd) for wifi_cmd
    processes.o(.text.WiFi) refers to processes.o(.bss..L_MergedGlobals) for [Anonymous Symbol]
    processes.o(.ARM.exidx.text.WiFi) refers to processes.o(.text.WiFi) for [Anonymous Symbol]
    processes.o(.text.wifi_cmd) refers to processes.o(.text.spi_wifi_send) for spi_wifi_send
    processes.o(.text.wifi_cmd) refers to main.o(.bss.wificmdStatus) for wificmdStatus
    processes.o(.ARM.exidx.text.wifi_cmd) refers to processes.o(.text.wifi_cmd) for [Anonymous Symbol]
    processes.o(.ARM.exidx.text.RCC_Config) refers to processes.o(.text.RCC_Config) for [Anonymous Symbol]
    processes.o(.ARM.exidx.text.GPIO_Config) refers to processes.o(.text.GPIO_Config) for [Anonymous Symbol]
    processes.o(.ARM.exidx.text.ISR_Config) refers to processes.o(.text.ISR_Config) for [Anonymous Symbol]
    processes.o(.text.USART1_Config) refers to system_stm32l4xx.o(.data.SystemCoreClock) for SystemCoreClock
    processes.o(.ARM.exidx.text.USART1_Config) refers to processes.o(.text.USART1_Config) for [Anonymous Symbol]
    processes.o(.ARM.exidx.text.RTC_Config) refers to processes.o(.text.RTC_Config) for [Anonymous Symbol]
    processes.o(.ARM.exidx.text.SPI3_Config) refers to processes.o(.text.SPI3_Config) for [Anonymous Symbol]
    processes.o(.ARM.exidx.text.Systick_EN) refers to processes.o(.text.Systick_EN) for [Anonymous Symbol]
    processes.o(.text.getTick) refers to main.o(.bss.tick) for tick
    processes.o(.text.getTick) refers to main.o(.bss._tick) for _tick
    processes.o(.ARM.exidx.text.getTick) refers to processes.o(.text.getTick) for [Anonymous Symbol]
    processes.o(.text.SPI_Transmit) refers to processes.o(.text.OUTLINED_FUNCTION_0) for OUTLINED_FUNCTION_0
    processes.o(.text.SPI_Transmit) refers to processes.o(.text.write) for write
    processes.o(.text.SPI_Transmit) refers to processes.o(.text.delayMs) for delayMs
    processes.o(.ARM.exidx.text.SPI_Transmit) refers to processes.o(.text.SPI_Transmit) for [Anonymous Symbol]
    processes.o(.text.delayMs) refers to main.o(.bss.tick) for tick
    processes.o(.text.delayMs) refers to main.o(.bss._tick) for _tick
    processes.o(.ARM.exidx.text.delayMs) refers to processes.o(.text.delayMs) for [Anonymous Symbol]
    processes.o(.text.SPI_Receive8) refers to processes.o(.text.OUTLINED_FUNCTION_0) for OUTLINED_FUNCTION_0
    processes.o(.text.SPI_Receive8) refers to processes.o(.text.write) for write
    processes.o(.text.SPI_Receive8) refers to processes.o(.rodata.str1.1) for .L.str.28
    processes.o(.ARM.exidx.text.SPI_Receive8) refers to processes.o(.text.SPI_Receive8) for [Anonymous Symbol]
    processes.o(.text.SPI_Receive16) refers to processes.o(.text.OUTLINED_FUNCTION_0) for OUTLINED_FUNCTION_0
    processes.o(.text.SPI_Receive16) refers to processes.o(.text.write) for write
    processes.o(.text.SPI_Receive16) refers to main.o(.bss.CmdStatus) for CmdStatus
[...]
    ../clib/printf_percent.s                 0x00000000   Number         0  _printf_g.o ABSOLUTE
    ../clib/printf_percent.s                 0x00000000   Number         0  _printf_a.o ABSOLUTE
    ../clib/printf_percent.s                 0x00000000   Number         0  _printf_percent.o ABSOLUTE
    ../clib/printf_percent.s                 0x00000000   Number         0  _printf_lli.o ABSOLUTE
    ../clib/printf_percent.s                 0x00000000   Number         0  _printf_lld.o ABSOLUTE
    ../clib/printf_percent.s                 0x00000000   Number         0  _printf_llu.o ABSOLUTE
    ../clib/printf_percent.s                 0x00000000   Number         0  _printf_ll.o ABSOLUTE
    ../clib/printf_percent.s                 0x00000000   Number         0  _printf_l.o ABSOLUTE
    ../clib/printf_percent.s                 0x00000000   Number         0  _printf_lc.o ABSOLUTE
    ../clib/printf_percent.s                 0x00000000   Number         0  _printf_ls.o ABSOLUTE
    ../clib/printf_percent.s                 0x00000000   Number         0  _printf_llo.o ABSOLUTE
    ../clib/printf_percent.s                 0x00000000   Number         0  _printf_llx.o ABSOLUTE
    ../clib/printf_percent.s                 0x00000000   Number         0  _printf_percent_end.o ABSOLUTE
    ../clib/signal.c                         0x00000000   Number         0  defsig_rtmem_outer.o ABSOLUTE
    ../clib/signal.c                         0x00000000   Number         0  defsig_rtmem_formal.o ABSOLUTE
    ../clib/signal.c                         0x00000000   Number         0  defsig_exit.o ABSOLUTE
    ../clib/signal.c                         0x00000000   Number         0  defsig_rtmem_inner.o ABSOLUTE
    ../clib/signal.c                         0x00000000   Number         0  __raise.o ABSOLUTE
    ../clib/signal.c                         0x00000000   Number         0  defsig_general.o ABSOLUTE
    ../clib/signal.c                         0x00000000   Number         0  defsig_abrt_inner.o ABSOLUTE
    ../clib/signal.c                         0x00000000   Number         0  defsig_fpe_inner.o ABSOLUTE
    ../clib/signal.c                         0x00000000   Number         0  defsig_rtred_inner.o ABSOLUTE
    ../clib/signal.c                         0x00000000   Number         0  defsig_stak_inner.o ABSOLUTE
    ../clib/signal.c                         0x00000000   Number         0  defsig_pvfn_inner.o ABSOLUTE
    ../clib/signal.c                         0x00000000   Number         0  defsig_cppl_inner.o ABSOLUTE
    ../clib/signal.c                         0x00000000   Number         0  defsig_segv_inner.o ABSOLUTE
    ../clib/signal.c                         0x00000000   Number         0  defsig_other.o ABSOLUTE
    ../clib/signal.s                         0x00000000   Number         0  defsig.o ABSOLUTE
    ../clib/stdlib.c                         0x00000000   Number         0  exit.o ABSOLUTE
    ../fplib/fpinit.s                        0x00000000   Number         0  fpinit.o ABSOLUTE
    ../fplib/istatus.s                       0x00000000   Number         0  istatus.o ABSOLUTE
    ../fplib/printf1.s                       0x00000000   Number         0  printf1.o ABSOLUTE
    ../fplib/printf2.s                       0x00000000   Number         0  printf2.o ABSOLUTE
    ../fplib/printf2a.s                      0x00000000   Number         0  printf2a.o ABSOLUTE
    ../fplib/printf2b.s                      0x00000000   Number         0  printf2b.o ABSOLUTE
    ../fplib/usenofp.s                       0x00000000   Number         0  usenofp.o ABSOLUTE
    ../mathlib/fpclassify.c                  0x00000000   Number         0  fpclassify.o ABSOLUTE
    Processes.c                              0x00000000   Number         0  processes.o ABSOLUTE
    RTE/Device/STM32L475VGTx/startup_stm32l475xx.s 0x00000000   Number         0  startup_stm32l475xx.o ABSOLUTE
    dc.s                                     0x00000000   Number         0  dc.o ABSOLUTE
    main.c                                   0x00000000   Number         0  main.o ABSOLUTE
    system_stm32l4xx.c                       0x00000000   Number         0  system_stm32l4xx.o ABSOLUTE
    RESET                                    0x08000000   Section      392  startup_stm32l475xx.o(RESET)
    !!!main                                  0x08000188   Section        8  __main.o(!!!main)
    !!!scatter                               0x08000190   Section       52  __scatter.o(!!!scatter)
    !!handler_copy                           0x080001c4   Section       26  __scatter_copy.o(!!handler_copy)
    !!handler_zi                             0x080001e0   Section       28  __scatter_zi.o(!!handler_zi)
    .ARM.Collect$$_printf_percent$$00000000  0x080001fc   Section        0  _printf_percent.o(.ARM.Collect$$_printf_percent$$00000000)
    .ARM.Collect$$_printf_percent$$00000001  0x080001fc   Section        6  _printf_n.o(.ARM.Collect$$_printf_percent$$00000001)
    .ARM.Collect$$_printf_percent$$00000002  0x08000202   Section        6  _printf_p.o(.ARM.Collect$$_printf_percent$$00000002)
    .ARM.Collect$$_printf_percent$$00000003  0x08000208   Section        6  _printf_f.o(.ARM.Collect$$_printf_percent$$00000003)
    .ARM.Collect$$_printf_percent$$00000004  0x0800020e   Section        6  _printf_e.o(.ARM.Collect$$_printf_percent$$00000004)
    .ARM.Collect$$_printf_percent$$00000005  0x08000214   Section        6  _printf_g.o(.ARM.Collect$$_printf_percent$$00000005)
    .ARM.Collect$$_printf_percent$$00000006  0x0800021a   Section        6  _printf_a.o(.ARM.Collect$$_printf_percent$$00000006)
    .ARM.Collect$$_printf_percent$$00000007  0x08000220   Section       10  _printf_ll.o(.ARM.Collect$$_printf_percent$$00000007)
    .ARM.Collect$$_printf_percent$$00000008  0x0800022a   Section        6  _printf_i.o(.ARM.Collect$$_printf_percent$$00000008)
    .ARM.Collect$$_printf_percent$$00000009  0x08000230   Section        6  _printf_d.o(.ARM.Collect$$_printf_percent$$00000009)
    .ARM.Collect$$_printf_percent$$0000000A  0x08000236   Section        6  _printf_u.o(.ARM.Collect$$_printf_percent$$0000000A)
    .ARM.Collect$$_printf_percent$$0000000B  0x0800023c   Section        6  _printf_o.o(.ARM.Collect$$_printf_percent$$0000000B)
    .ARM.Collect$$_printf_percent$$0000000C  0x08000242   Section        6  _printf_x.o(.ARM.Collect$$_printf_percent$$0000000C)
    .ARM.Collect$$_printf_percent$$0000000D  0x08000248   Section        6  _printf_lli.o(.ARM.Collect$$_printf_percent$$0000000D)
    .ARM.Collect$$_printf_percent$$0000000E  0x0800024e   Section        6  _printf_lld.o(.ARM.Collect$$_printf_percent$$0000000E)
    .ARM.Collect$$_printf_percent$$0000000F  0x08000254   Section        6  _printf_llu.o(.ARM.Collect$$_printf_percent$$0000000F)
    .ARM.Collect$$_printf_percent$$00000010  0x0800025a   Section        6  _printf_llo.o(.ARM.Collect$$_printf_percent$$00000010)
    .ARM.Collect$$_printf_percent$$00000011  0x08000260   Section        6  _printf_llx.o(.ARM.Collect$$_printf_percent$$00000011)
    .ARM.Collect$$_printf_percent$$00000012  0x08000266   Section       10  _printf_l.o(.ARM.Collect$$_printf_percent$$00000012)
    .ARM.Collect$$_printf_percent$$00000013  0x08000270   Section        6  _printf_c.o(.ARM.Collect$$_printf_percent$$00000013)
    .ARM.Collect$$_printf_percent$$00000014  0x08000276   Section        6  _printf_s.o(.ARM.Collect$$_printf_percent$$00000014)
    .ARM.Collect$$_printf_percent$$00000015  0x0800027c   Section        6  _printf_lc.o(.ARM.Collect$$_printf_percent$$00000015)
    .ARM.Collect$$_printf_percent$$00000016  0x08000282   Section        6  _printf_ls.o(.ARM.Collect$$_printf_percent$$00000016)
    .ARM.Collect$$_printf_percent$$00000017  0x08000288   Section        4  _printf_percent_end.o(.ARM.Collect$$_printf_percent$$00000017)
    .ARM.Collect$$libinit$$00000000          0x0800028c   Section        2  libinit.o(.ARM.Collect$$libinit$$00000000)
    .ARM.Collect$$libinit$$00000001          0x0800028e   Section        4  libinit2.o(.ARM.Collect$$libinit$$00000001)
    .ARM.Collect$$libinit$$00000004          0x08000292   Section        0  libinit2.o(.ARM.Collect$$libinit$$00000004)
    .ARM.Collect$$libinit$$0000000A          0x08000292   Section        0  libinit2.o(.ARM.Collect$$libinit$$0000000A)
    .ARM.Collect$$libinit$$0000000C          0x08000292   Section        0  libinit2.o(.ARM.Collect$$libinit$$0000000C)
    .ARM.Collect$$libinit$$0000000E          0x08000292   Section        0  libinit2.o(.ARM.Collect$$libinit$$0000000E)
    .ARM.Collect$$libinit$$0000000F          0x08000292   Section        6  libinit2.o(.ARM.Collect$$libinit$$0000000F)
    .ARM.Collect$$libinit$$00000011          0x08000298   Section        0  libinit2.o(.ARM.Collect$$libinit$$00000011)
    .ARM.Collect$$libinit$$00000012          0x08000298   Section       12  libinit2.o(.ARM.Collect$$libinit$$00000012)
    .ARM.Collect$$libinit$$00000013          0x080002a4   Section        0  libinit2.o(.ARM.Collect$$libinit$$00000013)
    .ARM.Collect$$libinit$$00000015          0x080002a4   Section        0  libinit2.o(.ARM.Collect$$libinit$$00000015)
    .ARM.Collect$$libinit$$00000016          0x080002a4   Section       10  libinit2.o(.ARM.Collect$$libinit$$00000016)
    .ARM.Collect$$libinit$$00000017          0x080002ae   Section        0  libinit2.o(.ARM.Collect$$libinit$$00000017)
    .ARM.Collect$$libinit$$00000019          0x080002ae   Section        0  libinit2.o(.ARM.Collect$$libinit$$00000019)
    .ARM.Collect$$libinit$$0000001B          0x080002ae   Section        0  libinit2.o(.ARM.Collect$$libinit$$0000001B)
    .ARM.Collect$$libinit$$0000001D          0x080002ae   Section        0  libinit2.o(.ARM.Collect$$libinit$$0000001D)
    .ARM.Collect$$libinit$$0000001F          0x080002ae   Section        0  libinit2.o(.ARM.Collect$$libinit$$0000001F)
    .ARM.Collect$$libinit$$00000021          0x080002ae   Section        0  libinit2.o(.ARM.Collect$$libinit$$00000021)
    .ARM.Collect$$libinit$$00000023          0x080002ae   Section        0  libinit2.o(.ARM.Collect$$libinit$$00000023)
    .ARM.Collect$$libinit$$00000025          0x080002ae   Section        0  libinit2.o(.ARM.Collect$$libinit$$00000025)
    .ARM.Collect$$libinit$$0000002C          0x080002ae   Section        0  libinit2.o(.ARM.Collect$$libinit$$0000002C)
    .ARM.Collect$$libinit$$0000002E          0x080002ae   Section        0  libinit2.o(.ARM.Collect$$libinit$$0000002E)
    .ARM.Collect$$libinit$$00000030          0x080002ae   Section        0  libinit2.o(.ARM.Collect$$libinit$$00000030)
    .ARM.Collect$$libinit$$00000032          0x080002ae   Section        0  libinit2.o(.ARM.Collect$$libinit$$00000032)
    .ARM.Collect$$libinit$$00000033          0x080002ae   Section        2  libinit2.o(.ARM.Collect$$libinit$$00000033)
    .ARM.Collect$$libshutdown$$00000000      0x080002b0   Section        2  libshutdown.o(.ARM.Collect$$libshutdown$$00000000)
    .ARM.Collect$$libshutdown$$00000002      0x080002b2   Section        0  libshutdown2.o(.ARM.Collect$$libshutdown$$00000002)
    .ARM.Collect$$libshutdown$$00000004      0x080002b2   Section        0  libshutdown2.o(.ARM.Collect$$libshutdown$$00000004)
    .ARM.Collect$$libshutdown$$00000007      0x080002b2   Section        0  libshutdown2.o(.ARM.Collect$$libshutdown$$00000007)
    .ARM.Collect$$libshutdown$$0000000A      0x080002b2   Section        0  libshutdown2.o(.ARM.Collect$$libshutdown$$0000000A)
    .ARM.Collect$$libshutdown$$0000000C      0x080002b2   Section        0  libshutdown2.o(.ARM.Collect$$libshutdown$$0000000C)
    .ARM.Collect$$libshutdown$$0000000F      0x080002b2   Section        0  libshutdown2.o(.ARM.Collect$$libshutdown$$0000000F)
    .ARM.Collect$$libshutdown$$00000010      0x080002b2   Section        2  libshutdown2.o(.ARM.Collect$$libshutdown$$00000010)
    .ARM.Collect$$rtentry$$00000000          0x080002b4   Section        0  __rtentry.o(.ARM.Collect$$rtentry$$00000000)
    .ARM.Collect$$rtentry$$00000002          0x080002b4   Section        0  __rtentry2.o(.ARM.Collect$$rtentry$$00000002)
    .ARM.Collect$$rtentry$$00000004          0x080002b4   Section        6  __rtentry4.o(.ARM.Collect$$rtentry$$00000004)
    .ARM.Collect$$rtentry$$00000009          0x080002ba   Section        0  __rtentry2.o(.ARM.Collect$$rtentry$$00000009)
    .ARM.Collect$$rtentry$$0000000A          0x080002ba   Section        4  __rtentry2.o(.ARM.Collect$$rtentry$$0000000A)
    .ARM.Collect$$rtentry$$0000000C          0x080002be   Section        0  __rtentry2.o(.ARM.Collect$$rtentry$$0000000C)
    .ARM.Collect$$rtentry$$0000000D          0x080002be   Section        8  __rtentry2.o(.ARM.Collect$$rtentry$$0000000D)
    .ARM.Collect$$rtexit$$00000000           0x080002c6   Section        2  rtexit.o(.ARM.Collect$$rtexit$$00000000)
    .ARM.Collect$$rtexit$$00000002           0x080002c8   Section        0  rtexit2.o(.ARM.Collect$$rtexit$$00000002)
    .ARM.Collect$$rtexit$$00000003           0x080002c8   Section        4  rtexit2.o(.ARM.Collect$$rtexit$$00000003)
    .ARM.Collect$$rtexit$$00000004           0x080002cc   Section        6  rtexit2.o(.ARM.Collect$$rtexit$$00000004)
    $v0                                      0x080002d4   Number         0  startup_stm32l475xx.o(.text)
    .text                                    0x080002d4   Section       64  startup_stm32l475xx.o(.text)
    .text                                    0x08000314   Section        0  vsprintf.o(.text)
    .text                                    0x08000338   Section        0  heapauxi.o(.text)
    .text                                    0x0800033e   Section        0  _printf_pad.o(.text)
    .text                                    0x0800038c   Section        0  _printf_truncate.o(.text)
    .text                                    0x080003b0   Section        0  _printf_str.o(.text)
    .text                                    0x08000404   Section        0  _printf_dec.o(.text)
    .text                                    0x0800047c   Section        0  _printf_charcount.o(.text)
    _printf_input_char                       0x080004a5   Thumb Code    10  _printf_char_common.o(.text)
    .text                                    0x080004a4   Section        0  _printf_char_common.o(.text)
    .text                                    0x080004d4   Section        0  _sputc.o(.text)
    .text                                    0x080004e0   Section        0  _printf_wctomb.o(.text)
    .text                                    0x080005a4   Section        0  _printf_longlong_dec.o(.text)
    _printf_longlong_oct_internal            0x08000621   Thumb Code     0  _printf_oct_int_ll.o(.text)
    .text                                    0x08000620   Section        0  _printf_oct_int_ll.o(.text)
    _printf_hex_common                       0x08000691   Thumb Code     0  _printf_hex_int_ll_ptr.o(.text)
    .text                                    0x08000690   Section        0  _printf_hex_int_ll_ptr.o(.text)
    .text                                    0x08000724   Section        0  __printf_flags_ss_wp.o(.text)
    .text                                    0x080008b2   Section      138  lludiv10.o(.text)
    .text                                    0x0800093c   Section        0  _printf_intcommon.o(.text)
    _fp_digits                               0x080009ef   Thumb Code   432  _printf_fp_dec.o(.text)
    .text                                    0x080009ee   Section        0  _printf_fp_dec.o(.text)
    .text                                    0x08000e10   Section        0  _printf_fp_hex.o(.text)
    .text                                    0x08001112   Section        0  _printf_char.o(.text)
    .text                                    0x0800113e   Section        0  _printf_wchar.o(.text)
    .text                                    0x0800116a   Section        0  _c16rtomb.o(.text)
    .text                                    0x080011b2   Section       74  sys_stackheap_outer.o(.text)
    .text                                    0x080011fc   Section       16  rt_ctype_table.o(.text)
    .text                                    0x0800120c   Section        8  rt_locale_intlibspace.o(.text)
    .text                                    0x08001214   Section        0  _printf_fp_infnan.o(.text)
    .text                                    0x08001294   Section        0  bigflt0.o(.text)
    .text                                    0x08001378   Section        0  exit.o(.text)
    .text                                    0x0800138c   Section        8  libspace.o(.text)
    .text                                    0x08001398   Section      124  strcmpv7em.o(.text)
    .text                                    0x08001414   Section        0  sys_exit.o(.text)
    .text                                    0x08001420   Section        2  use_no_semi.o(.text)
    .text                                    0x08001422   Section        0  indicate_semi.o(.text)
    [Anonymous Symbol]                       0x08001424   Section        0  processes.o(.text.EXTI15_10_IRQHandler)
    [Anonymous Symbol]                       0x08001458   Section        0  processes.o(.text.EXTI1_IRQHandler)
    __arm_cp.41_1                            0x0800146c   Number         4  processes.o(.text.EXTI1_IRQHandler)
    [Anonymous Symbol]                       0x08001470   Section        0  processes.o(.text.GPIO_Config)
    __arm_cp.8_0                             0x08001570   Number         4  processes.o(.text.GPIO_Config)
    __arm_cp.8_1                             0x08001574   Number         4  processes.o(.text.GPIO_Config)
    __arm_cp.8_2                             0x08001578   Number         4  processes.o(.text.GPIO_Config)
    __arm_cp.8_3                             0x0800157c   Number         4  processes.o(.text.GPIO_Config)
    __arm_cp.8_4                             0x08001580   Number         4  processes.o(.text.GPIO_Config)
    [Anonymous Symbol]                       0x08001584   Section        0  processes.o(.text.ISR_Config)
    __arm_cp.9_0                             0x08001614   Number         4  processes.o(.text.ISR_Config)
    __arm_cp.9_1                             0x08001618   Number         4  processes.o(.text.ISR_Config)
    __arm_cp.9_2                             0x0800161c   Number         4  processes.o(.text.ISR_Config)
    __arm_cp.9_3                             0x08001620   Number         4  processes.o(.text.ISR_Config)
    __arm_cp.9_4                             0x08001624   Number         4  processes.o(.text.ISR_Config)
    OUTLINED_FUNCTION_0                      0x08001629   Thumb Code     6  processes.o(.text.OUTLINED_FUNCTION_0)
    [Anonymous Symbol]                       0x08001628   Section        0  processes.o(.text.OUTLINED_FUNCTION_0)
    OUTLINED_FUNCTION_1                      0x0800162f   Thumb Code     8  processes.o(.text.OUTLINED_FUNCTION_1)
    [Anonymous Symbol]                       0x0800162e   Section        0  processes.o(.text.OUTLINED_FUNCTION_1)
    OUTLINED_FUNCTION_2                      0x08001637   Thumb Code     6  processes.o(.text.OUTLINED_FUNCTION_2)
    [Anonymous Symbol]                       0x08001636   Section        0  processes.o(.text.OUTLINED_FUNCTION_2)
    [Anonymous Symbol]                       0x0800163c   Section        0  processes.o(.text.OsInits)
    __arm_cp.24_0                            0x08001678   Number         4  processes.o(.text.OsInits)
    [Anonymous Symbol]                       0x0800167c   Section        0  processes.o(.text.RCC_Config)
    __arm_cp.7_0                             0x080016c0   Number         4  processes.o(.text.RCC_Config)
    [Anonymous Symbol]                       0x080016c4   Section        0  processes.o(.text.RTC_Config)
    __arm_cp.11_0                            0x080016f4   Number         4  processes.o(.text.RTC_Config)
    __arm_cp.11_1                            0x080016f8   Number         4  processes.o(.text.RTC_Config)
    [Anonymous Symbol]                       0x080016fc   Section        0  processes.o(.text.SPI3_Config)
    __arm_cp.12_0                            0x08001750   Number         4  processes.o(.text.SPI3_Config)
    [Anonymous Symbol]                       0x08001754   Section        0  processes.o(.text.SPI_Receive16)
    __arm_cp.18_0                            0x080017e8   Number         4  processes.o(.text.SPI_Receive16)
    __arm_cp.18_2                            0x080017ec   Number         4  processes.o(.text.SPI_Receive16)
    __arm_cp.18_3                            0x080017f0   Number         4  processes.o(.text.SPI_Receive16)
    __arm_cp.18_4                            0x080017f4   Number         4  processes.o(.text.SPI_Receive16)
    [Anonymous Symbol]                       0x080017f8   Section        0  processes.o(.text.SPI_WIFI_Init)
    __arm_cp.19_0                            0x080018a4   Number         4  processes.o(.text.SPI_WIFI_Init)
    __arm_cp.19_2                            0x080018c8   Number         4  processes.o(.text.SPI_WIFI_Init)
    [Anonymous Symbol]                       0x080018dc   Section        0  processes.o(.text.SysTick_Handler)
    [Anonymous Symbol]                       0x080018e8   Section        0  system_stm32l4xx.o(.text.SystemInit)
    __arm_cp.0_0                             0x08001928   Number         4  system_stm32l4xx.o(.text.SystemInit)
    __arm_cp.0_1                             0x0800192c   Number         4  system_stm32l4xx.o(.text.SystemInit)
    __arm_cp.0_2                             0x08001930   Number         4  system_stm32l4xx.o(.text.SystemInit)
    [Anonymous Symbol]                       0x08001934   Section        0  processes.o(.text.USART1_Config)
    __arm_cp.10_0                            0x08001958   Number         4  processes.o(.text.USART1_Config)
    __arm_cp.10_1                            0x0800195c   Number         4  processes.o(.text.USART1_Config)
    [Anonymous Symbol]                       0x08001960   Section        0  processes.o(.text.USART1_IRQHandler)
    __arm_cp.43_0                            0x08001974   Number         4  processes.o(.text.USART1_IRQHandler)
    __arm_cp.43_1                            0x08001978   Number         4  processes.o(.text.USART1_IRQHandler)
    [Anonymous Symbol]                       0x0800197c   Section        0  processes.o(.text.Welcome)
    __arm_cp.25_0                            0x080019a0   Number         4  processes.o(.text.Welcome)
    [Anonymous Symbol]                       0x080019a4   Section        0  processes.o(.text.delayMs)
    __arm_cp.16_0                            0x080019d0   Number         4  processes.o(.text.delayMs)
    __arm_cp.16_1                            0x080019d4   Number         4  processes.o(.text.delayMs)
    [Anonymous Symbol]                       0x080019d8   Section        0  processes.o(.text.led1)
    __arm_cp.34_0                            0x080019f4   Number         4  processes.o(.text.led1)
    [Anonymous Symbol]                       0x080019f8   Section        0  processes.o(.text.led2)
    __arm_cp.35_0                            0x08001a14   Number         4  processes.o(.text.led2)
    [Anonymous Symbol]                       0x08001a18   Section        0  processes.o(.text.line)
    [Anonymous Symbol]                       0x08001a50   Section        0  main.o(.text.main)
    __arm_cp.0_0                             0x08001a98   Number         4  main.o(.text.main)
    __arm_cp.0_1                             0x08001a9c   Number         4  main.o(.text.main)
    __arm_cp.0_2                             0x08001aa0   Number         4  main.o(.text.main)
    [Anonymous Symbol]                       0x08001aa4   Section        0  processes.o(.text.nl)
    __arm_cp.4_0                             0x08001abc   Number         4  processes.o(.text.nl)
    [Anonymous Symbol]                       0x08001ac0   Section        0  processes.o(.text.write)
    __arm_cp.1_0                             0x08001ae8   Number         4  processes.o(.text.write)
    [Anonymous Symbol]                       0x08001aec   Section        0  processes.o(.text.write_b)
    [Anonymous Symbol]                       0x08001af8   Section        0  processes.o(.text.write_s)
    __arm_cp.27_0                            0x08001b1c   Number         4  processes.o(.text.write_s)
    CL$$btod_d2e                             0x08001b20   Section       62  btod.o(CL$$btod_d2e)
    CL$$btod_d2e_denorm_low                  0x08001b5e   Section       70  btod.o(CL$$btod_d2e_denorm_low)
    CL$$btod_d2e_norm_op1                    0x08001ba4   Section       96  btod.o(CL$$btod_d2e_norm_op1)
    CL$$btod_div_common                      0x08001c04   Section      824  btod.o(CL$$btod_div_common)
    CL$$btod_e2e                             0x08001f3c   Section      220  btod.o(CL$$btod_e2e)
    CL$$btod_ediv                            0x08002018   Section       42  btod.o(CL$$btod_ediv)
    CL$$btod_emul                            0x08002042   Section       42  btod.o(CL$$btod_emul)
    CL$$btod_mult_common                     0x0800206c   Section      580  btod.o(CL$$btod_mult_common)
    i.__ARM_fpclassify                       0x080022b0   Section        0  fpclassify.o(i.__ARM_fpclassify)
    i._is_digit                              0x080022e0   Section        0  __printf_wp.o(i._is_digit)
    locale$$code                             0x080022f0   Section       44  lc_numeric_c.o(locale$$code)
    locale$$code                             0x0800231c   Section       44  lc_ctype_c.o(locale$$code)
    $v0                                      0x08002348   Number         0  fpinit.o(x$fpl$fpinit)
    x$fpl$fpinit                             0x08002348   Section       26  fpinit.o(x$fpl$fpinit)
    $v0                                      0x08002362   Number         0  printf1.o(x$fpl$printf1)
    x$fpl$printf1                            0x08002362   Section        4  printf1.o(x$fpl$printf1)
    $v0                                      0x08002366   Number         0  printf2.o(x$fpl$printf2)
    x$fpl$printf2                            0x08002366   Section        4  printf2.o(x$fpl$printf2)
    x$fpl$usenofp                            0x0800236a   Section        0  usenofp.o(x$fpl$usenofp)
    initial_mbstate                          0x0800236c   Data           8  _printf_wctomb.o(.constdata)
    .constdata                               0x0800236c   Section        8  _printf_wctomb.o(.constdata)
    uc_hextab                                0x08002374   Data          20  _printf_hex_int_ll_ptr.o(.constdata)
    .constdata                               0x08002374   Section       40  _printf_hex_int_ll_ptr.o(.constdata)
    lc_hextab                                0x08002388   Data          20  _printf_hex_int_ll_ptr.o(.constdata)
    maptable                                 0x0800239c   Data          17  __printf_flags_ss_wp.o(.constdata)
    .constdata                               0x0800239c   Section       17  __printf_flags_ss_wp.o(.constdata)
    lc_hextab                                0x080023ad   Data          19  _printf_fp_hex.o(.constdata)
    .constdata                               0x080023ad   Section       38  _printf_fp_hex.o(.constdata)
    uc_hextab                                0x080023c0   Data          19  _printf_fp_hex.o(.constdata)
    tenpwrs_x                                0x080023d4   Data          60  bigflt0.o(.constdata)
    .constdata                               0x080023d4   Section      148  bigflt0.o(.constdata)
    tenpwrs_i                                0x08002410   Data          64  bigflt0.o(.constdata)
    New_Line                                 0x08002468   Data           3  processes.o(.rodata.New_Line)
    [Anonymous Symbol]                       0x08002468   Section        0  processes.o(.rodata.New_Line)
    .L.str.29                                0x0800246b   Data          21  processes.o(.rodata.str1.1)
    .L.str.3                                 0x0800246b   Data           7  processes.o(.rodata.str1.1)
    [Anonymous Symbol]                       0x0800246b   Section        0  processes.o(.rodata.str1.1)
    .L.str.4                                 0x08002472   Data           7  processes.o(.rodata.str1.1)
    .L.str.5                                 0x08002479   Data           8  processes.o(.rodata.str1.1)
    .L.str.28                                0x08002480   Data          18  processes.o(.rodata.str1.1)
    .L.str.6                                 0x08002481   Data          10  processes.o(.rodata.str1.1)
    .L.str.7                                 0x0800248b   Data           9  processes.o(.rodata.str1.1)
    wc_note                                  0x08002492   Data          16  processes.o(.rodata.wc_note)
    [Anonymous Symbol]                       0x08002492   Section        0  processes.o(.rodata.wc_note)
    .L.str.8                                 0x08002494   Data           7  processes.o(.rodata.str1.1)
    .L.str.9                                 0x0800249b   Data           9  processes.o(.rodata.str1.1)
    .L.str.11                                0x080024a4   Data           8  processes.o(.rodata.str1.1)
    .L.str.12                                0x080024ac   Data           9  processes.o(.rodata.str1.1)
    .L.str.13                                0x080024b5   Data           6  processes.o(.rodata.str1.1)
    .L.str.14                                0x080024bb   Data           6  processes.o(.rodata.str1.1)
    .L.str.15                                0x080024c1   Data           4  processes.o(.rodata.str1.1)
    locale$$data                             0x080024c4   Section       28  lc_numeric_c.o(locale$$data)
    .L.str.16                                0x080024c5   Data           5  processes.o(.rodata.str1.1)
    __lcnum_c_name                           0x080024c8   Data           2  lc_numeric_c.o(locale$$data)
    .L.str.17                                0x080024ca   Data           5  processes.o(.rodata.str1.1)
    .L.str.18                                0x080024cf   Data           7  processes.o(.rodata.str1.1)
    __lcnum_c_start                          0x080024d0   Data           0  lc_numeric_c.o(locale$$data)
    .L.str.19                                0x080024d6   Data          10  processes.o(.rodata.str1.1)
    __lcnum_c_point                          0x080024dc   Data           0  lc_numeric_c.o(locale$$data)
    __lcnum_c_thousands                      0x080024de   Data           0  lc_numeric_c.o(locale$$data)
    __lcnum_c_grouping                       0x080024df   Data           0  lc_numeric_c.o(locale$$data)
    .L.str.20                                0x080024e0   Data           8  processes.o(.rodata.str1.1)
    __lcnum_c_end                            0x080024e0   Data           0  lc_numeric_c.o(locale$$data)
    locale$$data                             0x080024e0   Section      272  lc_ctype_c.o(locale$$data)
    __lcctype_c_name                         0x080024e4   Data           2  lc_ctype_c.o(locale$$data)
    .L.str.21                                0x080024e8   Data           9  processes.o(.rodata.str1.1)
    __lcctype_c_start                        0x080024ec   Data           0  lc_ctype_c.o(locale$$data)
    .L.str.22                                0x080024f1   Data           9  processes.o(.rodata.str1.1)
    .L.str.23                                0x080024fa   Data           5  processes.o(.rodata.str1.1)
    .L.str.24                                0x080024ff   Data           6  processes.o(.rodata.str1.1)
    .L.str.26                                0x08002505   Data          33  processes.o(.rodata.str1.1)
    .L.str.33                                0x0800254d   Data           3  processes.o(.rodata.str1.1)
    __lcctype_c_end                          0x080025f0   Data           0  lc_ctype_c.o(locale$$data)
    [Anonymous Symbol]                       0x20000000   Section        0  main.o(.data..L_MergedGlobals)
    .bss                                     0x20000010   Section       96  libspace.o(.bss)
    write.buffer                             0x200001bc   Data          41  processes.o(.bss.write.buffer)
    [Anonymous Symbol]                       0x200001bc   Section        0  processes.o(.bss.write.buffer)
    Heap_Mem                                 0x200001e8   Data         512  startup_stm32l475xx.o(HEAP)
    HEAP                                     0x200001e8   Section      512  startup_stm32l475xx.o(HEAP)
    Stack_Mem                                0x200003e8   Data        1024  startup_stm32l475xx.o(STACK)
    STACK                                    0x200003e8   Section     1024  startup_stm32l475xx.o(STACK)
    __initial_sp                             0x200007e8   Data           0  startup_stm32l475xx.o(STACK)

    Global Symbols

    Symbol Name                              Value     Ov Type        Size  Object(Section)

    BuildAttributes$$THM_ISAv4$E$P$D$K$B$S$7EM$VFPi3$EXTD16$VFPS$VFMA$PE$A:L22UL41UL21$X:L11$S22US41US21$IEEE1$IW$~IW$USESV6$~STKCKD$USESV7$~SHL$OTIME$ROPI$IEEEJ$EBA8$UX$STANDARDLIB$REQ8$PRES8$EABIv2 0x00000000   Number         0  anon$$obj.o ABSOLUTE
    _printf_flags                            0x00000000   Number         0  printf_stubs.o ABSOLUTE
    _printf_return_value                     0x00000000   Number         0  printf_stubs.o ABSOLUTE
    _printf_sizespec                         0x00000000   Number         0  printf_stubs.o ABSOLUTE
    _printf_widthprec                        0x00000000   Number         0  printf_stubs.o ABSOLUTE
    __ARM_exceptions_init                     - Undefined Weak Reference
    __alloca_initialize                       - Undefined Weak Reference
    __arm_preinit_                            - Undefined Weak Reference
    __cpp_initialize__aeabi_                  - Undefined Weak Reference
    __cxa_finalize                            - Undefined Weak Reference
    __sigvec_lookup                           - Undefined Weak Reference
    _atexit_init                              - Undefined Weak Reference
    _call_atexit_fns                          - Undefined Weak Reference
    _clock_init                               - Undefined Weak Reference
    _fp_trap_init                             - Undefined Weak Reference
    _fp_trap_shutdown                         - Undefined Weak Reference
    _get_lc_collate                           - Undefined Weak Reference
    _get_lc_monetary                          - Undefined Weak Reference
    _get_lc_time                              - Undefined Weak Reference
    _getenv_init                              - Undefined Weak Reference
    _handle_redirection                       - Undefined Weak Reference
    _init_alloc                               - Undefined Weak Reference
    _init_user_alloc                          - Undefined Weak Reference
    _initio                                   - Undefined Weak Reference
    _printf_mbtowc                            - Undefined Weak Reference
    _printf_wc                                - Undefined Weak Reference
    _rand_init                                - Undefined Weak Reference
    _signal_finish                            - Undefined Weak Reference
    _signal_init                              - Undefined Weak Reference
    _terminate_alloc                          - Undefined Weak Reference
    _terminate_user_alloc                     - Undefined Weak Reference
    _terminateio                              - Undefined Weak Reference
    __Vectors_Size                           0x00000188   Number         0  startup_stm32l475xx.o ABSOLUTE
    __Vectors                                0x08000000   Data           4  startup_stm32l475xx.o(RESET)
    __Vectors_End                            0x08000188   Data           0  startup_stm32l475xx.o(RESET)
    __main                                   0x08000189   Thumb Code     8  __main.o(!!!main)
    __scatterload                            0x08000191   Thumb Code     0  __scatter.o(!!!scatter)
    __scatterload_rt2                        0x08000191   Thumb Code    44  __scatter.o(!!!scatter)
    __scatterload_rt2_thumb_only             0x08000191   Thumb Code     0  __scatter.o(!!!scatter)
    __scatterload_null                       0x0800019f   Thumb Code     0  __scatter.o(!!!scatter)
    __scatterload_copy                       0x080001c5   Thumb Code    26  __scatter_copy.o(!!handler_copy)
    __scatterload_zeroinit                   0x080001e1   Thumb Code    28  __scatter_zi.o(!!handler_zi)
    _printf_n                                0x080001fd   Thumb Code     0  _printf_n.o(.ARM.Collect$$_printf_percent$$00000001)
    _printf_percent                          0x080001fd   Thumb Code     0  _printf_percent.o(.ARM.Collect$$_printf_percent$$00000000)
    _printf_p                                0x08000203   Thumb Code     0  _printf_p.o(.ARM.Collect$$_printf_percent$$00000002)
    _printf_f                                0x08000209   Thumb Code     0  _printf_f.o(.ARM.Collect$$_printf_percent$$00000003)
    _printf_e                                0x0800020f   Thumb Code     0  _printf_e.o(.ARM.Collect$$_printf_percent$$00000004)
    _printf_g                                0x08000215   Thumb Code     0  _printf_g.o(.ARM.Collect$$_printf_percent$$00000005)
    _printf_a                                0x0800021b   Thumb Code     0  _printf_a.o(.ARM.Collect$$_printf_percent$$00000006)
    _printf_ll                               0x08000221   Thumb Code     0  _printf_ll.o(.ARM.Collect$$_printf_percent$$00000007)
    _printf_i                                0x0800022b   Thumb Code     0  _printf_i.o(.ARM.Collect$$_printf_percent$$00000008)
    _printf_d                                0x08000231   Thumb Code     0  _printf_d.o(.ARM.Collect$$_printf_percent$$00000009)
    _printf_u                                0x08000237   Thumb Code     0  _printf_u.o(.ARM.Collect$$_printf_percent$$0000000A)
    _printf_o                                0x0800023d   Thumb Code     0  _printf_o.o(.ARM.Collect$$_printf_percent$$0000000B)
    _printf_x                                0x08000243   Thumb Code     0  _printf_x.o(.ARM.Collect$$_printf_percent$$0000000C)
    _printf_lli                              0x08000249   Thumb Code     0  _printf_lli.o(.ARM.Collect$$_printf_percent$$0000000D)
    _printf_lld                              0x0800024f   Thumb Code     0  _printf_lld.o(.ARM.Collect$$_printf_percent$$0000000E)
    _printf_llu                              0x08000255   Thumb Code     0  _printf_llu.o(.ARM.Collect$$_printf_percent$$0000000F)
    _printf_llo                              0x0800025b   Thumb Code     0  _printf_llo.o(.ARM.Collect$$_printf_percent$$00000010)
    _printf_llx                              0x08000261   Thumb Code     0  _printf_llx.o(.ARM.Collect$$_printf_percent$$00000011)
    _printf_l                                0x08000267   Thumb Code     0  _printf_l.o(.ARM.Collect$$_printf_percent$$00000012)
    _printf_c                                0x08000271   Thumb Code     0  _printf_c.o(.ARM.Collect$$_printf_percent$$00000013)
    _printf_s                                0x08000277   Thumb Code     0  _printf_s.o(.ARM.Collect$$_printf_percent$$00000014)
    _printf_lc                               0x0800027d   Thumb Code     0  _printf_lc.o(.ARM.Collect$$_printf_percent$$00000015)
    _printf_ls                               0x08000283   Thumb Code     0  _printf_ls.o(.ARM.Collect$$_printf_percent$$00000016)
    _printf_percent_end                      0x08000289   Thumb Code     0  _printf_percent_end.o(.ARM.Collect$$_printf_percent$$00000017)
    __rt_lib_init                            0x0800028d   Thumb Code     0  libinit.o(.ARM.Collect$$libinit$$00000000)
    __rt_lib_init_fp_1                       0x0800028f   Thumb Code     0  libinit2.o(.ARM.Collect$$libinit$$00000001)
    __rt_lib_init_heap_1                     0x08000293   Thumb Code     0  libinit2.o(.ARM.Collect$$libinit$$0000000A)
    __rt_lib_init_lc_common                  0x08000293   Thumb Code     0  libinit2.o(.ARM.Collect$$libinit$$0000000F)
    __rt_lib_init_preinit_1                  0x08000293   Thumb Code     0  libinit2.o(.ARM.Collect$$libinit$$00000004)
    __rt_lib_init_rand_1                     0x08000293   Thumb Code     0  libinit2.o(.ARM.Collect$$libinit$$0000000E)
    __rt_lib_init_user_alloc_1               0x08000293   Thumb Code     0  libinit2.o(.ARM.Collect$$libinit$$0000000C)
    __rt_lib_init_lc_collate_1               0x08000299   Thumb Code     0  libinit2.o(.ARM.Collect$$libinit$$00000011)
    __rt_lib_init_lc_ctype_2                 0x08000299   Thumb Code     0  libinit2.o(.ARM.Collect$$libinit$$00000012)
    __rt_lib_init_lc_ctype_1                 0x080002a5   Thumb Code     0  libinit2.o(.ARM.Collect$$libinit$$00000013)
    __rt_lib_init_lc_monetary_1              0x080002a5   Thumb Code     0  libinit2.o(.ARM.Collect$$libinit$$00000015)
    __rt_lib_init_lc_numeric_2               0x080002a5   Thumb Code     0  libinit2.o(.ARM.Collect$$libinit$$00000016)
    __rt_lib_init_alloca_1                   0x080002af   Thumb Code     0  libinit2.o(.ARM.Collect$$libinit$$0000002E)
    __rt_lib_init_argv_1                     0x080002af   Thumb Code     0  libinit2.o(.ARM.Collect$$libinit$$0000002C)
    __rt_lib_init_atexit_1                   0x080002af   Thumb Code     0  libinit2.o(.ARM.Collect$$libinit$$0000001B)
    __rt_lib_init_clock_1                    0x080002af   Thumb Code     0  libinit2.o(.ARM.Collect$$libinit$$00000021)
    __rt_lib_init_cpp_1                      0x080002af   Thumb Code     0  libinit2.o(.ARM.Collect$$libinit$$00000032)
    __rt_lib_init_exceptions_1               0x080002af   Thumb Code     0  libinit2.o(.ARM.Collect$$libinit$$00000030)
    __rt_lib_init_fp_trap_1                  0x080002af   Thumb Code     0  libinit2.o(.ARM.Collect$$libinit$$0000001F)
    __rt_lib_init_getenv_1                   0x080002af   Thumb Code     0  libinit2.o(.ARM.Collect$$libinit$$00000023)
    __rt_lib_init_lc_numeric_1               0x080002af   Thumb Code     0  libinit2.o(.ARM.Collect$$libinit$$00000017)
    __rt_lib_init_lc_time_1                  0x080002af   Thumb Code     0  libinit2.o(.ARM.Collect$$libinit$$00000019)
    __rt_lib_init_return                     0x080002af   Thumb Code     0  libinit2.o(.ARM.Collect$$libinit$$00000033)
    __rt_lib_init_signal_1                   0x080002af   Thumb Code     0  libinit2.o(.ARM.Collect$$libinit$$0000001D)
    __rt_lib_init_stdio_1                    0x080002af   Thumb Code     0  libinit2.o(.ARM.Collect$$libinit$$00000025)
    __rt_lib_shutdown                        0x080002b1   Thumb Code     0  libshutdown.o(.ARM.Collect$$libshutdown$$00000000)
    __rt_lib_shutdown_cpp_1                  0x080002b3   Thumb Code     0  libshutdown2.o(.ARM.Collect$$libshutdown$$00000002)
    __rt_lib_shutdown_fp_trap_1              0x080002b3   Thumb Code     0  libshutdown2.o(.ARM.Collect$$libshutdown$$00000007)
    __rt_lib_shutdown_heap_1                 0x080002b3   Thumb Code     0  libshutdown2.o(.ARM.Collect$$libshutdown$$0000000F)
    __rt_lib_shutdown_return                 0x080002b3   Thumb Code     0  libshutdown2.o(.ARM.Collect$$libshutdown$$00000010)
    __rt_lib_shutdown_signal_1               0x080002b3   Thumb Code     0  libshutdown2.o(.ARM.Collect$$libshutdown$$0000000A)
    __rt_lib_shutdown_stdio_1                0x080002b3   Thumb Code     0  libshutdown2.o(.ARM.Collect$$libshutdown$$00000004)
    __rt_lib_shutdown_user_alloc_1           0x080002b3   Thumb Code     0  libshutdown2.o(.ARM.Collect$$libshutdown$$0000000C)
    __rt_entry                               0x080002b5   Thumb Code     0  __rtentry.o(.ARM.Collect$$rtentry$$00000000)
    __rt_entry_presh_1                       0x080002b5   Thumb Code     0  __rtentry2.o(.ARM.Collect$$rtentry$$00000002)
    __rt_entry_sh                            0x080002b5   Thumb Code     0  __rtentry4.o(.ARM.Collect$$rtentry$$00000004)
    __rt_entry_li                            0x080002bb   Thumb Code     0  __rtentry2.o(.ARM.Collect$$rtentry$$0000000A)
    __rt_entry_postsh_1                      0x080002bb   Thumb Code     0  __rtentry2.o(.ARM.Collect$$rtentry$$00000009)
    __rt_entry_main                          0x080002bf   Thumb Code     0  __rtentry2.o(.ARM.Collect$$rtentry$$0000000D)
    __rt_entry_postli_1                      0x080002bf   Thumb Code     0  __rtentry2.o(.ARM.Collect$$rtentry$$0000000C)
    __rt_exit                                0x080002c7   Thumb Code     0  rtexit.o(.ARM.Collect$$rtexit$$00000000)
    __rt_exit_ls                             0x080002c9   Thumb Code     0  rtexit2.o(.ARM.Collect$$rtexit$$00000003)
    __rt_exit_prels_1                        0x080002c9   Thumb Code     0  rtexit2.o(.ARM.Collect$$rtexit$$00000002)
    __rt_exit_exit                           0x080002cd   Thumb Code     0  rtexit2.o(.ARM.Collect$$rtexit$$00000004)
    Reset_Handler                            0x080002d5   Thumb Code     8  startup_stm32l475xx.o(.text)
    NMI_Handler                              0x080002dd   Thumb Code     2  startup_stm32l475xx.o(.text)
    HardFault_Handler                        0x080002df   Thumb Code     2  startup_stm32l475xx.o(.text)
    MemManage_Handler                        0x080002e1   Thumb Code     2  startup_stm32l475xx.o(.text)
    BusFault_Handler                         0x080002e3   Thumb Code     2  startup_stm32l475xx.o(.text)
    UsageFault_Handler                       0x080002e5   Thumb Code     2  startup_stm32l475xx.o(.text)
    SVC_Handler                              0x080002e7   Thumb Code     2  startup_stm32l475xx.o(.text)
    DebugMon_Handler                         0x080002e9   Thumb Code     2  startup_stm32l475xx.o(.text)
    PendSV_Handler                           0x080002eb   Thumb Code     2  startup_stm32l475xx.o(.text)
    ADC1_2_IRQHandler                        0x080002ef   Thumb Code     0  startup_stm32l475xx.o(.text)
    ADC3_IRQHandler                          0x080002ef   Thumb Code     0  startup_stm32l475xx.o(.text)
    CAN1_RX0_IRQHandler                      0x080002ef   Thumb Code     0  startup_stm32l475xx.o(.text)
    CAN1_RX1_IRQHandler                      0x080002ef   Thumb Code     0  startup_stm32l475xx.o(.text)
    CAN1_SCE_IRQHandler                      0x080002ef   Thumb Code     0  startup_stm32l475xx.o(.text)
    CAN1_TX_IRQHandler                       0x080002ef   Thumb Code     0  startup_stm32l475xx.o(.text)
    COMP_IRQHandler                          0x080002ef   Thumb Code     0  startup_stm32l475xx.o(.text)
    DFSDM1_FLT0_IRQHandler                   0x080002ef   Thumb Code     0  startup_stm32l475xx.o(.text)
    DFSDM1_FLT1_IRQHandler                   0x080002ef   Thumb Code     0  startup_stm32l475xx.o(.text)
    DFSDM1_FLT2_IRQHandler                   0x080002ef   Thumb Code     0  startup_stm32l475xx.o(.text)
    DFSDM1_FLT3_IRQHandler                   0x080002ef   Thumb Code     0  startup_stm32l475xx.o(.text)
    DMA1_Channel1_IRQHandler                 0x080002ef   Thumb Code     0  startup_stm32l475xx.o(.text)
    DMA1_Channel2_IRQHandler                 0x080002ef   Thumb Code     0  startup_stm32l475xx.o(.text)
    DMA1_Channel3_IRQHandler                 0x080002ef   Thumb Code     0  startup_stm32l475xx.o(.text)
    DMA1_Channel4_IRQHandler                 0x080002ef   Thumb Code     0  startup_stm32l475xx.o(.text)
    DMA1_Channel5_IRQHandler                 0x080002ef   Thumb Code     0  startup_stm32l475xx.o(.text)
    DMA1_Channel6_IRQHandler                 0x080002ef   Thumb Code     0  startup_stm32l475xx.o(.text)
    DMA1_Channel7_IRQHandler                 0x080002ef   Thumb Code     0  startup_stm32l475xx.o(.text)
    DMA2_Channel1_IRQHandler                 0x080002ef   Thumb Code     0  startup_stm32l475xx.o(.text)
    DMA2_Channel2_IRQHandler                 0x080002ef   Thumb Code     0  startup_stm32l475xx.o(.text)
    DMA2_Channel3_IRQHandler                 0x080002ef   Thumb Code     0  startup_stm32l475xx.o(.text)
    DMA2_Channel4_IRQHandler                 0x080002ef   Thumb Code     0  startup_stm32l475xx.o(.text)
    DMA2_Channel5_IRQHandler                 0x080002ef   Thumb Code     0  startup_stm32l475xx.o(.text)
    DMA2_Channel6_IRQHandler                 0x080002ef   Thumb Code     0  startup_stm32l475xx.o(.text)
    DMA2_Channel7_IRQHandler                 0x080002ef   Thumb Code     0  startup_stm32l475xx.o(.text)
    EXTI0_IRQHandler                         0x080002ef   Thumb Code     0  startup_stm32l475xx.o(.text)
    EXTI2_IRQHandler                         0x080002ef   Thumb Code     0  startup_stm32l475xx.o(.text)
    EXTI3_IRQHandler                         0x080002ef   Thumb Code     0  startup_stm32l475xx.o(.text)
    EXTI4_IRQHandler                         0x080002ef   Thumb Code     0  startup_stm32l475xx.o(.text)
    EXTI9_5_IRQHandler                       0x080002ef   Thumb Code     0  startup_stm32l475xx.o(.text)
    FLASH_IRQHandler                         0x080002ef   Thumb Code     0  startup_stm32l475xx.o(.text)
    FMC_IRQHandler                           0x080002ef   Thumb Code     0  startup_stm32l475xx.o(.text)
    FPU_IRQHandler                           0x080002ef   Thumb Code     0  startup_stm32l475xx.o(.text)
    I2C1_ER_IRQHandler                       0x080002ef   Thumb Code     0  startup_stm32l475xx.o(.text)
    I2C1_EV_IRQHandler                       0x080002ef   Thumb Code     0  startup_stm32l475xx.o(.text)
    I2C2_ER_IRQHandler                       0x080002ef   Thumb Code     0  startup_stm32l475xx.o(.text)
    I2C2_EV_IRQHandler                       0x080002ef   Thumb Code     0  startup_stm32l475xx.o(.text)
    I2C3_ER_IRQHandler                       0x080002ef   Thumb Code     0  startup_stm32l475xx.o(.text)
    I2C3_EV_IRQHandler                       0x080002ef   Thumb Code     0  startup_stm32l475xx.o(.text)
    LPTIM1_IRQHandler                        0x080002ef   Thumb Code     0  startup_stm32l475xx.o(.text)
    LPTIM2_IRQHandler                        0x080002ef   Thumb Code     0  startup_stm32l475xx.o(.text)
    LPUART1_IRQHandler                       0x080002ef   Thumb Code     0  startup_stm32l475xx.o(.text)
    OTG_FS_IRQHandler                        0x080002ef   Thumb Code     0  startup_stm32l475xx.o(.text)
    PVD_PVM_IRQHandler                       0x080002ef   Thumb Code     0  startup_stm32l475xx.o(.text)
    QUADSPI_IRQHandler                       0x080002ef   Thumb Code     0  startup_stm32l475xx.o(.text)
    RCC_IRQHandler                           0x080002ef   Thumb Code     0  startup_stm32l475xx.o(.text)
    RNG_IRQHandler                           0x080002ef   Thumb Code     0  startup_stm32l475xx.o(.text)
    RTC_Alarm_IRQHandler                     0x080002ef   Thumb Code     0  startup_stm32l475xx.o(.text)
    RTC_WKUP_IRQHandler                      0x080002ef   Thumb Code     0  startup_stm32l475xx.o(.text)
    SAI1_IRQHandler                          0x080002ef   Thumb Code     0  startup_stm32l475xx.o(.text)
    SAI2_IRQHandler                          0x080002ef   Thumb Code     0  startup_stm32l475xx.o(.text)
    SDMMC1_IRQHandler                        0x080002ef   Thumb Code     0  startup_stm32l475xx.o(.text)
    SPI1_IRQHandler                          0x080002ef   Thumb Code     0  startup_stm32l475xx.o(.text)
    SPI2_IRQHandler                          0x080002ef   Thumb Code     0  startup_stm32l475xx.o(.text)
    SPI3_IRQHandler                          0x080002ef   Thumb Code     0  startup_stm32l475xx.o(.text)
    SWPMI1_IRQHandler                        0x080002ef   Thumb Code     0  startup_stm32l475xx.o(.text)
    TAMP_STAMP_IRQHandler                    0x080002ef   Thumb Code     0  startup_stm32l475xx.o(.text)
    TIM1_BRK_TIM15_IRQHandler                0x080002ef   Thumb Code     0  startup_stm32l475xx.o(.text)
    TIM1_CC_IRQHandler                       0x080002ef   Thumb Code     0  startup_stm32l475xx.o(.text)
    TIM1_TRG_COM_TIM17_IRQHandler            0x080002ef   Thumb Code     0  startup_stm32l475xx.o(.text)
    TIM1_UP_TIM16_IRQHandler                 0x080002ef   Thumb Code     0  startup_stm32l475xx.o(.text)
    TIM2_IRQHandler                          0x080002ef   Thumb Code     0  startup_stm32l475xx.o(.text)
    TIM3_IRQHandler                          0x080002ef   Thumb Code     0  startup_stm32l475xx.o(.text)
    TIM4_IRQHandler                          0x080002ef   Thumb Code     0  startup_stm32l475xx.o(.text)
    TIM5_IRQHandler                          0x080002ef   Thumb Code     0  startup_stm32l475xx.o(.text)
    TIM6_DAC_IRQHandler                      0x080002ef   Thumb Code     0  startup_stm32l475xx.o(.text)
    TIM7_IRQHandler                          0x080002ef   Thumb Code     0  startup_stm32l475xx.o(.text)
    TIM8_BRK_IRQHandler                      0x080002ef   Thumb Code     0  startup_stm32l475xx.o(.text)
    TIM8_CC_IRQHandler                       0x080002ef   Thumb Code     0  startup_stm32l475xx.o(.text)
    TIM8_TRG_COM_IRQHandler                  0x080002ef   Thumb Code     0  startup_stm32l475xx.o(.text)
    TIM8_UP_IRQHandler                       0x080002ef   Thumb Code     0  startup_stm32l475xx.o(.text)
    TSC_IRQHandler                           0x080002ef   Thumb Code     0  startup_stm32l475xx.o(.text)
    UART4_IRQHandler                         0x080002ef   Thumb Code     0  startup_stm32l475xx.o(.text)
    UART5_IRQHandler                         0x080002ef   Thumb Code     0  startup_stm32l475xx.o(.text)
    USART2_IRQHandler                        0x080002ef   Thumb Code     0  startup_stm32l475xx.o(.text)
    USART3_IRQHandler                        0x080002ef   Thumb Code     0  startup_stm32l475xx.o(.text)
    WWDG_IRQHandler                          0x080002ef   Thumb Code     0  startup_stm32l475xx.o(.text)
    __user_initial_stackheap                 0x080002f1   Thumb Code     0  startup_stm32l475xx.o(.text)
    vsprintf                                 0x08000315   Thumb Code    32  vsprintf.o(.text)
    __use_two_region_memory                  0x08000339   Thumb Code     2  heapauxi.o(.text)
    __rt_heap_escrow$2region                 0x0800033b   Thumb Code     2  heapauxi.o(.text)
    __rt_heap_expand$2region                 0x0800033d   Thumb Code     2  heapauxi.o(.text)
    _printf_pre_padding                      0x0800033f   Thumb Code    44  _printf_pad.o(.text)
    _printf_post_padding                     0x0800036b   Thumb Code    34  _printf_pad.o(.text)
    _printf_truncate_signed                  0x0800038d   Thumb Code    18  _printf_truncate.o(.text)
    _printf_truncate_unsigned                0x0800039f   Thumb Code    18  _printf_truncate.o(.text)
    _printf_str                              0x080003b1   Thumb Code    82  _printf_str.o(.text)
    _printf_int_dec                          0x08000405   Thumb Code   104  _printf_dec.o(.text)
    _printf_charcount                        0x0800047d   Thumb Code    40  _printf_charcount.o(.text)
    _printf_char_common                      0x080004af   Thumb Code    32  _printf_char_common.o(.text)
    _sputc                                   0x080004d5   Thumb Code    10  _sputc.o(.text)
    _printf_wctomb                           0x080004e1   Thumb Code   182  _printf_wctomb.o(.text)
    _printf_longlong_dec                     0x080005a5   Thumb Code   108  _printf_longlong_dec.o(.text)
    _printf_longlong_oct                     0x08000621   Thumb Code    68  _printf_oct_int_ll.o(.text)
    _printf_int_oct                          0x08000665   Thumb Code    24  _printf_oct_int_ll.o(.text)
    _printf_ll_oct                           0x0800067d   Thumb Code    12  _printf_oct_int_ll.o(.text)
    _printf_longlong_hex                     0x08000691   Thumb Code    86  _printf_hex_int_ll_ptr.o(.text)
    _printf_int_hex                          0x080006e7   Thumb Code    28  _printf_hex_int_ll_ptr.o(.text)
    _printf_ll_hex                           0x08000703   Thumb Code    12  _printf_hex_int_ll_ptr.o(.text)
    _printf_hex_ptr                          0x0800070f   Thumb Code    18  _printf_hex_int_ll_ptr.o(.text)
    __printf                                 0x08000725   Thumb Code   388  __printf_flags_ss_wp.o(.text)
    _ll_udiv10                               0x080008b3   Thumb Code   138  lludiv10.o(.text)
    _printf_int_common                       0x0800093d   Thumb Code   178  _printf_intcommon.o(.text)
    _printf_fp_dec_real                      0x08000b9f   Thumb Code   620  _printf_fp_dec.o(.text)
    _printf_fp_hex_real                      0x08000e11   Thumb Code   756  _printf_fp_hex.o(.text)
    _printf_cs_common                        0x08001113   Thumb Code    20  _printf_char.o(.text)
    _printf_char                             0x08001127   Thumb Code    16  _printf_char.o(.text)
    _printf_string                           0x08001137   Thumb Code     8  _printf_char.o(.text)
    _printf_lcs_common                       0x0800113f   Thumb Code    20  _printf_wchar.o(.text)
    _printf_wchar                            0x08001153   Thumb Code    16  _printf_wchar.o(.text)
    _printf_wstring                          0x08001163   Thumb Code     8  _printf_wchar.o(.text)
    _c16rtomb                                0x0800116b   Thumb Code    72  _c16rtomb.o(.text)
    _wcrtomb                                 0x0800116b   Thumb Code     0  _c16rtomb.o(.text)
    __user_setup_stackheap                   0x080011b3   Thumb Code    74  sys_stackheap_outer.o(.text)
    __rt_ctype_table                         0x080011fd   Thumb Code    16  rt_ctype_table.o(.text)
    __rt_locale                              0x0800120d   Thumb Code     8  rt_locale_intlibspace.o(.text)
    _printf_fp_infnan                        0x08001215   Thumb Code   112  _printf_fp_infnan.o(.text)
    _btod_etento                             0x08001295   Thumb Code   224  bigflt0.o(.text)
    exit                                     0x08001379   Thumb Code    18  exit.o(.text)
    __user_libspace                          0x0800138d   Thumb Code     8  libspace.o(.text)
    __user_perproc_libspace                  0x0800138d   Thumb Code     0  libspace.o(.text)
    __user_perthread_libspace                0x0800138d   Thumb Code     0  libspace.o(.text)
    strcmp                                   0x08001399   Thumb Code   124  strcmpv7em.o(.text)
    _sys_exit                                0x08001415   Thumb Code     8  sys_exit.o(.text)
    __I$use$semihosting                      0x08001421   Thumb Code     0  use_no_semi.o(.text)
    __use_no_semihosting_swi                 0x08001421   Thumb Code     2  use_no_semi.o(.text)
    __semihosting_library_function           0x08001423   Thumb Code     0  indicate_semi.o(.text)
    EXTI15_10_IRQHandler                     0x08001425   Thumb Code    52  processes.o(.text.EXTI15_10_IRQHandler)
    EXTI1_IRQHandler                         0x08001459   Thumb Code    24  processes.o(.text.EXTI1_IRQHandler)
    GPIO_Config                              0x08001471   Thumb Code   276  processes.o(.text.GPIO_Config)
    ISR_Config                               0x08001585   Thumb Code   164  processes.o(.text.ISR_Config)
    OsInits                                  0x0800163d   Thumb Code    64  processes.o(.text.OsInits)
    RCC_Config                               0x0800167d   Thumb Code    72  processes.o(.text.RCC_Config)
    RTC_Config                               0x080016c5   Thumb Code    56  processes.o(.text.RTC_Config)
    SPI3_Config                              0x080016fd   Thumb Code    88  processes.o(.text.SPI3_Config)
    SPI_Receive16                            0x08001755   Thumb Code   164  processes.o(.text.SPI_Receive16)
    SPI_WIFI_Init                            0x080017f9   Thumb Code   228  processes.o(.text.SPI_WIFI_Init)
    SysTick_Handler                          0x080018dd   Thumb Code    12  processes.o(.text.SysTick_Handler)
    SystemInit                               0x080018e9   Thumb Code    76  system_stm32l4xx.o(.text.SystemInit)
    USART1_Config                            0x08001935   Thumb Code    44  processes.o(.text.USART1_Config)
    USART1_IRQHandler                        0x08001961   Thumb Code    28  processes.o(.text.USART1_IRQHandler)
    Welcome                                  0x0800197d   Thumb Code    40  processes.o(.text.Welcome)
    delayMs                                  0x080019a5   Thumb Code    52  processes.o(.text.delayMs)
    led1                                     0x080019d9   Thumb Code    32  processes.o(.text.led1)
    led2                                     0x080019f9   Thumb Code    32  processes.o(.text.led2)
    line                                     0x08001a19   Thumb Code    56  processes.o(.text.line)
    main                                     0x08001a51   Thumb Code    84  main.o(.text.main)
    nl                                       0x08001aa5   Thumb Code    28  processes.o(.text.nl)
    write                                    0x08001ac1   Thumb Code    44  processes.o(.text.write)
    write_b                                  0x08001aed   Thumb Code    12  processes.o(.text.write_b)
    write_s                                  0x08001af9   Thumb Code    40  processes.o(.text.write_s)
    _btod_d2e                                0x08001b21   Thumb Code    62  btod.o(CL$$btod_d2e)
    _d2e_denorm_low                          0x08001b5f   Thumb Code    70  btod.o(CL$$btod_d2e_denorm_low)
    _d2e_norm_op1                            0x08001ba5   Thumb Code    96  btod.o(CL$$btod_d2e_norm_op1)
    __btod_div_common                        0x08001c05   Thumb Code   696  btod.o(CL$$btod_div_common)
    _e2e                                     0x08001f3d   Thumb Code   220  btod.o(CL$$btod_e2e)
    _btod_ediv                               0x08002019   Thumb Code    42  btod.o(CL$$btod_ediv)
    _btod_emul                               0x08002043   Thumb Code    42  btod.o(CL$$btod_emul)
    __btod_mult_common                       0x0800206d   Thumb Code   580  btod.o(CL$$btod_mult_common)
    __ARM_fpclassify                         0x080022b1   Thumb Code    48  fpclassify.o(i.__ARM_fpclassify)
    _is_digit                                0x080022e1   Thumb Code    14  __printf_wp.o(i._is_digit)
    _get_lc_numeric                          0x080022f1   Thumb Code    44  lc_numeric_c.o(locale$$code)
    _get_lc_ctype                            0x0800231d   Thumb Code    44  lc_ctype_c.o(locale$$code)
    _fp_init                                 0x08002349   Thumb Code    26  fpinit.o(x$fpl$fpinit)
    __fplib_config_fpu_vfp                   0x08002361   Thumb Code     0  fpinit.o(x$fpl$fpinit)
    __fplib_config_pureend_doubles           0x08002361   Thumb Code     0  fpinit.o(x$fpl$fpinit)
    _printf_fp_dec                           0x08002363   Thumb Code     4  printf1.o(x$fpl$printf1)
    _printf_fp_hex                           0x08002367   Thumb Code     4  printf2.o(x$fpl$printf2)
    __I$use$fp                               0x0800236a   Number         0  usenofp.o(x$fpl$usenofp)
    Region$$Table$$Base                      0x080024a4   Number         0  anon$$obj.o(Region$$Table)
    Region$$Table$$Limit                     0x080024c4   Number         0  anon$$obj.o(Region$$Table)
    __ctype                                  0x080024ed   Data           0  lc_ctype_c.o(locale$$data)
    sp_led1                                  0x20000000   Data           4  main.o(.data..L_MergedGlobals)
    sp_led2                                  0x20000004   Data           4  main.o(.data..L_MergedGlobals)
    SystemCoreClock                          0x20000008   Data           4  system_stm32l4xx.o(.data.SystemCoreClock)
    __libspace_start                         0x20000010   Data          96  libspace.o(.bss)
    CmdStatus                                0x20000070   Data           4  main.o(.bss.CmdStatus)
    __temporary_stack_top$libspace           0x20000070   Data           0  libspace.o(.bss)
    _tick                                    0x20000074   Data           4  main.o(.bss._tick)
    led1_stack                               0x20000078   Data         160  main.o(.bss.led1_stack)
    led2_stack                               0x20000118   Data         160  main.o(.bss.led2_stack)
    tick                                     0x200001b8   Data           4  main.o(.bss.tick)



==============================================================================

Memory Map of the image

  Image Entry point : 0x080002d5

  Load Region LR_1 (Base: 0x08000000, Size: 0x000025fc, Max: 0xffffffff, ABSOLUTE)

    Execution Region ER_RO (Exec base: 0x08000000, Load base: 0x08000000, Size: 0x000025f0, Max: 0xffffffff, ABSOLUTE)

    Exec Addr    Load Addr    Size         Type   Attr      Idx    E Section Name        Object

    0x08000000   0x08000000   0x00000188   Data   RO          135    RESET               startup_stm32l475xx.o
    0x08000188   0x08000188   0x00000008   Code   RO          164  * !!!main             c_w.l(__main.o)
    0x08000190   0x08000190   0x00000034   Code   RO          499    !!!scatter          c_w.l(__scatter.o)
    0x080001c4   0x080001c4   0x0000001a   Code   RO          501    !!handler_copy      c_w.l(__scatter_copy.o)
    0x080001de   0x080001de   0x00000002   PAD
    0x080001e0   0x080001e0   0x0000001c   Code   RO          503    !!handler_zi        c_w.l(__scatter_zi.o)
    0x080001fc   0x080001fc   0x00000000   Code   RO          248    .ARM.Collect$$_printf_percent$$00000000  c_w.l(_printf_percent.o)
    0x080001fc   0x080001fc   0x00000006   Code   RO          237    .ARM.Collect$$_printf_percent$$00000001  c_w.l(_printf_n.o)
    0x08000202   0x08000202   0x00000006   Code   RO          239    .ARM.Collect$$_printf_percent$$00000002  c_w.l(_printf_p.o)
    0x08000208   0x08000208   0x00000006   Code   RO          244    .ARM.Collect$$_printf_percent$$00000003  c_w.l(_printf_f.o)
    0x0800020e   0x0800020e   0x00000006   Code   RO          245    .ARM.Collect$$_printf_percent$$00000004  c_w.l(_printf_e.o)
    0x08000214   0x08000214   0x00000006   Code   RO          246    .ARM.Collect$$_printf_percent$$00000005  c_w.l(_printf_g.o)
    0x0800021a   0x0800021a   0x00000006   Code   RO          247    .ARM.Collect$$_printf_percent$$00000006  c_w.l(_printf_a.o)
    0x08000220   0x08000220   0x0000000a   Code   RO          252    .ARM.Collect$$_printf_percent$$00000007  c_w.l(_printf_ll.o)
    0x0800022a   0x0800022a   0x00000006   Code   RO          241    .ARM.Collect$$_printf_percent$$00000008  c_w.l(_printf_i.o)
    0x08000230   0x08000230   0x00000006   Code   RO          242    .ARM.Collect$$_printf_percent$$00000009  c_w.l(_printf_d.o)
    0x08000236   0x08000236   0x00000006   Code   RO          243    .ARM.Collect$$_printf_percent$$0000000A  c_w.l(_printf_u.o)
    0x0800023c   0x0800023c   0x00000006   Code   RO          240    .ARM.Collect$$_printf_percent$$0000000B  c_w.l(_printf_o.o)
    0x08000242   0x08000242   0x00000006   Code   RO          238    .ARM.Collect$$_printf_percent$$0000000C  c_w.l(_printf_x.o)
    0x08000248   0x08000248   0x00000006   Code   RO          249    .ARM.Collect$$_printf_percent$$0000000D  c_w.l(_printf_lli.o)
    0x0800024e   0x0800024e   0x00000006   Code   RO          250    .ARM.Collect$$_printf_percent$$0000000E  c_w.l(_printf_lld.o)
    0x08000254   0x08000254   0x00000006   Code   RO          251    .ARM.Collect$$_printf_percent$$0000000F  c_w.l(_printf_llu.o)
    0x0800025a   0x0800025a   0x00000006   Code   RO          256    .ARM.Collect$$_printf_percent$$00000010  c_w.l(_printf_llo.o)
    0x08000260   0x08000260   0x00000006   Code   RO          257    .ARM.Collect$$_printf_percent$$00000011  c_w.l(_printf_llx.o)
    0x08000266   0x08000266   0x0000000a   Code   RO          253    .ARM.Collect$$_printf_percent$$00000012  c_w.l(_printf_l.o)
    0x08000270   0x08000270   0x00000006   Code   RO          235    .ARM.Collect$$_printf_percent$$00000013  c_w.l(_printf_c.o)
    0x08000276   0x08000276   0x00000006   Code   RO          236    .ARM.Collect$$_printf_percent$$00000014  c_w.l(_printf_s.o)
    0x0800027c   0x0800027c   0x00000006   Code   RO          254    .ARM.Collect$$_printf_percent$$00000015  c_w.l(_printf_lc.o)
    0x08000282   0x08000282   0x00000006   Code   RO          255    .ARM.Collect$$_printf_percent$$00000016  c_w.l(_printf_ls.o)
    0x08000288   0x08000288   0x00000004   Code   RO          298    .ARM.Collect$$_printf_percent$$00000017  c_w.l(_printf_percent_end.o)
    0x0800028c   0x0800028c   0x00000002   Code   RO          349    .ARM.Collect$$libinit$$00000000  c_w.l(libinit.o)
    0x0800028e   0x0800028e   0x00000004   Code   RO          367    .ARM.Collect$$libinit$$00000001  c_w.l(libinit2.o)
    0x08000292   0x08000292   0x00000000   Code   RO          370    .ARM.Collect$$libinit$$00000004  c_w.l(libinit2.o)
    0x08000292   0x08000292   0x00000000   Code   RO          373    .ARM.Collect$$libinit$$0000000A  c_w.l(libinit2.o)
    0x08000292   0x08000292   0x00000000   Code   RO          375    .ARM.Collect$$libinit$$0000000C  c_w.l(libinit2.o)
    0x08000292   0x08000292   0x00000000   Code   RO          377    .ARM.Collect$$libinit$$0000000E  c_w.l(libinit2.o)
    0x08000292   0x08000292   0x00000006   Code   RO          378    .ARM.Collect$$libinit$$0000000F  c_w.l(libinit2.o)
    0x08000298   0x08000298   0x00000000   Code   RO          380    .ARM.Collect$$libinit$$00000011  c_w.l(libinit2.o)
    0x08000298   0x08000298   0x0000000c   Code   RO          381    .ARM.Collect$$libinit$$00000012  c_w.l(libinit2.o)
    0x080002a4   0x080002a4   0x00000000   Code   RO          382    .ARM.Collect$$libinit$$00000013  c_w.l(libinit2.o)
    0x080002a4   0x080002a4   0x00000000   Code   RO          384    .ARM.Collect$$libinit$$00000015  c_w.l(libinit2.o)
    0x080002a4   0x080002a4   0x0000000a   Code   RO          385    .ARM.Collect$$libinit$$00000016  c_w.l(libinit2.o)
    0x080002ae   0x080002ae   0x00000000   Code   RO          386    .ARM.Collect$$libinit$$00000017  c_w.l(libinit2.o)
    0x080002ae   0x080002ae   0x00000000   Code   RO          388    .ARM.Collect$$libinit$$00000019  c_w.l(libinit2.o)
    0x080002ae   0x080002ae   0x00000000   Code   RO          390    .ARM.Collect$$libinit$$0000001B  c_w.l(libinit2.o)
    0x080002ae   0x080002ae   0x00000000   Code   RO          392    .ARM.Collect$$libinit$$0000001D  c_w.l(libinit2.o)
    0x080002ae   0x080002ae   0x00000000   Code   RO          394    .ARM.Collect$$libinit$$0000001F  c_w.l(libinit2.o)
    0x080002ae   0x080002ae   0x00000000   Code   RO          396    .ARM.Collect$$libinit$$00000021  c_w.l(libinit2.o)
    0x080002ae   0x080002ae   0x00000000   Code   RO          398    .ARM.Collect$$libinit$$00000023  c_w.l(libinit2.o)
    0x080002ae   0x080002ae   0x00000000   Code   RO          400    .ARM.Collect$$libinit$$00000025  c_w.l(libinit2.o)
    0x080002ae   0x080002ae   0x00000000   Code   RO          404    .ARM.Collect$$libinit$$0000002C  c_w.l(libinit2.o)
    0x080002ae   0x080002ae   0x00000000   Code   RO          406    .ARM.Collect$$libinit$$0000002E  c_w.l(libinit2.o)
    0x080002ae   0x080002ae   0x00000000   Code   RO          408    .ARM.Collect$$libinit$$00000030  c_w.l(libinit2.o)
    0x080002ae   0x080002ae   0x00000000   Code   RO          410    .ARM.Collect$$libinit$$00000032  c_w.l(libinit2.o)
    0x080002ae   0x080002ae   0x00000002   Code   RO          411    .ARM.Collect$$libinit$$00000033  c_w.l(libinit2.o)
    0x080002b0   0x080002b0   0x00000002   Code   RO          435    .ARM.Collect$$libshutdown$$00000000  c_w.l(libshutdown.o)
    0x080002b2   0x080002b2   0x00000000   Code   RO          450    .ARM.Collect$$libshutdown$$00000002  c_w.l(libshutdown2.o)
    0x080002b2   0x080002b2   0x00000000   Code   RO          452    .ARM.Collect$$libshutdown$$00000004  c_w.l(libshutdown2.o)
    0x080002b2   0x080002b2   0x00000000   Code   RO          455    .ARM.Collect$$libshutdown$$00000007  c_w.l(libshutdown2.o)
    0x080002b2   0x080002b2   0x00000000   Code   RO          458    .ARM.Collect$$libshutdown$$0000000A  c_w.l(libshutdown2.o)
    0x080002b2   0x080002b2   0x00000000   Code   RO          460    .ARM.Collect$$libshutdown$$0000000C  c_w.l(libshutdown2.o)
    0x080002b2   0x080002b2   0x00000000   Code   RO          463    .ARM.Collect$$libshutdown$$0000000F  c_w.l(libshutdown2.o)
    0x080002b2   0x080002b2   0x00000002   Code   RO          464    .ARM.Collect$$libshutdown$$00000010  c_w.l(libshutdown2.o)
    0x080002b4   0x080002b4   0x00000000   Code   RO          166    .ARM.Collect$$rtentry$$00000000  c_w.l(__rtentry.o)
    0x080002b4   0x080002b4   0x00000000   Code   RO          267    .ARM.Collect$$rtentry$$00000002  c_w.l(__rtentry2.o)
    0x080002b4   0x080002b4   0x00000006   Code   RO          279    .ARM.Collect$$rtentry$$00000004  c_w.l(__rtentry4.o)
    0x080002ba   0x080002ba   0x00000000   Code   RO          269    .ARM.Collect$$rtentry$$00000009  c_w.l(__rtentry2.o)
    0x080002ba   0x080002ba   0x00000004   Code   RO          270    .ARM.Collect$$rtentry$$0000000A  c_w.l(__rtentry2.o)
    0x080002be   0x080002be   0x00000000   Code   RO          272    .ARM.Collect$$rtentry$$0000000C  c_w.l(__rtentry2.o)
    0x080002be   0x080002be   0x00000008   Code   RO          273    .ARM.Collect$$rtentry$$0000000D  c_w.l(__rtentry2.o)
    0x080002c6   0x080002c6   0x00000002   Code   RO          358    .ARM.Collect$$rtexit$$00000000  c_w.l(rtexit.o)
    0x080002c8   0x080002c8   0x00000000   Code   RO          413    .ARM.Collect$$rtexit$$00000002  c_w.l(rtexit2.o)
    0x080002c8   0x080002c8   0x00000004   Code   RO          414    .ARM.Collect$$rtexit$$00000003  c_w.l(rtexit2.o)
    0x080002cc   0x080002cc   0x00000006   Code   RO          415    .ARM.Collect$$rtexit$$00000004  c_w.l(rtexit2.o)
    0x080002d2   0x080002d2   0x00000002   PAD
    0x080002d4   0x080002d4   0x00000040   Code   RO          136  * .text               startup_stm32l475xx.o
    0x08000314   0x08000314   0x00000024   Code   RO          160    .text               c_w.l(vsprintf.o)
    0x08000338   0x08000338   0x00000006   Code   RO          162    .text               c_w.l(heapauxi.o)
    0x0800033e   0x0800033e   0x0000004e   Code   RO          169    .text               c_w.l(_printf_pad.o)
    0x0800038c   0x0800038c   0x00000024   Code   RO          171    .text               c_w.l(_printf_truncate.o)
    0x080003b0   0x080003b0   0x00000052   Code   RO          173    .text               c_w.l(_printf_str.o)
    0x08000402   0x08000402   0x00000002   PAD
    0x08000404   0x08000404   0x00000078   Code   RO          175    .text               c_w.l(_printf_dec.o)
    0x0800047c   0x0800047c   0x00000028   Code   RO          177    .text               c_w.l(_printf_charcount.o)
    0x080004a4   0x080004a4   0x00000030   Code   RO          179    .text               c_w.l(_printf_char_common.o)
    0x080004d4   0x080004d4   0x0000000a   Code   RO          181    .text               c_w.l(_sputc.o)
    0x080004de   0x080004de   0x00000002   PAD
    0x080004e0   0x080004e0   0x000000c2   Code   RO          183    .text               c_w.l(_printf_wctomb.o)
    0x080005a2   0x080005a2   0x00000002   PAD
    0x080005a4   0x080005a4   0x0000007c   Code   RO          186    .text               c_w.l(_printf_longlong_dec.o)
    0x08000620   0x08000620   0x00000070   Code   RO          192    .text               c_w.l(_printf_oct_int_ll.o)
    0x08000690   0x08000690   0x00000094   Code   RO          212    .text               c_w.l(_printf_hex_int_ll_ptr.o)
    0x08000724   0x08000724   0x0000018e   Code   RO          232    .text               c_w.l(__printf_flags_ss_wp.o)
    0x080008b2   0x080008b2   0x0000008a   Code   RO          281    .text               c_w.l(lludiv10.o)
    0x0800093c   0x0800093c   0x000000b2   Code   RO          283    .text               c_w.l(_printf_intcommon.o)
    0x080009ee   0x080009ee   0x00000422   Code   RO          285    .text               c_w.l(_printf_fp_dec.o)
    0x08000e10   0x08000e10   0x00000302   Code   RO          289    .text               c_w.l(_printf_fp_hex.o)
    0x08001112   0x08001112   0x0000002c   Code   RO          294    .text               c_w.l(_printf_char.o)
    0x0800113e   0x0800113e   0x0000002c   Code   RO          296    .text               c_w.l(_printf_wchar.o)
    0x0800116a   0x0800116a   0x00000048   Code   RO          299    .text               c_w.l(_c16rtomb.o)
    0x080011b2   0x080011b2   0x0000004a   Code   RO          301    .text               c_w.l(sys_stackheap_outer.o)
    0x080011fc   0x080011fc   0x00000010   Code   RO          303    .text               c_w.l(rt_ctype_table.o)
    0x0800120c   0x0800120c   0x00000008   Code   RO          308    .text               c_w.l(rt_locale_intlibspace.o)
    0x08001214   0x08001214   0x00000080   Code   RO          310    .text               c_w.l(_printf_fp_infnan.o)
    0x08001294   0x08001294   0x000000e4   Code   RO          312    .text               c_w.l(bigflt0.o)
    0x08001378   0x08001378   0x00000012   Code   RO          342    .text               c_w.l(exit.o)
    0x0800138a   0x0800138a   0x00000002   PAD
    0x0800138c   0x0800138c   0x00000008   Code   RO          355    .text               c_w.l(libspace.o)
    0x08001394   0x08001394   0x00000004   PAD
    0x08001398   0x08001398   0x0000007c   Code   RO          365    .text               c_w.l(strcmpv7em.o)
    0x08001414   0x08001414   0x0000000c   Code   RO          425    .text               c_w.l(sys_exit.o)
    0x08001420   0x08001420   0x00000002   Code   RO          440    .text               c_w.l(use_no_semi.o)
    0x08001422   0x08001422   0x00000000   Code   RO          442    .text               c_w.l(indicate_semi.o)
    0x08001422   0x08001422   0x00000002   PAD
    0x08001424   0x08001424   0x00000034   Code   RO          103    .text.EXTI15_10_IRQHandler  processes.o
    0x08001458   0x08001458   0x00000018   Code   RO          101    .text.EXTI1_IRQHandler  processes.o
    0x08001470   0x08001470   0x00000114   Code   RO           35    .text.GPIO_Config   processes.o
    0x08001584   0x08001584   0x000000a4   Code   RO           37    .text.ISR_Config    processes.o
    0x08001628   0x08001628   0x00000006   Code   RO          109    .text.OUTLINED_FUNCTION_0  processes.o
    0x0800162e   0x0800162e   0x00000008   Code   RO          111    .text.OUTLINED_FUNCTION_1  processes.o
    0x08001636   0x08001636   0x00000006   Code   RO          113    .text.OUTLINED_FUNCTION_2  processes.o
    0x0800163c   0x0800163c   0x00000040   Code   RO           67    .text.OsInits       processes.o
    0x0800167c   0x0800167c   0x00000048   Code   RO           33    .text.RCC_Config    processes.o
    0x080016c4   0x080016c4   0x00000038   Code   RO           41    .text.RTC_Config    processes.o
    0x080016fc   0x080016fc   0x00000058   Code   RO           43    .text.SPI3_Config   processes.o
    0x08001754   0x08001754   0x000000a4   Code   RO           55    .text.SPI_Receive16  processes.o
    0x080017f8   0x080017f8   0x000000e4   Code   RO           57    .text.SPI_WIFI_Init  processes.o
    0x080018dc   0x080018dc   0x0000000c   Code   RO          107    .text.SysTick_Handler  processes.o
    0x080018e8   0x080018e8   0x0000004c   Code   RO          143    .text.SystemInit    system_stm32l4xx.o
    0x08001934   0x08001934   0x0000002c   Code   RO           39    .text.USART1_Config  processes.o
    0x08001960   0x08001960   0x0000001c   Code   RO          105    .text.USART1_IRQHandler  processes.o
    0x0800197c   0x0800197c   0x00000028   Code   RO           69    .text.Welcome       processes.o
    0x080019a4   0x080019a4   0x00000034   Code   RO           51    .text.delayMs       processes.o
    0x080019d8   0x080019d8   0x00000020   Code   RO           87    .text.led1          processes.o
    0x080019f8   0x080019f8   0x00000020   Code   RO           89    .text.led2          processes.o
    0x08001a18   0x08001a18   0x00000038   Code   RO           81    .text.line          processes.o
    0x08001a50   0x08001a50   0x00000054   Code   RO            2    .text.main          main.o
    0x08001aa4   0x08001aa4   0x0000001c   Code   RO           27    .text.nl            processes.o
    0x08001ac0   0x08001ac0   0x0000002c   Code   RO           21    .text.write         processes.o
    0x08001aec   0x08001aec   0x0000000c   Code   RO           71    .text.write_b       processes.o
    0x08001af8   0x08001af8   0x00000028   Code   RO           73    .text.write_s       processes.o
    0x08001b20   0x08001b20   0x0000003e   Code   RO          315    CL$$btod_d2e        c_w.l(btod.o)
    0x08001b5e   0x08001b5e   0x00000046   Code   RO          317    CL$$btod_d2e_denorm_low  c_w.l(btod.o)
    0x08001ba4   0x08001ba4   0x00000060   Code   RO          316    CL$$btod_d2e_norm_op1  c_w.l(btod.o)
    0x08001c04   0x08001c04   0x00000338   Code   RO          325    CL$$btod_div_common  c_w.l(btod.o)
    0x08001f3c   0x08001f3c   0x000000dc   Code   RO          322    CL$$btod_e2e        c_w.l(btod.o)
    0x08002018   0x08002018   0x0000002a   Code   RO          319    CL$$btod_ediv       c_w.l(btod.o)
    0x08002042   0x08002042   0x0000002a   Code   RO          318    CL$$btod_emul       c_w.l(btod.o)
    0x0800206c   0x0800206c   0x00000244   Code   RO          324    CL$$btod_mult_common  c_w.l(btod.o)
    0x080022b0   0x080022b0   0x00000030   Code   RO          353    i.__ARM_fpclassify  m_wm.l(fpclassify.o)
    0x080022e0   0x080022e0   0x0000000e   Code   RO          225    i._is_digit         c_w.l(__printf_wp.o)
    0x080022ee   0x080022ee   0x00000002   PAD
    0x080022f0   0x080022f0   0x0000002c   Code   RO          340    locale$$code        c_w.l(lc_numeric_c.o)
    0x0800231c   0x0800231c   0x0000002c   Code   RO          363    locale$$code        c_w.l(lc_ctype_c.o)
    0x08002348   0x08002348   0x0000001a   Code   RO          423    x$fpl$fpinit        fz_wm.l(fpinit.o)
    0x08002362   0x08002362   0x00000004   Code   RO          258    x$fpl$printf1       fz_wm.l(printf1.o)
    0x08002366   0x08002366   0x00000004   Code   RO          260    x$fpl$printf2       fz_wm.l(printf2.o)
    0x0800236a   0x0800236a   0x00000000   Code   RO          352    x$fpl$usenofp       fz_wm.l(usenofp.o)
    0x0800236a   0x0800236a   0x00000002   PAD
    0x0800236c   0x0800236c   0x00000008   Data   RO          184    .constdata          c_w.l(_printf_wctomb.o)
    0x08002374   0x08002374   0x00000028   Data   RO          213    .constdata          c_w.l(_printf_hex_int_ll_ptr.o)
    0x0800239c   0x0800239c   0x00000011   Data   RO          233    .constdata          c_w.l(__printf_flags_ss_wp.o)
    0x080023ad   0x080023ad   0x00000026   Data   RO          290    .constdata          c_w.l(_printf_fp_hex.o)
    0x080023d3   0x080023d3   0x00000001   PAD
    0x080023d4   0x080023d4   0x00000094   Data   RO          313    .constdata          c_w.l(bigflt0.o)
    0x08002468   0x08002468   0x00000003   Data   RO          119    .rodata.New_Line    processes.o
    0x0800246b   0x0800246b   0x00000027   Data   RO          116    .rodata.str1.1      processes.o
    0x08002492   0x08002492   0x00000010   Data   RO          118    .rodata.wc_note     processes.o
    0x080024a2   0x080024a2   0x00000002   PAD
    0x080024a4   0x080024a4   0x00000020   Data   RO          498    Region$$Table       anon$$obj.o
    0x080024c4   0x080024c4   0x0000001c   Data   RO          339    locale$$data        c_w.l(lc_numeric_c.o)
    0x080024e0   0x080024e0   0x00000110   Data   RO          362    locale$$data        c_w.l(lc_ctype_c.o)


    Execution Region ER_RW (Exec base: 0x20000000, Load base: 0x080025f0, Size: 0x0000000c, Max: 0xffffffff, ABSOLUTE)

    Exec Addr    Load Addr    Size         Type   Attr      Idx    E Section Name        Object

    0x20000000   0x080025f0   0x00000008   Data   RW           12    .data..L_MergedGlobals  main.o
    0x20000008   0x080025f8   0x00000004   Data   RW          147    .data.SystemCoreClock  system_stm32l4xx.o


    Execution Region ER_ZI (Exec base: 0x20000010, Load base: 0x080025fc, Size: 0x000007d8, Max: 0xffffffff, ABSOLUTE)

    Exec Addr    Load Addr    Size         Type   Attr      Idx    E Section Name        Object

    0x20000010        -       0x00000060   Zero   RW          356    .bss                c_w.l(libspace.o)
    0x20000070        -       0x00000004   Zero   RW            4    .bss.CmdStatus      main.o
    0x20000074        -       0x00000004   Zero   RW           10    .bss._tick          main.o
    0x20000078        -       0x000000a0   Zero   RW            7    .bss.led1_stack     main.o
    0x20000118        -       0x000000a0   Zero   RW            8    .bss.led2_stack     main.o
    0x200001b8        -       0x00000004   Zero   RW            9    .bss.tick           main.o
    0x200001bc        -       0x00000029   Zero   RW          117    .bss.write.buffer   processes.o
    0x200001e5   0x080025fc   0x00000003   PAD
    0x200001e8        -       0x00000200   Zero   RW          134    HEAP                startup_stm32l475xx.o
    0x200003e8        -       0x00000400   Zero   RW          133    STACK               startup_stm32l475xx.o


==============================================================================

Image component sizes


      Code (inc. data)   RO Data    RW Data    ZI Data      Debug   Object Name

        84         12          0          8        332        853   main.o
      1628        228         58          0         41      19770   processes.o
        64         26        392          0       1536        900   startup_stm32l475xx.o
        76         12          0          4          0       3308   system_stm32l4xx.o

    ----------------------------------------------------------------------
      1852        278        484         12       1912      24831   Object Totals
         0          0         32          0          0          0   (incl. Generated)
         0          0          2          0          3          0   (incl. Padding)

    ----------------------------------------------------------------------

      Code (inc. data)   RO Data    RW Data    ZI Data      Debug   Library Member Name

         8          0          0          0          0         68   __main.o
       398          4         17          0          0         92   __printf_flags_ss_wp.o
        14          0          0          0          0         68   __printf_wp.o
         0          0          0          0          0          0   __rtentry.o
        12          0          0          0          0          0   __rtentry2.o
         6          0          0          0          0          0   __rtentry4.o
        52          8          0          0          0          0   __scatter.o
        26          0          0          0          0          0   __scatter_copy.o
        28          0          0          0          0          0   __scatter_zi.o
        72          0          0          0          0         96   _c16rtomb.o
         6          0          0          0          0          0   _printf_a.o
         6          0          0          0          0          0   _printf_c.o
        44          0          0          0          0        108   _printf_char.o
        48          6          0          0          0         96   _printf_char_common.o
        40          0          0          0          0         68   _printf_charcount.o
         6          0          0          0          0          0   _printf_d.o
       120         16          0          0          0         92   _printf_dec.o
         6          0          0          0          0          0   _printf_e.o
         6          0          0          0          0          0   _printf_f.o
      1058          0          0          0          0        148   _printf_fp_dec.o
       770          8         38          0          0        100   _printf_fp_hex.o
       128         16          0          0          0         84   _printf_fp_infnan.o
         6          0          0          0          0          0   _printf_g.o
       148          4         40          0          0        160   _printf_hex_int_ll_ptr.o
         6          0          0          0          0          0   _printf_i.o
       178          0          0          0          0         88   _printf_intcommon.o
        10          0          0          0          0          0   _printf_l.o
         6          0          0          0          0          0   _printf_lc.o
        10          0          0          0          0          0   _printf_ll.o
         6          0          0          0          0          0   _printf_lld.o
         6          0          0          0          0          0   _printf_lli.o
         6          0          0          0          0          0   _printf_llo.o
         6          0          0          0          0          0   _printf_llu.o
         6          0          0          0          0          0   _printf_llx.o
       124         16          0          0          0         92   _printf_longlong_dec.o
         6          0          0          0          0          0   _printf_ls.o
         6          0          0          0          0          0   _printf_n.o
         6          0          0          0          0          0   _printf_o.o
       112          8          0          0          0        124   _printf_oct_int_ll.o
         6          0          0          0          0          0   _printf_p.o
        78          0          0          0          0        108   _printf_pad.o
         0          0          0          0          0          0   _printf_percent.o
         4          0          0          0          0          0   _printf_percent_end.o
         6          0          0          0          0          0   _printf_s.o
        82          0          0          0          0         80   _printf_str.o
        36          0          0          0          0         84   _printf_truncate.o
         6          0          0          0          0          0   _printf_u.o
        44          0          0          0          0        108   _printf_wchar.o
       194          6          8          0          0         92   _printf_wctomb.o
         6          0          0          0          0          0   _printf_x.o
        10          0          0          0          0         68   _sputc.o
       228          4        148          0          0         96   bigflt0.o
      1936        128          0          0          0        672   btod.o
        18          0          0          0          0         80   exit.o
         6          0          0          0          0        152   heapauxi.o
         0          0          0          0          0          0   indicate_semi.o
        44         10        272          0          0         76   lc_ctype_c.o
        44         10         28          0          0         76   lc_numeric_c.o
         2          0          0          0          0          0   libinit.o
        34          0          0          0          0          0   libinit2.o
         2          0          0          0          0          0   libshutdown.o
         2          0          0          0          0          0   libshutdown2.o
         8          4          0          0         96         68   libspace.o
       138          0          0          0          0         80   lludiv10.o
        16          4          0          0          0         76   rt_ctype_table.o
         8          4          0          0          0         68   rt_locale_intlibspace.o
         2          0          0          0          0          0   rtexit.o
        10          0          0          0          0          0   rtexit2.o
       124          0          0          0          0         88   strcmpv7em.o
        12          4          0          0          0         68   sys_exit.o
        74          0          0          0          0         80   sys_stackheap_outer.o
         2          0          0          0          0         68   use_no_semi.o
        36          4          0          0          0         76   vsprintf.o
        26          0          0          0          0        116   fpinit.o
         4          0          0          0          0        116   printf1.o
         4          0          0          0          0        116   printf2.o
         0          0          0          0          0          0   usenofp.o
        48          0          0          0          0        124   fpclassify.o

    ----------------------------------------------------------------------
      6824        268        552          0         96       4320   Library Totals
        22          4          1          0          0          0   (incl. Padding)

    ----------------------------------------------------------------------

      Code (inc. data)   RO Data    RW Data    ZI Data      Debug   Library Name

      6720        264        551          0         96       3848   c_w.l
        34          0          0          0          0        348   fz_wm.l
        48          0          0          0          0        124   m_wm.l

    ----------------------------------------------------------------------
      6824        268        552          0         96       4320   Library Totals

    ----------------------------------------------------------------------

==============================================================================


      Code (inc. data)   RO Data    RW Data    ZI Data      Debug   

      8676        546       1036         12       2008      26891   Grand Totals
      8676        546       1036         12       2008      26891   ELF Image Totals
      8676        546       1036         12          0          0   ROM Totals

==============================================================================

    Total RO  Size (Code + RO Data)                 9712 (   9.48kB)
    Total RW  Size (RW Data + ZI Data)              2020 (   1.97kB)
    Total ROM Size (Code + RO Data + RW Data)       9724 (   9.50kB)

==============================================================================

