11:25:33 **** Build of configuration Debug for project 01_hellortos ****
make -j4 all 
Building file: ../startup/startup_stm32.s
Building file: ../src/main.c
Building file: ../startup/sysmem.c
Invoking: MCU GCC Assembler
Invoking: MCU GCC Compiler
Invoking: MCU GCC Compiler
C:\Users\Somaye\Dropbox\Projects\C\ARM\IOT_Board\rtos_workspace\01_hellortos\Debug
C:\Users\Somaye\Dropbox\Projects\C\ARM\IOT_Board\rtos_workspace\01_hellortos\Debug
arm-none-eabi-as -mcpu=cortex-m4 -mthumb -mfloat-abi=hard -mfpu=fpv4-sp-d16 -g -o "startup/startup_stm32.o" "../startup/startup_stm32.s"
C:\Users\Somaye\Dropbox\Projects\C\ARM\IOT_Board\rtos_workspace\01_hellortos\Debug
arm-none-eabi-gcc -mcpu=cortex-m4 -mthumb -mfloat-abi=hard -mfpu=fpv4-sp-d16 -DSTM32 -DSTM32L4 -DSTM32L475VGTx -DDEBUG -O0 -g3 -Wall -fmessage-length=0 -ffunction-sections -c -MMD -MP -MF"src/main.d" -MT"src/main.o" -o "src/main.o" "../src/main.c"
arm-none-eabi-gcc -mcpu=cortex-m4 -mthumb -mfloat-abi=hard -mfpu=fpv4-sp-d16 -DSTM32 -DSTM32L4 -DSTM32L475VGTx -DDEBUG -O0 -g3 -Wall -fmessage-length=0 -ffunction-sections -c -MMD -MP -MF"startup/sysmem.d" -MT"startup/sysmem.o" -o "startup/sysmem.o" "../startup/sysmem.c"
Finished building: ../startup/startup_stm32.s
 
Finished building: ../src/main.c
 
Finished building: ../startup/sysmem.c
 
Building target: 01_hellortos.elf
Invoking: MCU GCC Linker
arm-none-eabi-gcc -mcpu=cortex-m4 -mthumb -mfloat-abi=hard -mfpu=fpv4-sp-d16 -T"C:/Users/Somaye/Dropbox/Projects/C/ARM/IOT_Board/rtos_workspace/01_hellortos/LinkerScript.ld" -Wl,-Map=output.map -Wl,--gc-sections -o "01_hellortos.elf" @"objects.list"   -lm
Finished building target: 01_hellortos.elf
 
make --no-print-directory post-build
Generating binary and Printing size information:
arm-none-eabi-objcopy -O binary "01_hellortos.elf" "01_hellortos.bin"
arm-none-eabi-size "01_hellortos.elf"
   text	   data	    bss	    dec	    hex	filename
    944	   1088	   1088	   3120	    c30	01_hellortos.elf
 
11:26:09 **** Incremental Build of configuration Debug for project 01_hellortos ****
make -j4 all 
Building file: ../src/main.c
Invoking: MCU GCC Compiler
C:\Users\Somaye\Dropbox\Projects\C\ARM\IOT_Board\rtos_workspace\01_hellortos\Debug
arm-none-eabi-gcc -mcpu=cortex-m4 -mthumb -mfloat-abi=hard -mfpu=fpv4-sp-d16 -DSTM32 -DSTM32L4 -DSTM32L475VGTx -DDEBUG -O0 -g3 -Wall -fmessage-length=0 -ffunction-sections -c -MMD -MP -MF"src/main.d" -MT"src/main.o" -o "src/main.o" "../src/main.c"
../src/main.c:34:10: fatal error: stm32l4xx.h: No such file or directory
 #include "stm32l4xx.h"                  // Device header
          ^~~~~~~~~~~~~
compilation terminated.
src/subdir.mk:18: recipe for target 'src/main.o' failed
make: *** [src/main.o] Error 1
11:29:22 **** Incremental Build of configuration Debug for project 01_hellortos ****
make -j4 all 
Building file: ../src/main.c
Invoking: MCU GCC Compiler
C:\Users\Somaye\Dropbox\Projects\C\ARM\IOT_Board\rtos_workspace\01_hellortos\Debug
arm-none-eabi-gcc -mcpu=cortex-m4 -mthumb -mfloat-abi=hard -mfpu=fpv4-sp-d16 -DSTM32 -DSTM32L4 -DSTM32L475VGTx -DDEBUG -O0 -g3 -Wall -fmessage-length=0 -ffunction-sections -c -MMD -MP -MF"src/main.d" -MT"src/main.o" -o "src/main.o" "../src/main.c"
Finished building: ../src/main.c
 
Building target: 01_hellortos.elf
Invoking: MCU GCC Linker
arm-none-eabi-gcc -mcpu=cortex-m4 -mthumb -mfloat-abi=hard -mfpu=fpv4-sp-d16 -T"C:/Users/Somaye/Dropbox/Projects/C/ARM/IOT_Board/rtos_workspace/01_hellortos/LinkerScript.ld" -Wl,-Map=output.map -Wl,--gc-sections -o "01_hellortos.elf" @"objects.list"   -lm
Finished building target: 01_hellortos.elf
 
make --no-print-directory post-build
Generating binary and Printing size information:
arm-none-eabi-objcopy -O binary "01_hellortos.elf" "01_hellortos.bin"
arm-none-eabi-size "01_hellortos.elf"
   text	   data	    bss	    dec	    hex	filename
    944	   1088	   1088	   3120	    c30	01_hellortos.elf
 
